Component: ARM Compiler 5.06 update 5 (build 528) Tool: armlink [4d35e2]

==============================================================================

Section Cross References

    startup_stm32f103xb.o(RESET) refers to startup_stm32f103xb.o(STACK) for __initial_sp
    startup_stm32f103xb.o(RESET) refers to startup_stm32f103xb.o(.text) for Reset_Handler
    startup_stm32f103xb.o(RESET) refers to stm32f1xx_it.o(i.NMI_Handler) for NMI_Handler
    startup_stm32f103xb.o(RESET) refers to stm32f1xx_it.o(i.HardFault_Handler) for HardFault_Handler
    startup_stm32f103xb.o(RESET) refers to stm32f1xx_it.o(i.MemManage_Handler) for MemManage_Handler
    startup_stm32f103xb.o(RESET) refers to stm32f1xx_it.o(i.BusFault_Handler) for BusFault_Handler
    startup_stm32f103xb.o(RESET) refers to stm32f1xx_it.o(i.UsageFault_Handler) for UsageFault_Handler
    startup_stm32f103xb.o(RESET) refers to stm32f1xx_it.o(i.SVC_Handler) for SVC_Handler
    startup_stm32f103xb.o(RESET) refers to stm32f1xx_it.o(i.DebugMon_Handler) for DebugMon_Handler
    startup_stm32f103xb.o(RESET) refers to stm32f1xx_it.o(i.PendSV_Handler) for PendSV_Handler
    startup_stm32f103xb.o(RESET) refers to stm32f1xx_it.o(i.SysTick_Handler) for SysTick_Handler
    startup_stm32f103xb.o(RESET) refers to stm32f1xx_it.o(i.DMA1_Channel1_IRQHandler) for DMA1_Channel1_IRQHandler
    startup_stm32f103xb.o(RESET) refers to stm32f1xx_it.o(i.DMA1_Channel5_IRQHandler) for DMA1_Channel5_IRQHandler
    startup_stm32f103xb.o(RESET) refers to stm32f1xx_it.o(i.TIM1_UP_IRQHandler) for TIM1_UP_IRQHandler
    startup_stm32f103xb.o(RESET) refers to stm32f1xx_it.o(i.USART1_IRQHandler) for USART1_IRQHandler
    startup_stm32f103xb.o(.text) refers to system_stm32f1xx.o(i.SystemInit) for SystemInit
    startup_stm32f103xb.o(.text) refers to entry.o(.ARM.Collect$$$$00000000) for __main
    main.o(i.SystemClock_Config) refers to memseta.o(.text) for __aeabi_memclr4
    main.o(i.SystemClock_Config) refers to stm32f1xx_hal_rcc.o(i.HAL_RCC_OscConfig) for HAL_RCC_OscConfig
    main.o(i.SystemClock_Config) refers to main.o(i.Error_Handler) for Error_Handler
    main.o(i.SystemClock_Config) refers to stm32f1xx_hal_rcc.o(i.HAL_RCC_ClockConfig) for HAL_RCC_ClockConfig
    main.o(i.SystemClock_Config) refers to stm32f1xx_hal_rcc_ex.o(i.HAL_RCCEx_PeriphCLKConfig) for HAL_RCCEx_PeriphCLKConfig
    main.o(i.main) refers to stm32f1xx_hal.o(i.HAL_Init) for HAL_Init
    main.o(i.main) refers to main.o(i.SystemClock_Config) for SystemClock_Config
    main.o(i.main) refers to gpio.o(i.MX_GPIO_Init) for MX_GPIO_Init
    main.o(i.main) refers to dma.o(i.MX_DMA_Init) for MX_DMA_Init
    main.o(i.main) refers to usart.o(i.MX_USART1_UART_Init) for MX_USART1_UART_Init
    main.o(i.main) refers to tim.o(i.MX_TIM1_Init) for MX_TIM1_Init
    main.o(i.main) refers to spi.o(i.MX_SPI1_Init) for MX_SPI1_Init
    main.o(i.main) refers to i2c.o(i.MX_I2C1_Init) for MX_I2C1_Init
    main.o(i.main) refers to tim.o(i.MX_TIM2_Init) for MX_TIM2_Init
    main.o(i.main) refers to adc.o(i.MX_ADC1_Init) for MX_ADC1_Init
    main.o(i.main) refers to stm32f1xx_hal_tim.o(i.HAL_TIM_Base_Start_IT) for HAL_TIM_Base_Start_IT
    main.o(i.main) refers to stm32f1xx_hal_tim.o(i.HAL_TIM_Base_Start) for HAL_TIM_Base_Start
    main.o(i.main) refers to run.o(i.ALL_Init) for ALL_Init
    main.o(i.main) refers to printfa.o(i.__0printf) for __2printf
    main.o(i.main) refers to task.o(i.MY_Task_Begin) for MY_Task_Begin
    main.o(i.main) refers to task.o(i.While_Loop) for While_Loop
    main.o(i.main) refers to stm32f1xx_hal.o(i.HAL_Delay) for HAL_Delay
    main.o(i.main) refers to tim.o(.bss) for htim1
    gpio.o(i.MX_GPIO_Init) refers to stm32f1xx_hal_gpio.o(i.HAL_GPIO_WritePin) for HAL_GPIO_WritePin
    gpio.o(i.MX_GPIO_Init) refers to stm32f1xx_hal_gpio.o(i.HAL_GPIO_Init) for HAL_GPIO_Init
    adc.o(i.HAL_ADC_MspDeInit) refers to stm32f1xx_hal_gpio.o(i.HAL_GPIO_DeInit) for HAL_GPIO_DeInit
    adc.o(i.HAL_ADC_MspDeInit) refers to stm32f1xx_hal_dma.o(i.HAL_DMA_DeInit) for HAL_DMA_DeInit
    adc.o(i.HAL_ADC_MspInit) refers to stm32f1xx_hal_gpio.o(i.HAL_GPIO_Init) for HAL_GPIO_Init
    adc.o(i.HAL_ADC_MspInit) refers to stm32f1xx_hal_dma.o(i.HAL_DMA_Init) for HAL_DMA_Init
    adc.o(i.HAL_ADC_MspInit) refers to main.o(i.Error_Handler) for Error_Handler
    adc.o(i.HAL_ADC_MspInit) refers to adc.o(.bss) for hdma_adc1
    adc.o(i.MX_ADC1_Init) refers to stm32f1xx_hal_adc.o(i.HAL_ADC_Init) for HAL_ADC_Init
    adc.o(i.MX_ADC1_Init) refers to main.o(i.Error_Handler) for Error_Handler
    adc.o(i.MX_ADC1_Init) refers to stm32f1xx_hal_adc.o(i.HAL_ADC_ConfigChannel) for HAL_ADC_ConfigChannel
    adc.o(i.MX_ADC1_Init) refers to adc.o(.bss) for hadc1
    dma.o(i.MX_DMA_Init) refers to stm32f1xx_hal_cortex.o(i.HAL_NVIC_SetPriority) for HAL_NVIC_SetPriority
    dma.o(i.MX_DMA_Init) refers to stm32f1xx_hal_cortex.o(i.HAL_NVIC_EnableIRQ) for HAL_NVIC_EnableIRQ
[...]
    __ARM_use_no_argv                        0x00000000   Number         0  main.o ABSOLUTE
    _printf_a                                0x00000000   Number         0  stubs.o ABSOLUTE
    _printf_c                                0x00000000   Number         0  stubs.o ABSOLUTE
    _printf_charcount                        0x00000000   Number         0  stubs.o ABSOLUTE
    _printf_d                                0x00000000   Number         0  stubs.o ABSOLUTE
    _printf_e                                0x00000000   Number         0  stubs.o ABSOLUTE
    _printf_f                                0x00000000   Number         0  stubs.o ABSOLUTE
    _printf_flags                            0x00000000   Number         0  stubs.o ABSOLUTE
    _printf_fp_dec                           0x00000000   Number         0  stubs.o ABSOLUTE
    _printf_fp_hex                           0x00000000   Number         0  stubs.o ABSOLUTE
    _printf_g                                0x00000000   Number         0  stubs.o ABSOLUTE
    _printf_i                                0x00000000   Number         0  stubs.o ABSOLUTE
    _printf_int_dec                          0x00000000   Number         0  stubs.o ABSOLUTE
    _printf_l                                0x00000000   Number         0  stubs.o ABSOLUTE
    _printf_lc                               0x00000000   Number         0  stubs.o ABSOLUTE
    _printf_ll                               0x00000000   Number         0  stubs.o ABSOLUTE
    _printf_lld                              0x00000000   Number         0  stubs.o ABSOLUTE
    _printf_lli                              0x00000000   Number         0  stubs.o ABSOLUTE
    _printf_llo                              0x00000000   Number         0  stubs.o ABSOLUTE
    _printf_llu                              0x00000000   Number         0  stubs.o ABSOLUTE
    _printf_llx                              0x00000000   Number         0  stubs.o ABSOLUTE
    _printf_longlong_dec                     0x00000000   Number         0  stubs.o ABSOLUTE
    _printf_longlong_hex                     0x00000000   Number         0  stubs.o ABSOLUTE
    _printf_longlong_oct                     0x00000000   Number         0  stubs.o ABSOLUTE
    _printf_ls                               0x00000000   Number         0  stubs.o ABSOLUTE
    _printf_mbtowc                           0x00000000   Number         0  stubs.o ABSOLUTE
    _printf_n                                0x00000000   Number         0  stubs.o ABSOLUTE
    _printf_o                                0x00000000   Number         0  stubs.o ABSOLUTE
    _printf_p                                0x00000000   Number         0  stubs.o ABSOLUTE
    _printf_percent                          0x00000000   Number         0  stubs.o ABSOLUTE
    _printf_pre_padding                      0x00000000   Number         0  stubs.o ABSOLUTE
    _printf_return_value                     0x00000000   Number         0  stubs.o ABSOLUTE
    _printf_s                                0x00000000   Number         0  stubs.o ABSOLUTE
    _printf_sizespec                         0x00000000   Number         0  stubs.o ABSOLUTE
    _printf_str                              0x00000000   Number         0  stubs.o ABSOLUTE
    _printf_truncate_signed                  0x00000000   Number         0  stubs.o ABSOLUTE
    _printf_truncate_unsigned                0x00000000   Number         0  stubs.o ABSOLUTE
    _printf_u                                0x00000000   Number         0  stubs.o ABSOLUTE
    _printf_wc                               0x00000000   Number         0  stubs.o ABSOLUTE
    _printf_wctomb                           0x00000000   Number         0  stubs.o ABSOLUTE
    _printf_widthprec                        0x00000000   Number         0  stubs.o ABSOLUTE
    _printf_x                                0x00000000   Number         0  stubs.o ABSOLUTE
    __cpp_initialize__aeabi_                  - Undefined Weak Reference
    __cxa_finalize                            - Undefined Weak Reference
    __decompress                              - Undefined Weak Reference
    _clock_init                               - Undefined Weak Reference
    _microlib_exit                            - Undefined Weak Reference
    _scanf_longlong                           - Undefined Weak Reference
    _scanf_string                             - Undefined Weak Reference
    __Vectors_Size                           0x000000ec   Number         0  startup_stm32f103xb.o ABSOLUTE
    __Vectors                                0x08000000   Data           4  startup_stm32f103xb.o(RESET)
    __Vectors_End                            0x080000ec   Data           0  startup_stm32f103xb.o(RESET)
    __main                                   0x080000ed   Thumb Code     0  entry.o(.ARM.Collect$$$$00000000)
    _main_stk                                0x080000ed   Thumb Code     0  entry2.o(.ARM.Collect$$$$00000001)
    _main_scatterload                        0x080000f1   Thumb Code     0  entry5.o(.ARM.Collect$$$$00000004)
    __main_after_scatterload                 0x080000f5   Thumb Code     0  entry5.o(.ARM.Collect$$$$00000004)
    _main_clock                              0x080000f5   Thumb Code     0  entry7b.o(.ARM.Collect$$$$00000008)
    _main_cpp_init                           0x080000f5   Thumb Code     0  entry8b.o(.ARM.Collect$$$$0000000A)
    _main_init                               0x080000f5   Thumb Code     0  entry9a.o(.ARM.Collect$$$$0000000B)
    __rt_final_cpp                           0x080000fd   Thumb Code     0  entry10a.o(.ARM.Collect$$$$0000000D)
    __rt_final_exit                          0x080000fd   Thumb Code     0  entry11a.o(.ARM.Collect$$$$0000000F)
    Reset_Handler                            0x08000101   Thumb Code     8  startup_stm32f103xb.o(.text)
    ADC1_2_IRQHandler                        0x0800011b   Thumb Code     0  startup_stm32f103xb.o(.text)
    CAN1_RX1_IRQHandler                      0x0800011b   Thumb Code     0  startup_stm32f103xb.o(.text)
    CAN1_SCE_IRQHandler                      0x0800011b   Thumb Code     0  startup_stm32f103xb.o(.text)
    DMA1_Channel2_IRQHandler                 0x0800011b   Thumb Code     0  startup_stm32f103xb.o(.text)
    DMA1_Channel3_IRQHandler                 0x0800011b   Thumb Code     0  startup_stm32f103xb.o(.text)
    DMA1_Channel4_IRQHandler                 0x0800011b   Thumb Code     0  startup_stm32f103xb.o(.text)
    DMA1_Channel6_IRQHandler                 0x0800011b   Thumb Code     0  startup_stm32f103xb.o(.text)
    DMA1_Channel7_IRQHandler                 0x0800011b   Thumb Code     0  startup_stm32f103xb.o(.text)
    EXTI0_IRQHandler                         0x0800011b   Thumb Code     0  startup_stm32f103xb.o(.text)
    EXTI15_10_IRQHandler                     0x0800011b   Thumb Code     0  startup_stm32f103xb.o(.text)
    EXTI1_IRQHandler                         0x0800011b   Thumb Code     0  startup_stm32f103xb.o(.text)
    EXTI2_IRQHandler                         0x0800011b   Thumb Code     0  startup_stm32f103xb.o(.text)
    EXTI3_IRQHandler                         0x0800011b   Thumb Code     0  startup_stm32f103xb.o(.text)
    EXTI4_IRQHandler                         0x0800011b   Thumb Code     0  startup_stm32f103xb.o(.text)
    EXTI9_5_IRQHandler                       0x0800011b   Thumb Code     0  startup_stm32f103xb.o(.text)
    FLASH_IRQHandler                         0x0800011b   Thumb Code     0  startup_stm32f103xb.o(.text)
    I2C1_ER_IRQHandler                       0x0800011b   Thumb Code     0  startup_stm32f103xb.o(.text)
    I2C1_EV_IRQHandler                       0x0800011b   Thumb Code     0  startup_stm32f103xb.o(.text)
    I2C2_ER_IRQHandler                       0x0800011b   Thumb Code     0  startup_stm32f103xb.o(.text)
    I2C2_EV_IRQHandler                       0x0800011b   Thumb Code     0  startup_stm32f103xb.o(.text)
    PVD_IRQHandler                           0x0800011b   Thumb Code     0  startup_stm32f103xb.o(.text)
    RCC_IRQHandler                           0x0800011b   Thumb Code     0  startup_stm32f103xb.o(.text)
    RTC_Alarm_IRQHandler                     0x0800011b   Thumb Code     0  startup_stm32f103xb.o(.text)
    RTC_IRQHandler                           0x0800011b   Thumb Code     0  startup_stm32f103xb.o(.text)
    SPI1_IRQHandler                          0x0800011b   Thumb Code     0  startup_stm32f103xb.o(.text)
    SPI2_IRQHandler                          0x0800011b   Thumb Code     0  startup_stm32f103xb.o(.text)
    TAMPER_IRQHandler                        0x0800011b   Thumb Code     0  startup_stm32f103xb.o(.text)
    TIM1_BRK_IRQHandler                      0x0800011b   Thumb Code     0  startup_stm32f103xb.o(.text)
    TIM1_CC_IRQHandler                       0x0800011b   Thumb Code     0  startup_stm32f103xb.o(.text)
    TIM1_TRG_COM_IRQHandler                  0x0800011b   Thumb Code     0  startup_stm32f103xb.o(.text)
    TIM2_IRQHandler                          0x0800011b   Thumb Code     0  startup_stm32f103xb.o(.text)
    TIM3_IRQHandler                          0x0800011b   Thumb Code     0  startup_stm32f103xb.o(.text)
    TIM4_IRQHandler                          0x0800011b   Thumb Code     0  startup_stm32f103xb.o(.text)
    USART2_IRQHandler                        0x0800011b   Thumb Code     0  startup_stm32f103xb.o(.text)
    USART3_IRQHandler                        0x0800011b   Thumb Code     0  startup_stm32f103xb.o(.text)
    USBWakeUp_IRQHandler                     0x0800011b   Thumb Code     0  startup_stm32f103xb.o(.text)
    USB_HP_CAN1_TX_IRQHandler                0x0800011b   Thumb Code     0  startup_stm32f103xb.o(.text)
    USB_LP_CAN1_RX0_IRQHandler               0x0800011b   Thumb Code     0  startup_stm32f103xb.o(.text)
    WWDG_IRQHandler                          0x0800011b   Thumb Code     0  startup_stm32f103xb.o(.text)
    __aeabi_llsr                             0x08000125   Thumb Code    32  llushr.o(.text)
    _ll_ushift_r                             0x08000125   Thumb Code     0  llushr.o(.text)
    __aeabi_memcpy                           0x08000145   Thumb Code    36  memcpya.o(.text)
    __aeabi_memcpy4                          0x08000145   Thumb Code     0  memcpya.o(.text)
    __aeabi_memcpy8                          0x08000145   Thumb Code     0  memcpya.o(.text)
    __aeabi_memset                           0x08000169   Thumb Code    14  memseta.o(.text)
    __aeabi_memset4                          0x08000169   Thumb Code     0  memseta.o(.text)
    __aeabi_memset8                          0x08000169   Thumb Code     0  memseta.o(.text)
    __aeabi_memclr                           0x08000177   Thumb Code     4  memseta.o(.text)
    __aeabi_memclr4                          0x08000177   Thumb Code     0  memseta.o(.text)
    __aeabi_memclr8                          0x08000177   Thumb Code     0  memseta.o(.text)
    _memset$wrapper                          0x0800017b   Thumb Code    18  memseta.o(.text)
    __0sscanf                                0x0800018d   Thumb Code    48  __0sscanf.o(.text)
    _scanf_int                               0x080001c5   Thumb Code   332  _scanf_int.o(.text)
    _scanf_real                              0x08000439   Thumb Code     0  scanf_fp.o(.text)
    _scanf_really_real                       0x08000439   Thumb Code   556  scanf_fp.o(.text)
    __aeabi_fdiv                             0x08000671   Thumb Code   124  fdiv.o(.text)
    __aeabi_dadd                             0x080006ed   Thumb Code   322  dadd.o(.text)
    __aeabi_dsub                             0x0800082f   Thumb Code     6  dadd.o(.text)
    __aeabi_drsub                            0x08000835   Thumb Code     6  dadd.o(.text)
    __aeabi_dmul                             0x0800083b   Thumb Code   228  dmul.o(.text)
    __aeabi_ddiv                             0x0800091f   Thumb Code   222  ddiv.o(.text)
    __aeabi_i2f                              0x080009fd   Thumb Code    18  fflti.o(.text)
    __aeabi_ui2f                             0x08000a0f   Thumb Code    10  ffltui.o(.text)
    __aeabi_i2d                              0x08000a19   Thumb Code    34  dflti.o(.text)
    __aeabi_d2uiz                            0x08000a3b   Thumb Code    50  dfixui.o(.text)
    __aeabi_f2d                              0x08000a6d   Thumb Code    38  f2d.o(.text)
    __aeabi_uidiv                            0x08000a93   Thumb Code     0  uidiv.o(.text)
    __aeabi_uidivmod                         0x08000a93   Thumb Code    44  uidiv.o(.text)
    __aeabi_uldivmod                         0x08000abf   Thumb Code    98  uldiv.o(.text)
    __aeabi_llsl                             0x08000b21   Thumb Code    30  llshl.o(.text)
    _ll_shift_l                              0x08000b21   Thumb Code     0  llshl.o(.text)
    __aeabi_lasr                             0x08000b3f   Thumb Code    36  llsshr.o(.text)
    _ll_sshift_r                             0x08000b3f   Thumb Code     0  llsshr.o(.text)
    _chval                                   0x08000b63   Thumb Code    28  _chval.o(.text)
    __vfscanf_char                           0x08000b8d   Thumb Code    20  scanf_char.o(.text)
    _sgetc                                   0x08000ba9   Thumb Code    30  _sgetc.o(.text)
    _sbackspace                              0x08000bc7   Thumb Code    34  _sgetc.o(.text)
    __I$use$fp                               0x08000be9   Thumb Code     0  iusefp.o(.text)
    _float_round                             0x08000be9   Thumb Code    18  fepilogue.o(.text)
    _float_epilogue                          0x08000bfb   Thumb Code    92  fepilogue.o(.text)
    _double_round                            0x08000c57   Thumb Code    30  depilogue.o(.text)
    _double_epilogue                         0x08000c75   Thumb Code   156  depilogue.o(.text)
    __aeabi_ul2d                             0x08000d11   Thumb Code    24  dfltul.o(.text)
    __aeabi_d2ulz                            0x08000d29   Thumb Code    48  dfixul.o(.text)
    __aeabi_cdrcmple                         0x08000d59   Thumb Code    48  cdrcmple.o(.text)
    __aeabi_d2f                              0x08000d89   Thumb Code    56  d2f.o(.text)
    __scatterload                            0x08000dc1   Thumb Code    28  init.o(.text)
    __scatterload_rt2                        0x08000dc1   Thumb Code     0  init.o(.text)
    isspace                                  0x08000de5   Thumb Code    10  isspace_c.o(.text)
    __vfscanf                                0x08000df1   Thumb Code   808  _scanf.o(.text)
    __ctype_lookup                           0x0800111d   Thumb Code    34  ctype_c.o(.text)
    ADC_ConversionStop_Disable               0x08001145   Thumb Code    92  stm32f1xx_hal_adc.o(i.ADC_ConversionStop_Disable)
    ADC_DMAConvCplt                          0x080011a1   Thumb Code    82  stm32f1xx_hal_adc.o(i.ADC_DMAConvCplt)
    ADC_DMAError                             0x080011f3   Thumb Code    30  stm32f1xx_hal_adc.o(i.ADC_DMAError)
    ADC_DMAHalfConvCplt                      0x08001211   Thumb Code    14  stm32f1xx_hal_adc.o(i.ADC_DMAHalfConvCplt)
    ADC_Enable                               0x08001221   Thumb Code   134  stm32f1xx_hal_adc.o(i.ADC_Enable)
    ALL_Init                                 0x080012b1   Thumb Code   120  run.o(i.ALL_Init)
    Add_Task                                 0x08001351   Thumb Code   112  tack_dispatch.o(i.Add_Task)
    Beep_Task                                0x080013c5   Thumb Code    76  run.o(i.Beep_Task)
    Body_PID_Change_Usart                    0x08001425   Thumb Code   132  run.o(i.Body_PID_Change_Usart)
    BusFault_Handler                         0x080014d9   Thumb Code     4  stm32f1xx_it.o(i.BusFault_Handler)
    DMA1_Channel1_IRQHandler                 0x080014dd   Thumb Code    10  stm32f1xx_it.o(i.DMA1_Channel1_IRQHandler)
    DMA1_Channel5_IRQHandler                 0x080014ed   Thumb Code    10  stm32f1xx_it.o(i.DMA1_Channel5_IRQHandler)
    Data_Receive_Form_Body                   0x08001529   Thumb Code    52  send_receive_data.o(i.Data_Receive_Form_Body)
    Data_Send_To_Body                        0x08001569   Thumb Code    16  send_receive_data.o(i.Data_Send_To_Body)
    DebugMon_Handler                         0x0800157d   Thumb Code     2  stm32f1xx_it.o(i.DebugMon_Handler)
    Error_Handler                            0x0800157f   Thumb Code     6  main.o(i.Error_Handler)
    Get_Key_State                            0x08001585   Thumb Code   124  key.o(i.Get_Key_State)
    Get_Key_Val                              0x08001609   Thumb Code    44  key.o(i.Get_Key_Val)
    Get_Rocker_FlyCH_with_death              0x08001639   Thumb Code   200  rocker.o(i.Get_Rocker_FlyCH_with_death)
    Get_Rocker_Key_Val                       0x08001705   Thumb Code    66  rocker.o(i.Get_Rocker_Key_Val)
    HAL_ADCEx_Calibration_Start              0x0800174d   Thumb Code   278  stm32f1xx_hal_adc_ex.o(i.HAL_ADCEx_Calibration_Start)
    HAL_ADC_ConfigChannel                    0x08001869   Thumb Code   338  stm32f1xx_hal_adc.o(i.HAL_ADC_ConfigChannel)
    HAL_ADC_ConvCpltCallback                 0x080019c9   Thumb Code     2  stm32f1xx_hal_adc.o(i.HAL_ADC_ConvCpltCallback)
    HAL_ADC_ConvHalfCpltCallback             0x080019cb   Thumb Code     2  stm32f1xx_hal_adc.o(i.HAL_ADC_ConvHalfCpltCallback)
    HAL_ADC_ErrorCallback                    0x080019cd   Thumb Code     2  stm32f1xx_hal_adc.o(i.HAL_ADC_ErrorCallback)
    HAL_ADC_Init                             0x080019d1   Thumb Code   314  stm32f1xx_hal_adc.o(i.HAL_ADC_Init)
    HAL_ADC_MspInit                          0x08001b15   Thumb Code   154  adc.o(i.HAL_ADC_MspInit)
    HAL_ADC_Start_DMA                        0x08001bc5   Thumb Code   362  stm32f1xx_hal_adc.o(i.HAL_ADC_Start_DMA)
    HAL_DMA_Abort                            0x08001d45   Thumb Code    86  stm32f1xx_hal_dma.o(i.HAL_DMA_Abort)
    HAL_DMA_Abort_IT                         0x08001d9d   Thumb Code   172  stm32f1xx_hal_dma.o(i.HAL_DMA_Abort_IT)
    HAL_DMA_IRQHandler                       0x08001e4d   Thumb Code   408  stm32f1xx_hal_dma.o(i.HAL_DMA_IRQHandler)
    HAL_DMA_Init                             0x08001fe9   Thumb Code   100  stm32f1xx_hal_dma.o(i.HAL_DMA_Init)
    HAL_DMA_Start_IT                         0x08002051   Thumb Code   156  stm32f1xx_hal_dma.o(i.HAL_DMA_Start_IT)
    HAL_Delay                                0x080020ed   Thumb Code    36  stm32f1xx_hal.o(i.HAL_Delay)
    HAL_GPIO_Init                            0x08002115   Thumb Code   766  stm32f1xx_hal_gpio.o(i.HAL_GPIO_Init)
    HAL_GPIO_ReadPin                         0x08002435   Thumb Code    16  stm32f1xx_hal_gpio.o(i.HAL_GPIO_ReadPin)
    HAL_GPIO_TogglePin                       0x08002445   Thumb Code    20  stm32f1xx_hal_gpio.o(i.HAL_GPIO_TogglePin)
    HAL_GPIO_WritePin                        0x08002459   Thumb Code    12  stm32f1xx_hal_gpio.o(i.HAL_GPIO_WritePin)
    HAL_GetTick                              0x08002465   Thumb Code     6  stm32f1xx_hal.o(i.HAL_GetTick)
    HAL_I2C_Init                             0x08002471   Thumb Code   446  stm32f1xx_hal_i2c.o(i.HAL_I2C_Init)
    HAL_I2C_Master_Transmit                  0x08002641   Thumb Code   360  stm32f1xx_hal_i2c.o(i.HAL_I2C_Master_Transmit)
    HAL_I2C_MspInit                          0x080027b1   Thumb Code   128  i2c.o(i.HAL_I2C_MspInit)
    HAL_IncTick                              0x08002841   Thumb Code    16  stm32f1xx_hal.o(i.HAL_IncTick)
    HAL_Init                                 0x08002859   Thumb Code    34  stm32f1xx_hal.o(i.HAL_Init)
    HAL_InitTick                             0x08002881   Thumb Code    64  stm32f1xx_hal.o(i.HAL_InitTick)
    HAL_MspInit                              0x080028cd   Thumb Code    76  stm32f1xx_hal_msp.o(i.HAL_MspInit)
    HAL_NVIC_EnableIRQ                       0x08002921   Thumb Code    32  stm32f1xx_hal_cortex.o(i.HAL_NVIC_EnableIRQ)
    HAL_NVIC_SetPriority                     0x08002941   Thumb Code   124  stm32f1xx_hal_cortex.o(i.HAL_NVIC_SetPriority)
    HAL_NVIC_SetPriorityGrouping             0x080029bd   Thumb Code    32  stm32f1xx_hal_cortex.o(i.HAL_NVIC_SetPriorityGrouping)
    HAL_RCCEx_GetPeriphCLKFreq               0x080029e5   Thumb Code   232  stm32f1xx_hal_rcc_ex.o(i.HAL_RCCEx_GetPeriphCLKFreq)
    HAL_RCCEx_PeriphCLKConfig                0x08002ae1   Thumb Code   290  stm32f1xx_hal_rcc_ex.o(i.HAL_RCCEx_PeriphCLKConfig)
    HAL_RCC_ClockConfig                      0x08002c11   Thumb Code   376  stm32f1xx_hal_rcc.o(i.HAL_RCC_ClockConfig)
    HAL_RCC_GetHCLKFreq                      0x08002d9d   Thumb Code     6  stm32f1xx_hal_rcc.o(i.HAL_RCC_GetHCLKFreq)
    HAL_RCC_GetPCLK1Freq                     0x08002da9   Thumb Code    22  stm32f1xx_hal_rcc.o(i.HAL_RCC_GetPCLK1Freq)
    HAL_RCC_GetPCLK2Freq                     0x08002dc9   Thumb Code    22  stm32f1xx_hal_rcc.o(i.HAL_RCC_GetPCLK2Freq)
    HAL_RCC_GetSysClockFreq                  0x08002de9   Thumb Code    92  stm32f1xx_hal_rcc.o(i.HAL_RCC_GetSysClockFreq)
    HAL_RCC_OscConfig                        0x08002e59   Thumb Code  1114  stm32f1xx_hal_rcc.o(i.HAL_RCC_OscConfig)
    HAL_SPI_Init                             0x080032bd   Thumb Code   190  stm32f1xx_hal_spi.o(i.HAL_SPI_Init)
    HAL_SPI_MspInit                          0x0800337d   Thumb Code   120  spi.o(i.HAL_SPI_MspInit)
    HAL_SPI_TransmitReceive                  0x08003401   Thumb Code   584  stm32f1xx_hal_spi.o(i.HAL_SPI_TransmitReceive)
    HAL_SYSTICK_Config                       0x08003649   Thumb Code    52  stm32f1xx_hal_cortex.o(i.HAL_SYSTICK_Config)
    HAL_TIMEx_BreakCallback                  0x0800367d   Thumb Code     2  stm32f1xx_hal_tim_ex.o(i.HAL_TIMEx_BreakCallback)
    HAL_TIMEx_CommutCallback                 0x0800367f   Thumb Code     2  stm32f1xx_hal_tim_ex.o(i.HAL_TIMEx_CommutCallback)
    HAL_TIMEx_MasterConfigSynchronization    0x08003681   Thumb Code   118  stm32f1xx_hal_tim_ex.o(i.HAL_TIMEx_MasterConfigSynchronization)
    HAL_TIM_Base_Init                        0x08003705   Thumb Code   102  stm32f1xx_hal_tim.o(i.HAL_TIM_Base_Init)
    HAL_TIM_Base_MspInit                     0x0800376d   Thumb Code    96  tim.o(i.HAL_TIM_Base_MspInit)
    HAL_TIM_Base_Start                       0x080037d5   Thumb Code    94  stm32f1xx_hal_tim.o(i.HAL_TIM_Base_Start)
    HAL_TIM_Base_Start_IT                    0x08003841   Thumb Code   106  stm32f1xx_hal_tim.o(i.HAL_TIM_Base_Start_IT)
    HAL_TIM_ConfigClockSource                0x080038b9   Thumb Code   268  stm32f1xx_hal_tim.o(i.HAL_TIM_ConfigClockSource)
    HAL_TIM_IC_CaptureCallback               0x080039c5   Thumb Code     2  stm32f1xx_hal_tim.o(i.HAL_TIM_IC_CaptureCallback)
    HAL_TIM_IRQHandler                       0x080039c7   Thumb Code   364  stm32f1xx_hal_tim.o(i.HAL_TIM_IRQHandler)
    HAL_TIM_OC_DelayElapsedCallback          0x08003b33   Thumb Code     2  stm32f1xx_hal_tim.o(i.HAL_TIM_OC_DelayElapsedCallback)
    HAL_TIM_PWM_PulseFinishedCallback        0x08003b35   Thumb Code     2  stm32f1xx_hal_tim.o(i.HAL_TIM_PWM_PulseFinishedCallback)
    HAL_TIM_PeriodElapsedCallback            0x08003b39   Thumb Code    22  tack_dispatch.o(i.HAL_TIM_PeriodElapsedCallback)
    HAL_TIM_TriggerCallback                  0x08003b55   Thumb Code     2  stm32f1xx_hal_tim.o(i.HAL_TIM_TriggerCallback)
    HAL_UARTEx_RxEventCallback               0x08003b57   Thumb Code     2  stm32f1xx_hal_uart.o(i.HAL_UARTEx_RxEventCallback)
    HAL_UART_DMAStop                         0x08003b59   Thumb Code   138  stm32f1xx_hal_uart.o(i.HAL_UART_DMAStop)
    HAL_UART_ErrorCallback                   0x08003be3   Thumb Code     2  stm32f1xx_hal_uart.o(i.HAL_UART_ErrorCallback)
    HAL_UART_IRQHandler                      0x08003be5   Thumb Code   736  stm32f1xx_hal_uart.o(i.HAL_UART_IRQHandler)
    HAL_UART_Init                            0x08003ec9   Thumb Code   118  stm32f1xx_hal_uart.o(i.HAL_UART_Init)
    HAL_UART_MspInit                         0x08003f41   Thumb Code   192  usart.o(i.HAL_UART_MspInit)
    HAL_UART_Receive_DMA                     0x08004015   Thumb Code    44  stm32f1xx_hal_uart.o(i.HAL_UART_Receive_DMA)
    HAL_UART_RxCpltCallback                  0x08004041   Thumb Code     2  stm32f1xx_hal_uart.o(i.HAL_UART_RxCpltCallback)
    HAL_UART_RxHalfCpltCallback              0x08004043   Thumb Code     2  stm32f1xx_hal_uart.o(i.HAL_UART_RxHalfCpltCallback)
    HAL_UART_TxCpltCallback                  0x08004045   Thumb Code     2  stm32f1xx_hal_uart.o(i.HAL_UART_TxCpltCallback)
    HardFault_Handler                        0x08004047   Thumb Code     4  stm32f1xx_it.o(i.HardFault_Handler)
    Insert_Task                              0x080043cd   Thumb Code   284  tack_dispatch.o(i.Insert_Task)
    Key_Scan                                 0x080044ed   Thumb Code   138  key.o(i.Key_Scan)
    Key_Task                                 0x08004581   Thumb Code   118  run.o(i.Key_Task)
    MX_ADC1_Init                             0x08004605   Thumb Code   152  adc.o(i.MX_ADC1_Init)
    MX_DMA_Init                              0x080046a5   Thumb Code    64  dma.o(i.MX_DMA_Init)
    MX_GPIO_Init                             0x080046e9   Thumb Code   236  gpio.o(i.MX_GPIO_Init)
    MX_I2C1_Init                             0x080047e1   Thumb Code    48  i2c.o(i.MX_I2C1_Init)
    MX_SPI1_Init                             0x0800481d   Thumb Code    60  spi.o(i.MX_SPI1_Init)
    MX_TIM1_Init                             0x08004861   Thumb Code   102  tim.o(i.MX_TIM1_Init)
    MX_TIM2_Init                             0x080048d1   Thumb Code   102  tim.o(i.MX_TIM2_Init)
    MX_USART1_UART_Init                      0x0800493d   Thumb Code    46  usart.o(i.MX_USART1_UART_Init)
    MY_NRF_Check_RX                          0x08004975   Thumb Code    92  nrf24l01.o(i.MY_NRF_Check_RX)
    MY_NRF_TxPacket                          0x080049d1   Thumb Code    28  nrf24l01.o(i.MY_NRF_TxPacket)
    MY_Task_Begin                            0x080049f1   Thumb Code   230  task.o(i.MY_Task_Begin)
    MemManage_Handler                        0x08004aed   Thumb Code     4  stm32f1xx_it.o(i.MemManage_Handler)
    NMI_Handler                              0x08004af1   Thumb Code     4  stm32f1xx_it.o(i.NMI_Handler)
    NRF24L01_Check                           0x08004af5   Thumb Code    66  nrf24l01.o(i.NRF24L01_Check)
    NRF24L01_Init                            0x08004b41   Thumb Code    74  nrf24l01.o(i.NRF24L01_Init)
    NRF24L01_Read_Buf                        0x08004bcd   Thumb Code    68  nrf24l01.o(i.NRF24L01_Read_Buf)
    NRF24L01_Read_Reg                        0x08004c19   Thumb Code    46  nrf24l01.o(i.NRF24L01_Read_Reg)
    NRF24L01_Write_Buf                       0x08004c51   Thumb Code    68  nrf24l01.o(i.NRF24L01_Write_Buf)
    NRF24L01_Write_Reg                       0x08004c9d   Thumb Code    48  nrf24l01.o(i.NRF24L01_Write_Reg)
    NRF_Mode_Set                             0x08004cd5   Thumb Code   304  nrf24l01.o(i.NRF_Mode_Set)
    NRF_Rx_Data_JX                           0x08004e15   Thumb Code   244  send_receive_data.o(i.NRF_Rx_Data_JX)
    NRF_Tx_Set_Buff                          0x08004f35   Thumb Code    40  send_receive_data.o(i.NRF_Tx_Set_Buff)
    Oled_Show                                0x08004f6d   Thumb Code   798  run.o(i.Oled_Show)
    PendSV_Handler                           0x08005349   Thumb Code     2  stm32f1xx_it.o(i.PendSV_Handler)
    Rocker_Init                              0x08005375   Thumb Code    26  rocker.o(i.Rocker_Init)
    Rocker_Key_Scan                          0x08005399   Thumb Code   216  rocker.o(i.Rocker_Key_Scan)
    Rocker_Task                              0x08005479   Thumb Code   228  run.o(i.Rocker_Task)
    Run_Task_1                               0x08005575   Thumb Code     8  task.o(i.Run_Task_1)
    Run_Task_2                               0x0800557d   Thumb Code     8  task.o(i.Run_Task_2)
    Run_Task_3                               0x08005585   Thumb Code    12  task.o(i.Run_Task_3)
    Run_Task_4                               0x08005591   Thumb Code     8  task.o(i.Run_Task_4)
    Run_Task_5                               0x08005599   Thumb Code     2  task.o(i.Run_Task_5)
    SPIx_ReadWriteByte                       0x080056b9   Thumb Code    36  nrf24l01.o(i.SPIx_ReadWriteByte)
    SVC_Handler                              0x080056dd   Thumb Code     2  stm32f1xx_it.o(i.SVC_Handler)
    SysTick_Handler                          0x080056df   Thumb Code     8  stm32f1xx_it.o(i.SysTick_Handler)
    SystemClock_Config                       0x080056e7   Thumb Code   132  main.o(i.SystemClock_Config)
    SystemInit                               0x0800576b   Thumb Code     2  system_stm32f1xx.o(i.SystemInit)
    TASK_Run                                 0x0800576d   Thumb Code    10  tack_dispatch.o(i.TASK_Run)
    TIM1_UP_IRQHandler                       0x0800577d   Thumb Code    10  stm32f1xx_it.o(i.TIM1_UP_IRQHandler)
    TIM_Base_SetConfig                       0x0800578d   Thumb Code   120  stm32f1xx_hal_tim.o(i.TIM_Base_SetConfig)
    TIM_ETR_SetConfig                        0x08005811   Thumb Code    22  stm32f1xx_hal_tim.o(i.TIM_ETR_SetConfig)
    Task_Cnt_Check                           0x08005889   Thumb Code   162  tack_dispatch.o(i.Task_Cnt_Check)
    Task_Cnt_Inc                             0x08005931   Thumb Code    46  tack_dispatch.o(i.Task_Cnt_Inc)
    Tims_delay_us                            0x08005965   Thumb Code    84  tim.o(i.Tims_delay_us)
    Tsak_Init                                0x080059bd   Thumb Code    72  tack_dispatch.o(i.Tsak_Init)
    UART_DMA_Rdata                           0x08005b45   Thumb Code   104  usart.o(i.UART_DMA_Rdata)
    UART_Start_Receive_DMA                   0x08005e6d   Thumb Code   186  stm32f1xx_hal_uart.o(i.UART_Start_Receive_DMA)
    USART1_IRQHandler                        0x08005f95   Thumb Code    16  stm32f1xx_it.o(i.USART1_IRQHandler)
    UsageFault_Handler                       0x08005fa9   Thumb Code     4  stm32f1xx_it.o(i.UsageFault_Handler)
    While_Loop                               0x08005fad   Thumb Code     8  task.o(i.While_Loop)
    __0printf                                0x08005fb5   Thumb Code    22  printfa.o(i.__0printf)
    __1printf                                0x08005fb5   Thumb Code     0  printfa.o(i.__0printf)
    __2printf                                0x08005fb5   Thumb Code     0  printfa.o(i.__0printf)
    __c89printf                              0x08005fb5   Thumb Code     0  printfa.o(i.__0printf)
    printf                                   0x08005fb5   Thumb Code     0  printfa.o(i.__0printf)
    __0sprintf                               0x08005fd5   Thumb Code    34  printfa.o(i.__0sprintf)
    __1sprintf                               0x08005fd5   Thumb Code     0  printfa.o(i.__0sprintf)
    __2sprintf                               0x08005fd5   Thumb Code     0  printfa.o(i.__0sprintf)
    __c89sprintf                             0x08005fd5   Thumb Code     0  printfa.o(i.__0sprintf)
    sprintf                                  0x08005fd5   Thumb Code     0  printfa.o(i.__0sprintf)
    __scatterload_copy                       0x08006035   Thumb Code    14  handlers.o(i.__scatterload_copy)
    __scatterload_null                       0x08006043   Thumb Code     2  handlers.o(i.__scatterload_null)
    __scatterload_zeroinit                   0x08006045   Thumb Code    14  handlers.o(i.__scatterload_zeroinit)
    _is_digit                                0x080061d9   Thumb Code    14  scanf_fp.o(i._is_digit)
    fputc                                    0x08006921   Thumb Code    22  usart.o(i.fputc)
    main                                     0x0800693d   Thumb Code    94  main.o(i.main)
    u8g2Init                                 0x080069c9   Thumb Code    38  stm32_u8g2.o(i.u8g2Init)
    u8g2_ClearBuffer                         0x080069fd   Thumb Code    26  u8g2_buffer.o(i.u8g2_ClearBuffer)
    u8g2_DrawBox                             0x08006a17   Thumb Code    74  u8g2_box.o(i.u8g2_DrawBox)
    u8g2_DrawGlyph                           0x08006a61   Thumb Code    98  u8g2_font.o(i.u8g2_DrawGlyph)
    u8g2_DrawHVLine                          0x08006ac3   Thumb Code   220  u8g2_hvline.o(i.u8g2_DrawHVLine)
    u8g2_DrawStr                             0x08006ba1   Thumb Code    32  u8g2_font.o(i.u8g2_DrawStr)
    u8g2_IsIntersection                      0x08006bc5   Thumb Code    58  u8g2_intersection.o(i.u8g2_IsIntersection)
    u8g2_SendBuffer                          0x08006bff   Thumb Code    18  u8g2_buffer.o(i.u8g2_SendBuffer)
    u8g2_SetFont                             0x08006c11   Thumb Code    32  u8g2_font.o(i.u8g2_SetFont)
    u8g2_SetFontPosBaseline                  0x08006c31   Thumb Code     6  u8g2_font.o(i.u8g2_SetFontPosBaseline)
    u8g2_SetMaxClipWindow                    0x08006c3d   Thumb Code    32  u8g2_setup.o(i.u8g2_SetMaxClipWindow)
    u8g2_SetupBuffer                         0x08006c5d   Thumb Code    90  u8g2_setup.o(i.u8g2_SetupBuffer)
    u8g2_Setup_ssd1306_i2c_128x64_noname_f   0x08006cb9   Thumb Code    54  u8g2_d_setup.o(i.u8g2_Setup_ssd1306_i2c_128x64_noname_f)
    u8g2_UpdateRefHeight                     0x08006cfd   Thumb Code   136  u8g2_font.o(i.u8g2_UpdateRefHeight)
    u8g2_add_vector_x                        0x08006d85   Thumb Code    42  u8g2_font.o(i.u8g2_add_vector_x)
    u8g2_add_vector_y                        0x08006daf   Thumb Code    42  u8g2_font.o(i.u8g2_add_vector_y)
    u8g2_draw_hv_line_2dir                   0x08006e9f   Thumb Code    44  u8g2_hvline.o(i.u8g2_draw_hv_line_2dir)
    u8g2_draw_l90_mirrorr_r0                 0x08006ecb   Thumb Code    60  u8g2_setup.o(i.u8g2_draw_l90_mirrorr_r0)
    u8g2_draw_l90_r0                         0x08006f07   Thumb Code    36  u8g2_setup.o(i.u8g2_draw_l90_r0)
    u8g2_draw_l90_r1                         0x08006f2b   Thumb Code    68  u8g2_setup.o(i.u8g2_draw_l90_r1)
    u8g2_draw_l90_r2                         0x08006f6f   Thumb Code    86  u8g2_setup.o(i.u8g2_draw_l90_r2)
    u8g2_draw_l90_r3                         0x08006fc5   Thumb Code    80  u8g2_setup.o(i.u8g2_draw_l90_r3)
    u8g2_draw_mirror_vertical_r0             0x08007015   Thumb Code    60  u8g2_setup.o(i.u8g2_draw_mirror_vertical_r0)
    u8g2_font_calc_vref_font                 0x080070e1   Thumb Code     6  u8g2_font.o(i.u8g2_font_calc_vref_font)
    u8g2_font_decode_get_signed_bits         0x080070e7   Thumb Code    36  u8g2_font.o(i.u8g2_font_decode_get_signed_bits)
    u8g2_font_decode_get_unsigned_bits       0x0800710b   Thumb Code    66  u8g2_font.o(i.u8g2_font_decode_get_unsigned_bits)
    u8g2_font_decode_glyph                   0x0800714d   Thumb Code   386  u8g2_font.o(i.u8g2_font_decode_glyph)
    u8g2_font_decode_len                     0x080072cf   Thumb Code   176  u8g2_font.o(i.u8g2_font_decode_len)
    u8g2_font_get_glyph_data                 0x080073c1   Thumb Code   146  u8g2_font.o(i.u8g2_font_get_glyph_data)
    u8g2_is_intersection_decision_tree       0x080074ab   Thumb Code    48  u8g2_intersection.o(i.u8g2_is_intersection_decision_tree)
    u8g2_ll_hvline_vertical_top_lsb          0x080074db   Thumb Code   238  u8g2_ll_hvline.o(i.u8g2_ll_hvline_vertical_top_lsb)
    u8g2_m_16_8_f                            0x080075c9   Thumb Code    10  u8g2_d_memory.o(i.u8g2_m_16_8_f)
    u8g2_read_font_info                      0x080075d9   Thumb Code   224  u8g2_font.o(i.u8g2_read_font_info)
    u8g2_update_dimension_r0                 0x08007785   Thumb Code    12  u8g2_setup.o(i.u8g2_update_dimension_r0)
    u8g2_update_dimension_r1                 0x08007791   Thumb Code    28  u8g2_setup.o(i.u8g2_update_dimension_r1)
    u8g2_update_dimension_r2                 0x080077ad   Thumb Code    12  u8g2_setup.o(i.u8g2_update_dimension_r2)
    u8g2_update_dimension_r3                 0x080077b9   Thumb Code    28  u8g2_setup.o(i.u8g2_update_dimension_r3)
    u8g2_update_page_win_r0                  0x080077d5   Thumb Code    32  u8g2_setup.o(i.u8g2_update_page_win_r0)
    u8g2_update_page_win_r1                  0x080077f5   Thumb Code    32  u8g2_setup.o(i.u8g2_update_page_win_r1)
    u8g2_update_page_win_r2                  0x08007815   Thumb Code    60  u8g2_setup.o(i.u8g2_update_page_win_r2)
    u8g2_update_page_win_r3                  0x08007851   Thumb Code    60  u8g2_setup.o(i.u8g2_update_page_win_r3)
    u8x8_DrawTile                            0x0800788d   Thumb Code    50  u8x8_display.o(i.u8x8_DrawTile)
    u8x8_InitDisplay                         0x080078bf   Thumb Code    18  u8x8_display.o(i.u8x8_InitDisplay)
    u8x8_RefreshDisplay                      0x080078d1   Thumb Code    18  u8x8_display.o(i.u8x8_RefreshDisplay)
    u8x8_SetPowerSave                        0x080078e3   Thumb Code    20  u8x8_display.o(i.u8x8_SetPowerSave)
    u8x8_Setup                               0x080078f7   Thumb Code    42  u8x8_setup.o(i.u8x8_Setup)
    u8x8_SetupDefaults                       0x08007921   Thumb Code    38  u8x8_setup.o(i.u8x8_SetupDefaults)
    u8x8_SetupMemory                         0x0800794d   Thumb Code    18  u8x8_display.o(i.u8x8_SetupMemory)
    u8x8_ascii_next                          0x0800795f   Thumb Code    18  u8x8_8x8.o(i.u8x8_ascii_next)
    u8x8_byte_EndTransfer                    0x08007971   Thumb Code    18  u8x8_byte.o(i.u8x8_byte_EndTransfer)
    u8x8_byte_SendByte                       0x08007983   Thumb Code    16  u8x8_byte.o(i.u8x8_byte_SendByte)
    u8x8_byte_SendBytes                      0x08007993   Thumb Code    26  u8x8_byte.o(i.u8x8_byte_SendBytes)
    u8x8_byte_StartTransfer                  0x080079ad   Thumb Code    18  u8x8_byte.o(i.u8x8_byte_StartTransfer)
    u8x8_byte_hw_i2c                         0x080079c1   Thumb Code   128  stm32_u8g2.o(i.u8x8_byte_hw_i2c)
    u8x8_cad_EndTransfer                     0x08007a4d   Thumb Code    18  u8x8_cad.o(i.u8x8_cad_EndTransfer)
    u8x8_cad_SendArg                         0x08007a5f   Thumb Code    20  u8x8_cad.o(i.u8x8_cad_SendArg)
    u8x8_cad_SendCmd                         0x08007a73   Thumb Code    20  u8x8_cad.o(i.u8x8_cad_SendCmd)
    u8x8_cad_SendData                        0x08007a87   Thumb Code    26  u8x8_cad.o(i.u8x8_cad_SendData)
    u8x8_cad_SendSequence                    0x08007aa1   Thumb Code   124  u8x8_cad.o(i.u8x8_cad_SendSequence)
    u8x8_cad_StartTransfer                   0x08007b1d   Thumb Code    18  u8x8_cad.o(i.u8x8_cad_StartTransfer)
    u8x8_cad_ssd13xx_fast_i2c                0x08007b31   Thumb Code   208  u8x8_cad.o(i.u8x8_cad_ssd13xx_fast_i2c)
    u8x8_d_helper_display_init               0x08007c05   Thumb Code    96  u8x8_display.o(i.u8x8_d_helper_display_init)
    u8x8_d_helper_display_setup_memory       0x08007c65   Thumb Code    12  u8x8_display.o(i.u8x8_d_helper_display_setup_memory)
    u8x8_d_ssd1306_128x64_noname             0x08007c71   Thumb Code    76  u8x8_d_ssd1306_128x64_noname.o(i.u8x8_d_ssd1306_128x64_noname)
    u8x8_dummy_cb                            0x08007dc9   Thumb Code     8  u8x8_setup.o(i.u8x8_dummy_cb)
    u8x8_gpio_and_delay                      0x08007dd1   Thumb Code   152  stm32_u8g2.o(i.u8x8_gpio_and_delay)
    u8x8_gpio_call                           0x08007e69   Thumb Code    26  u8x8_gpio.o(i.u8x8_gpio_call)
    u8x8_utf8_init                           0x08007eb1   Thumb Code     8  u8x8_8x8.o(i.u8x8_utf8_init)
    AHBPrescTable                            0x08007edc   Data          16  system_stm32f1xx.o(.constdata)
    APBPrescTable                            0x08007eec   Data           8  system_stm32f1xx.o(.constdata)
    u8g2_font_u8glib_4_tf                    0x08007ef4   Data        1782  u8g2_fonts.o(.constdata)
    u8g2_font_4x6_tr                         0x080085ea   Data         723  u8g2_fonts.o(.constdata)
    u8g2_font_unifont_t_0_75                 0x080088bd   Data        3016  u8g2_fonts.o(.constdata)
    u8g2_font_ncenB08_tf                     0x08009485   Data        2465  u8g2_fonts.o(.constdata)
    u8g2_font_ncenB10_tr                     0x08009e26   Data        1559  u8g2_fonts.o(.constdata)
    u8g2_font_ncenB12_tf                     0x0800a43d   Data        3863  u8g2_fonts.o(.constdata)
    u8g2_font_inb24_mf                       0x0800b354   Data        8821  u8g2_fonts.o(.constdata)
    u8g2_font_inb30_mn                       0x0800d5c9   Data         807  u8g2_fonts.o(.constdata)
    u8g2_cb_r0                               0x0800d8f0   Data          12  u8g2_setup.o(.constdata)
    u8g2_cb_r1                               0x0800d8fc   Data          12  u8g2_setup.o(.constdata)
    u8g2_cb_r2                               0x0800d908   Data          12  u8g2_setup.o(.constdata)
    u8g2_cb_r3                               0x0800d914   Data          12  u8g2_setup.o(.constdata)
    u8g2_cb_mirror                           0x0800d920   Data          12  u8g2_setup.o(.constdata)
    u8g2_cb_mirror_vertical                  0x0800d92c   Data          12  u8g2_setup.o(.constdata)
    __ctype_categories                       0x0800da90   Data          64  ctype_c.o(.constdata)
    Region$$Table$$Base                      0x0800dad0   Number         0  anon$$obj.o(Region$$Table)
    Region$$Table$$Limit                     0x0800daf0   Number         0  anon$$obj.o(Region$$Table)
    USART_Rx_Count                           0x20000000   Data           2  usart.o(.data)
    uwTick                                   0x20000004   Data           4  stm32f1xx_hal.o(.data)
    uwTickPrio                               0x20000008   Data           4  stm32f1xx_hal.o(.data)
    uwTickFreq                               0x2000000c   Data           1  stm32f1xx_hal.o(.data)
    SystemCoreClock                          0x20000010   Data           4  system_stm32f1xx.o(.data)
    TX_ADDRESS                               0x20000014   Data           5  nrf24l01.o(.data)
    RX_ADDRESS                               0x20000019   Data           5  nrf24l01.o(.data)
    Send_JiaoYan_Hand                        0x20000030   Data           1  send_receive_data.o(.data)
    Send_JiaoYan_Tail                        0x20000031   Data           1  send_receive_data.o(.data)
    Receive_JiaoYan_Hand                     0x20000032   Data           1  send_receive_data.o(.data)
    Receive_JiaoYan_Tail                     0x20000033   Data           1  send_receive_data.o(.data)
    L_ZY_CH                                  0x20000036   Data           2  rocker.o(.data)
    R_QH_CH                                  0x20000038   Data           2  rocker.o(.data)
    R_ZY_CH                                  0x2000003a   Data           2  rocker.o(.data)
    L_QH_CH                                  0x2000003c   Data           2  rocker.o(.data)
    ADC_buffer                               0x2000003e   Data           8  rocker.o(.data)
    page                                     0x20000046   Data           1  run.o(.data)
    Key_BEEP_ENABLE                          0x20000047   Data           1  run.o(.data)
    BEEP_Sound_Number                        0x20000048   Data           1  run.o(.data)
    YK_NRF_Rx_State                          0x20000054   Data           1  all_data.o(.data)
    Body_Power_V                             0x20000058   Data           4  all_data.o(.data)
    Body_Altitude                            0x2000005c   Data           4  all_data.o(.data)
    __stdout                                 0x20000060   Data           4  stdout.o(.data)
    hadc1                                    0x20000064   Data          48  adc.o(.bss)
    hdma_adc1                                0x20000094   Data          68  adc.o(.bss)
    hi2c1                                    0x200000d8   Data          84  i2c.o(.bss)
    hspi1                                    0x2000012c   Data          88  spi.o(.bss)
    htim1                                    0x20000184   Data          72  tim.o(.bss)
    htim2                                    0x200001cc   Data          72  tim.o(.bss)
    huart1                                   0x20000214   Data          72  usart.o(.bss)
    hdma_usart1_rx                           0x2000025c   Data          68  usart.o(.bss)
    USART_RData                              0x200002a0   Data          28  usart.o(.bss)
    USART_Buff                               0x200002bc   Data          28  usart.o(.bss)
    Rocker_Key                               0x20000364   Data          48  rocker.o(.bss)
    All_Task                                 0x20000394   Data          88  tack_dispatch.o(.bss)
    Task_1                                   0x200003ec   Data          16  task.o(.bss)
    Task_2                                   0x200003fc   Data          16  task.o(.bss)
    Task_3                                   0x2000040c   Data          16  task.o(.bss)
    Task_4                                   0x2000041c   Data          16  task.o(.bss)
    Task_5                                   0x2000042c   Data          16  task.o(.bss)
    NRF_RX_Buff                              0x2000043c   Data          32  task.o(.bss)
    NRF_TX_Buff                              0x2000045c   Data          32  task.o(.bss)
    u8g2                                     0x2000087c   Data         148  all_data.o(.bss)
    NRF_Rx_Buff                              0x20000910   Data          32  all_data.o(.bss)
    NRF_Tx_Buff                              0x20000930   Data          32  all_data.o(.bss)
    NRF_Send_Data                            0x20000950   Data          28  all_data.o(.bss)
    NRF_Receive_Data                         0x2000096c   Data          20  all_data.o(.bss)
    Body_Euler_Angle                         0x20000980   Data          12  all_data.o(.bss)
    Body_Gyro                                0x2000098c   Data          12  all_data.o(.bss)
    USART_1_Buff                             0x20000998   Data          28  all_data.o(.bss)
    USART_1_Rdata                            0x200009b4   Data          28  all_data.o(.bss)
    __initial_sp                             0x20000dd0   Data           0  startup_stm32f103xb.o(STACK)



==============================================================================

Memory Map of the image

  Image Entry point : 0x080000ed

  Load Region LR_IROM1 (Base: 0x08000000, Size: 0x0000db54, Max: 0x00010000, ABSOLUTE)

    Execution Region ER_IROM1 (Exec base: 0x08000000, Load base: 0x08000000, Size: 0x0000daf0, Max: 0x00010000, ABSOLUTE)

    Exec Addr    Load Addr    Size         Type   Attr      Idx    E Section Name        Object

    0x08000000   0x08000000   0x000000ec   Data   RO            3    RESET               startup_stm32f103xb.o
    0x080000ec   0x080000ec   0x00000000   Code   RO         7855  * .ARM.Collect$$$$00000000  mc_w.l(entry.o)
    0x080000ec   0x080000ec   0x00000004   Code   RO         8159    .ARM.Collect$$$$00000001  mc_w.l(entry2.o)
    0x080000f0   0x080000f0   0x00000004   Code   RO         8162    .ARM.Collect$$$$00000004  mc_w.l(entry5.o)
    0x080000f4   0x080000f4   0x00000000   Code   RO         8164    .ARM.Collect$$$$00000008  mc_w.l(entry7b.o)
    0x080000f4   0x080000f4   0x00000000   Code   RO         8166    .ARM.Collect$$$$0000000A  mc_w.l(entry8b.o)
    0x080000f4   0x080000f4   0x00000008   Code   RO         8167    .ARM.Collect$$$$0000000B  mc_w.l(entry9a.o)
    0x080000fc   0x080000fc   0x00000000   Code   RO         8169    .ARM.Collect$$$$0000000D  mc_w.l(entry10a.o)
    0x080000fc   0x080000fc   0x00000000   Code   RO         8171    .ARM.Collect$$$$0000000F  mc_w.l(entry11a.o)
    0x080000fc   0x080000fc   0x00000004   Code   RO         8160    .ARM.Collect$$$$00002712  mc_w.l(entry2.o)
    0x08000100   0x08000100   0x00000024   Code   RO            4    .text               startup_stm32f103xb.o
    0x08000124   0x08000124   0x00000020   Code   RO         7858    .text               mc_w.l(llushr.o)
    0x08000144   0x08000144   0x00000024   Code   RO         7860    .text               mc_w.l(memcpya.o)
    0x08000168   0x08000168   0x00000024   Code   RO         7862    .text               mc_w.l(memseta.o)
    0x0800018c   0x0800018c   0x00000038   Code   RO         8127    .text               mc_w.l(__0sscanf.o)
    0x080001c4   0x080001c4   0x0000014c   Code   RO         8129    .text               mc_w.l(_scanf_int.o)
    0x08000310   0x08000310   0x00000360   Code   RO         8131    .text               mc_w.l(scanf_fp.o)
    0x08000670   0x08000670   0x0000007c   Code   RO         8137    .text               mf_w.l(fdiv.o)
    0x080006ec   0x080006ec   0x0000014e   Code   RO         8139    .text               mf_w.l(dadd.o)
    0x0800083a   0x0800083a   0x000000e4   Code   RO         8141    .text               mf_w.l(dmul.o)
    0x0800091e   0x0800091e   0x000000de   Code   RO         8143    .text               mf_w.l(ddiv.o)
    0x080009fc   0x080009fc   0x00000012   Code   RO         8145    .text               mf_w.l(fflti.o)
    0x08000a0e   0x08000a0e   0x0000000a   Code   RO         8147    .text               mf_w.l(ffltui.o)
    0x08000a18   0x08000a18   0x00000022   Code   RO         8149    .text               mf_w.l(dflti.o)
    0x08000a3a   0x08000a3a   0x00000032   Code   RO         8155    .text               mf_w.l(dfixui.o)
    0x08000a6c   0x08000a6c   0x00000026   Code   RO         8157    .text               mf_w.l(f2d.o)
    0x08000a92   0x08000a92   0x0000002c   Code   RO         8174    .text               mc_w.l(uidiv.o)
    0x08000abe   0x08000abe   0x00000062   Code   RO         8176    .text               mc_w.l(uldiv.o)
    0x08000b20   0x08000b20   0x0000001e   Code   RO         8178    .text               mc_w.l(llshl.o)
    0x08000b3e   0x08000b3e   0x00000024   Code   RO         8180    .text               mc_w.l(llsshr.o)
    0x08000b62   0x08000b62   0x0000001c   Code   RO         8182    .text               mc_w.l(_chval.o)
    0x08000b7e   0x08000b7e   0x00000002   PAD
    0x08000b80   0x08000b80   0x00000028   Code   RO         8184    .text               mc_w.l(scanf_char.o)
    0x08000ba8   0x08000ba8   0x00000040   Code   RO         8186    .text               mc_w.l(_sgetc.o)
    0x08000be8   0x08000be8   0x00000000   Code   RO         8188    .text               mc_w.l(iusefp.o)
    0x08000be8   0x08000be8   0x0000006e   Code   RO         8189    .text               mf_w.l(fepilogue.o)
    0x08000c56   0x08000c56   0x000000ba   Code   RO         8191    .text               mf_w.l(depilogue.o)
    0x08000d10   0x08000d10   0x00000018   Code   RO         8193    .text               mf_w.l(dfltul.o)
    0x08000d28   0x08000d28   0x00000030   Code   RO         8195    .text               mf_w.l(dfixul.o)
    0x08000d58   0x08000d58   0x00000030   Code   RO         8197    .text               mf_w.l(cdrcmple.o)
    0x08000d88   0x08000d88   0x00000038   Code   RO         8199    .text               mf_w.l(d2f.o)
    0x08000dc0   0x08000dc0   0x00000024   Code   RO         8201    .text               mc_w.l(init.o)
    0x08000de4   0x08000de4   0x0000000a   Code   RO         8203    .text               mc_w.l(isspace_c.o)
    0x08000dee   0x08000dee   0x00000002   PAD
    0x08000df0   0x08000df0   0x0000032c   Code   RO         8205    .text               mc_w.l(_scanf.o)
    0x0800111c   0x0800111c   0x00000028   Code   RO         8207    .text               mc_w.l(ctype_c.o)
    0x08001144   0x08001144   0x0000005c   Code   RO          777    i.ADC_ConversionStop_Disable  stm32f1xx_hal_adc.o
    0x080011a0   0x080011a0   0x00000052   Code   RO          778    i.ADC_DMAConvCplt   stm32f1xx_hal_adc.o
    0x080011f2   0x080011f2   0x0000001e   Code   RO          779    i.ADC_DMAError      stm32f1xx_hal_adc.o
    0x08001210   0x08001210   0x0000000e   Code   RO          780    i.ADC_DMAHalfConvCplt  stm32f1xx_hal_adc.o
    0x0800121e   0x0800121e   0x00000002   PAD
    0x08001220   0x08001220   0x00000090   Code   RO          781    i.ADC_Enable        stm32f1xx_hal_adc.o
    0x080012b0   0x080012b0   0x000000a0   Code   RO         4693    i.ALL_Init          run.o
    0x08001350   0x08001350   0x00000074   Code   RO         4772    i.Add_Task          tack_dispatch.o
    0x080013c4   0x080013c4   0x00000060   Code   RO         4694    i.Beep_Task         run.o
    0x08001424   0x08001424   0x000000b4   Code   RO         4695    i.Body_PID_Change_Usart  run.o
    0x080014d8   0x080014d8   0x00000004   Code   RO          527    i.BusFault_Handler  stm32f1xx_it.o
    0x080014dc   0x080014dc   0x00000010   Code   RO          528    i.DMA1_Channel1_IRQHandler  stm32f1xx_it.o
    0x080014ec   0x080014ec   0x00000010   Code   RO          529    i.DMA1_Channel5_IRQHandler  stm32f1xx_it.o
    0x080014fc   0x080014fc   0x0000002c   Code   RO         1438    i.DMA_SetConfig     stm32f1xx_hal_dma.o
    0x08001528   0x08001528   0x00000040   Code   RO         4565    i.Data_Receive_Form_Body  send_receive_data.o
    0x08001568   0x08001568   0x00000014   Code   RO         4566    i.Data_Send_To_Body  send_receive_data.o
    0x0800157c   0x0800157c   0x00000002   Code   RO          530    i.DebugMon_Handler  stm32f1xx_it.o
    0x0800157e   0x0800157e   0x00000006   Code   RO           13    i.Error_Handler     main.o
    0x08001584   0x08001584   0x00000084   Code   RO         4366    i.Get_Key_State     key.o
    0x08001608   0x08001608   0x00000030   Code   RO         4367    i.Get_Key_Val       key.o
    0x08001638   0x08001638   0x000000cc   Code   RO         4617    i.Get_Rocker_FlyCH_with_death  rocker.o
    0x08001704   0x08001704   0x00000048   Code   RO         4618    i.Get_Rocker_Key_Val  rocker.o
    0x0800174c   0x0800174c   0x0000011c   Code   RO          957    i.HAL_ADCEx_Calibration_Start  stm32f1xx_hal_adc_ex.o
    0x08001868   0x08001868   0x00000160   Code   RO          783    i.HAL_ADC_ConfigChannel  stm32f1xx_hal_adc.o
    0x080019c8   0x080019c8   0x00000002   Code   RO          784    i.HAL_ADC_ConvCpltCallback  stm32f1xx_hal_adc.o
    0x080019ca   0x080019ca   0x00000002   Code   RO          785    i.HAL_ADC_ConvHalfCpltCallback  stm32f1xx_hal_adc.o
    0x080019cc   0x080019cc   0x00000002   Code   RO          787    i.HAL_ADC_ErrorCallback  stm32f1xx_hal_adc.o
    0x080019ce   0x080019ce   0x00000002   PAD
    0x080019d0   0x080019d0   0x00000144   Code   RO          792    i.HAL_ADC_Init      stm32f1xx_hal_adc.o
    0x08001b14   0x08001b14   0x000000b0   Code   RO          263    i.HAL_ADC_MspInit   adc.o
    0x08001bc4   0x08001bc4   0x00000180   Code   RO          799    i.HAL_ADC_Start_DMA  stm32f1xx_hal_adc.o
    0x08001d44   0x08001d44   0x00000056   Code   RO         1439    i.HAL_DMA_Abort     stm32f1xx_hal_dma.o
    0x08001d9a   0x08001d9a   0x00000002   PAD
    0x08001d9c   0x08001d9c   0x000000b0   Code   RO         1440    i.HAL_DMA_Abort_IT  stm32f1xx_hal_dma.o
    0x08001e4c   0x08001e4c   0x0000019c   Code   RO         1444    i.HAL_DMA_IRQHandler  stm32f1xx_hal_dma.o
    0x08001fe8   0x08001fe8   0x00000068   Code   RO         1445    i.HAL_DMA_Init      stm32f1xx_hal_dma.o
    0x08002050   0x08002050   0x0000009c   Code   RO         1449    i.HAL_DMA_Start_IT  stm32f1xx_hal_dma.o
    0x080020ec   0x080020ec   0x00000028   Code   RO         1060    i.HAL_Delay         stm32f1xx_hal.o
    0x08002114   0x08002114   0x00000320   Code   RO         1375    i.HAL_GPIO_Init     stm32f1xx_hal_gpio.o
    0x08002434   0x08002434   0x00000010   Code   RO         1377    i.HAL_GPIO_ReadPin  stm32f1xx_hal_gpio.o
    0x08002444   0x08002444   0x00000014   Code   RO         1378    i.HAL_GPIO_TogglePin  stm32f1xx_hal_gpio.o
    0x08002458   0x08002458   0x0000000c   Code   RO         1379    i.HAL_GPIO_WritePin  stm32f1xx_hal_gpio.o
    0x08002464   0x08002464   0x0000000c   Code   RO         1064    i.HAL_GetTick       stm32f1xx_hal.o
    0x08002470   0x08002470   0x000001d0   Code   RO         2072    i.HAL_I2C_Init      stm32f1xx_hal_i2c.o
    0x08002640   0x08002640   0x00000170   Code   RO         2085    i.HAL_I2C_Master_Transmit  stm32f1xx_hal_i2c.o
    0x080027b0   0x080027b0   0x00000090   Code   RO          329    i.HAL_I2C_MspInit   i2c.o
    0x08002840   0x08002840   0x00000018   Code   RO         1070    i.HAL_IncTick       stm32f1xx_hal.o
    0x08002858   0x08002858   0x00000028   Code   RO         1071    i.HAL_Init          stm32f1xx_hal.o
    0x08002880   0x08002880   0x0000004c   Code   RO         1072    i.HAL_InitTick      stm32f1xx_hal.o
    0x080028cc   0x080028cc   0x00000054   Code   RO          627    i.HAL_MspInit       stm32f1xx_hal_msp.o
    0x08002920   0x08002920   0x00000020   Code   RO         1535    i.HAL_NVIC_EnableIRQ  stm32f1xx_hal_cortex.o
    0x08002940   0x08002940   0x0000007c   Code   RO         1541    i.HAL_NVIC_SetPriority  stm32f1xx_hal_cortex.o
    0x080029bc   0x080029bc   0x00000028   Code   RO         1542    i.HAL_NVIC_SetPriorityGrouping  stm32f1xx_hal_cortex.o
    0x080029e4   0x080029e4   0x000000fc   Code   RO         1336    i.HAL_RCCEx_GetPeriphCLKFreq  stm32f1xx_hal_rcc_ex.o
    0x08002ae0   0x08002ae0   0x00000130   Code   RO         1337    i.HAL_RCCEx_PeriphCLKConfig  stm32f1xx_hal_rcc_ex.o
    0x08002c10   0x08002c10   0x0000018c   Code   RO         1228    i.HAL_RCC_ClockConfig  stm32f1xx_hal_rcc.o
    0x08002d9c   0x08002d9c   0x0000000c   Code   RO         1233    i.HAL_RCC_GetHCLKFreq  stm32f1xx_hal_rcc.o
    0x08002da8   0x08002da8   0x00000020   Code   RO         1235    i.HAL_RCC_GetPCLK1Freq  stm32f1xx_hal_rcc.o
    0x08002dc8   0x08002dc8   0x00000020   Code   RO         1236    i.HAL_RCC_GetPCLK2Freq  stm32f1xx_hal_rcc.o
    0x08002de8   0x08002de8   0x00000070   Code   RO         1237    i.HAL_RCC_GetSysClockFreq  stm32f1xx_hal_rcc.o
    0x08002e58   0x08002e58   0x00000464   Code   RO         1240    i.HAL_RCC_OscConfig  stm32f1xx_hal_rcc.o
    0x080032bc   0x080032bc   0x000000be   Code   RO         2549    i.HAL_SPI_Init      stm32f1xx_hal_spi.o
    0x0800337a   0x0800337a   0x00000002   PAD
    0x0800337c   0x0800337c   0x00000084   Code   RO          371    i.HAL_SPI_MspInit   spi.o
    0x08003400   0x08003400   0x00000248   Code   RO         2558    i.HAL_SPI_TransmitReceive  stm32f1xx_hal_spi.o
    0x08003648   0x08003648   0x00000034   Code   RO         1546    i.HAL_SYSTICK_Config  stm32f1xx_hal_cortex.o
    0x0800367c   0x0800367c   0x00000002   Code   RO         3577    i.HAL_TIMEx_BreakCallback  stm32f1xx_hal_tim_ex.o
    0x0800367e   0x0800367e   0x00000002   Code   RO         3578    i.HAL_TIMEx_CommutCallback  stm32f1xx_hal_tim_ex.o
    0x08003680   0x08003680   0x00000084   Code   RO         3596    i.HAL_TIMEx_MasterConfigSynchronization  stm32f1xx_hal_tim_ex.o
    0x08003704   0x08003704   0x00000066   Code   RO         2862    i.HAL_TIM_Base_Init  stm32f1xx_hal_tim.o
    0x0800376a   0x0800376a   0x00000002   PAD
    0x0800376c   0x0800376c   0x00000068   Code   RO          413    i.HAL_TIM_Base_MspInit  tim.o
    0x080037d4   0x080037d4   0x0000006c   Code   RO         2865    i.HAL_TIM_Base_Start  stm32f1xx_hal_tim.o
    0x08003840   0x08003840   0x00000078   Code   RO         2867    i.HAL_TIM_Base_Start_IT  stm32f1xx_hal_tim.o
    0x080038b8   0x080038b8   0x0000010c   Code   RO         2871    i.HAL_TIM_ConfigClockSource  stm32f1xx_hal_tim.o
    0x080039c4   0x080039c4   0x00000002   Code   RO         2896    i.HAL_TIM_IC_CaptureCallback  stm32f1xx_hal_tim.o
    0x080039c6   0x080039c6   0x0000016c   Code   RO         2910    i.HAL_TIM_IRQHandler  stm32f1xx_hal_tim.o
    0x08003b32   0x08003b32   0x00000002   Code   RO         2913    i.HAL_TIM_OC_DelayElapsedCallback  stm32f1xx_hal_tim.o
    0x08003b34   0x08003b34   0x00000002   Code   RO         2940    i.HAL_TIM_PWM_PulseFinishedCallback  stm32f1xx_hal_tim.o
    0x08003b36   0x08003b36   0x00000002   PAD
    0x08003b38   0x08003b38   0x0000001c   Code   RO         4775    i.HAL_TIM_PeriodElapsedCallback  tack_dispatch.o
    0x08003b54   0x08003b54   0x00000002   Code   RO         2953    i.HAL_TIM_TriggerCallback  stm32f1xx_hal_tim.o
    0x08003b56   0x08003b56   0x00000002   Code   RO         3856    i.HAL_UARTEx_RxEventCallback  stm32f1xx_hal_uart.o
    0x08003b58   0x08003b58   0x0000008a   Code   RO         3868    i.HAL_UART_DMAStop  stm32f1xx_hal_uart.o
    0x08003be2   0x08003be2   0x00000002   Code   RO         3870    i.HAL_UART_ErrorCallback  stm32f1xx_hal_uart.o
    0x08003be4   0x08003be4   0x000002e4   Code   RO         3873    i.HAL_UART_IRQHandler  stm32f1xx_hal_uart.o
    0x08003ec8   0x08003ec8   0x00000076   Code   RO         3874    i.HAL_UART_Init     stm32f1xx_hal_uart.o
    0x08003f3e   0x08003f3e   0x00000002   PAD
    0x08003f40   0x08003f40   0x000000d4   Code   RO          467    i.HAL_UART_MspInit  usart.o
    0x08004014   0x08004014   0x0000002c   Code   RO         3878    i.HAL_UART_Receive_DMA  stm32f1xx_hal_uart.o
    0x08004040   0x08004040   0x00000002   Code   RO         3880    i.HAL_UART_RxCpltCallback  stm32f1xx_hal_uart.o
    0x08004042   0x08004042   0x00000002   Code   RO         3881    i.HAL_UART_RxHalfCpltCallback  stm32f1xx_hal_uart.o
    0x08004044   0x08004044   0x00000002   Code   RO         3885    i.HAL_UART_TxCpltCallback  stm32f1xx_hal_uart.o
    0x08004046   0x08004046   0x00000004   Code   RO          531    i.HardFault_Handler  stm32f1xx_it.o
    0x0800404a   0x0800404a   0x0000003e   Code   RO         2116    i.I2C_IsAcknowledgeFailed  stm32f1xx_hal_i2c.o
    0x08004088   0x08004088   0x000000c0   Code   RO         2120    i.I2C_MasterRequestWrite  stm32f1xx_hal_i2c.o
    0x08004148   0x08004148   0x00000066   Code   RO         2136    i.I2C_WaitOnBTFFlagUntilTimeout  stm32f1xx_hal_i2c.o
    0x080041ae   0x080041ae   0x000000be   Code   RO         2137    i.I2C_WaitOnFlagUntilTimeout  stm32f1xx_hal_i2c.o
    0x0800426c   0x0800426c   0x000000fa   Code   RO         2138    i.I2C_WaitOnMasterAddressFlagUntilTimeout  stm32f1xx_hal_i2c.o
    0x08004366   0x08004366   0x00000066   Code   RO         2142    i.I2C_WaitOnTXEFlagUntilTimeout  stm32f1xx_hal_i2c.o
    0x080043cc   0x080043cc   0x00000120   Code   RO         4776    i.Insert_Task       tack_dispatch.o
    0x080044ec   0x080044ec   0x00000094   Code   RO         4368    i.Key_Scan          key.o
    0x08004580   0x08004580   0x00000084   Code   RO         4696    i.Key_Task          run.o
    0x08004604   0x08004604   0x000000a0   Code   RO          264    i.MX_ADC1_Init      adc.o
    0x080046a4   0x080046a4   0x00000044   Code   RO          304    i.MX_DMA_Init       dma.o
    0x080046e8   0x080046e8   0x000000f8   Code   RO          238    i.MX_GPIO_Init      gpio.o
    0x080047e0   0x080047e0   0x0000003c   Code   RO          330    i.MX_I2C1_Init      i2c.o
    0x0800481c   0x0800481c   0x00000044   Code   RO          372    i.MX_SPI1_Init      spi.o
    0x08004860   0x08004860   0x00000070   Code   RO          414    i.MX_TIM1_Init      tim.o
    0x080048d0   0x080048d0   0x0000006c   Code   RO          415    i.MX_TIM2_Init      tim.o
    0x0800493c   0x0800493c   0x00000038   Code   RO          468    i.MX_USART1_UART_Init  usart.o
    0x08004974   0x08004974   0x0000005c   Code   RO         4255    i.MY_NRF_Check_RX   nrf24l01.o
    0x080049d0   0x080049d0   0x00000020   Code   RO         4256    i.MY_NRF_TxPacket   nrf24l01.o
    0x080049f0   0x080049f0   0x000000fc   Code   RO         4874    i.MY_Task_Begin     task.o
    0x08004aec   0x08004aec   0x00000004   Code   RO          532    i.MemManage_Handler  stm32f1xx_it.o
    0x08004af0   0x08004af0   0x00000004   Code   RO          533    i.NMI_Handler       stm32f1xx_it.o
    0x08004af4   0x08004af4   0x0000004c   Code   RO         4257    i.NRF24L01_Check    nrf24l01.o
    0x08004b40   0x08004b40   0x0000008c   Code   RO         4258    i.NRF24L01_Init     nrf24l01.o
    0x08004bcc   0x08004bcc   0x0000004c   Code   RO         4260    i.NRF24L01_Read_Buf  nrf24l01.o
    0x08004c18   0x08004c18   0x00000038   Code   RO         4261    i.NRF24L01_Read_Reg  nrf24l01.o
    0x08004c50   0x08004c50   0x0000004c   Code   RO         4265    i.NRF24L01_Write_Buf  nrf24l01.o
    0x08004c9c   0x08004c9c   0x00000038   Code   RO         4266    i.NRF24L01_Write_Reg  nrf24l01.o
    0x08004cd4   0x08004cd4   0x00000140   Code   RO         4267    i.NRF_Mode_Set      nrf24l01.o
    0x08004e14   0x08004e14   0x00000120   Code   RO         4567    i.NRF_Rx_Data_JX    send_receive_data.o
    0x08004f34   0x08004f34   0x00000038   Code   RO         4569    i.NRF_Tx_Set_Buff   send_receive_data.o
    0x08004f6c   0x08004f6c   0x000003dc   Code   RO         4697    i.Oled_Show         run.o
    0x08005348   0x08005348   0x00000002   Code   RO          534    i.PendSV_Handler    stm32f1xx_it.o
    0x0800534a   0x0800534a   0x00000002   PAD
    0x0800534c   0x0800534c   0x00000028   Code   RO         1241    i.RCC_Delay         stm32f1xx_hal_rcc.o
    0x08005374   0x08005374   0x00000024   Code   RO         4622    i.Rocker_Init       rocker.o
    0x08005398   0x08005398   0x000000e0   Code   RO         4623    i.Rocker_Key_Scan   rocker.o
    0x08005478   0x08005478   0x000000fc   Code   RO         4698    i.Rocker_Task       run.o
    0x08005574   0x08005574   0x00000008   Code   RO         4875    i.Run_Task_1        task.o
    0x0800557c   0x0800557c   0x00000008   Code   RO         4876    i.Run_Task_2        task.o
    0x08005584   0x08005584   0x0000000c   Code   RO         4877    i.Run_Task_3        task.o
    0x08005590   0x08005590   0x00000008   Code   RO         4878    i.Run_Task_4        task.o
    0x08005598   0x08005598   0x00000002   Code   RO         4879    i.Run_Task_5        task.o
    0x0800559a   0x0800559a   0x00000044   Code   RO         2587    i.SPI_EndRxTxTransaction  stm32f1xx_hal_spi.o
    0x080055de   0x080055de   0x00000002   PAD
    0x080055e0   0x080055e0   0x000000d8   Code   RO         2592    i.SPI_WaitFlagStateUntilTimeout  stm32f1xx_hal_spi.o
    0x080056b8   0x080056b8   0x00000024   Code   RO         4268    i.SPIx_ReadWriteByte  nrf24l01.o
    0x080056dc   0x080056dc   0x00000002   Code   RO          535    i.SVC_Handler       stm32f1xx_it.o
    0x080056de   0x080056de   0x00000008   Code   RO          536    i.SysTick_Handler   stm32f1xx_it.o
    0x080056e6   0x080056e6   0x00000084   Code   RO           14    i.SystemClock_Config  main.o
    0x0800576a   0x0800576a   0x00000002   Code   RO         4218    i.SystemInit        system_stm32f1xx.o
    0x0800576c   0x0800576c   0x00000010   Code   RO         4778    i.TASK_Run          tack_dispatch.o
    0x0800577c   0x0800577c   0x00000010   Code   RO          537    i.TIM1_UP_IRQHandler  stm32f1xx_it.o
    0x0800578c   0x0800578c   0x00000084   Code   RO         2955    i.TIM_Base_SetConfig  stm32f1xx_hal_tim.o
    0x08005810   0x08005810   0x00000016   Code   RO         2966    i.TIM_ETR_SetConfig  stm32f1xx_hal_tim.o
    0x08005826   0x08005826   0x00000012   Code   RO         2967    i.TIM_ITRx_SetConfig  stm32f1xx_hal_tim.o
    0x08005838   0x08005838   0x00000026   Code   RO         2973    i.TIM_TI1_ConfigInputStage  stm32f1xx_hal_tim.o
    0x0800585e   0x0800585e   0x00000028   Code   RO         2975    i.TIM_TI2_ConfigInputStage  stm32f1xx_hal_tim.o
    0x08005886   0x08005886   0x00000002   PAD
    0x08005888   0x08005888   0x000000a8   Code   RO         4780    i.Task_Cnt_Check    tack_dispatch.o
    0x08005930   0x08005930   0x00000034   Code   RO         4781    i.Task_Cnt_Inc      tack_dispatch.o
    0x08005964   0x08005964   0x00000058   Code   RO          416    i.Tims_delay_us     tim.o
    0x080059bc   0x080059bc   0x0000004c   Code   RO         4782    i.Tsak_Init         tack_dispatch.o
    0x08005a08   0x08005a08   0x00000014   Code   RO         3887    i.UART_DMAAbortOnError  stm32f1xx_hal_uart.o
    0x08005a1c   0x08005a1c   0x00000050   Code   RO         3888    i.UART_DMAError     stm32f1xx_hal_uart.o
    0x08005a6c   0x08005a6c   0x000000b4   Code   RO         3889    i.UART_DMAReceiveCplt  stm32f1xx_hal_uart.o
    0x08005b20   0x08005b20   0x00000024   Code   RO         3891    i.UART_DMARxHalfCplt  stm32f1xx_hal_uart.o
    0x08005b44   0x08005b44   0x0000007c   Code   RO          469    i.UART_DMA_Rdata    usart.o
    0x08005bc0   0x08005bc0   0x0000006c   Code   RO         3897    i.UART_EndRxTransfer  stm32f1xx_hal_uart.o
    0x08005c2c   0x08005c2c   0x00000020   Code   RO         3898    i.UART_EndTransmit_IT  stm32f1xx_hal_uart.o
    0x08005c4c   0x08005c4c   0x00000026   Code   RO         3899    i.UART_EndTxTransfer  stm32f1xx_hal_uart.o
    0x08005c72   0x08005c72   0x000000fc   Code   RO         3900    i.UART_Receive_IT   stm32f1xx_hal_uart.o
    0x08005d6e   0x08005d6e   0x00000002   PAD
    0x08005d70   0x08005d70   0x000000fc   Code   RO         3901    i.UART_SetConfig    stm32f1xx_hal_uart.o
    0x08005e6c   0x08005e6c   0x000000c8   Code   RO         3902    i.UART_Start_Receive_DMA  stm32f1xx_hal_uart.o
    0x08005f34   0x08005f34   0x00000060   Code   RO         3904    i.UART_Transmit_IT  stm32f1xx_hal_uart.o
    0x08005f94   0x08005f94   0x00000014   Code   RO          538    i.USART1_IRQHandler  stm32f1xx_it.o
    0x08005fa8   0x08005fa8   0x00000004   Code   RO          539    i.UsageFault_Handler  stm32f1xx_it.o
    0x08005fac   0x08005fac   0x00000008   Code   RO         4880    i.While_Loop        task.o
    0x08005fb4   0x08005fb4   0x00000020   Code   RO         8099    i.__0printf         mc_w.l(printfa.o)
    0x08005fd4   0x08005fd4   0x00000028   Code   RO         8101    i.__0sprintf        mc_w.l(printfa.o)
    0x08005ffc   0x08005ffc   0x00000010   Code   RO         1548    i.__NVIC_GetPriorityGrouping  stm32f1xx_hal_cortex.o
    0x0800600c   0x0800600c   0x00000028   Code   RO         1549    i.__NVIC_SetPriority  stm32f1xx_hal_cortex.o
    0x08006034   0x08006034   0x0000000e   Code   RO         8212    i.__scatterload_copy  mc_w.l(handlers.o)
    0x08006042   0x08006042   0x00000002   Code   RO         8213    i.__scatterload_null  mc_w.l(handlers.o)
    0x08006044   0x08006044   0x0000000e   Code   RO         8214    i.__scatterload_zeroinit  mc_w.l(handlers.o)
    0x08006052   0x08006052   0x00000002   PAD
    0x08006054   0x08006054   0x00000184   Code   RO         8106    i._fp_digits        mc_w.l(printfa.o)
    0x080061d8   0x080061d8   0x0000000e   Code   RO         8133    i._is_digit         mc_w.l(scanf_fp.o)
    0x080061e6   0x080061e6   0x00000002   PAD
    0x080061e8   0x080061e8   0x000006dc   Code   RO         8107    i._printf_core      mc_w.l(printfa.o)
    0x080068c4   0x080068c4   0x00000024   Code   RO         8108    i._printf_post_padding  mc_w.l(printfa.o)
    0x080068e8   0x080068e8   0x0000002e   Code   RO         8109    i._printf_pre_padding  mc_w.l(printfa.o)
    0x08006916   0x08006916   0x0000000a   Code   RO         8111    i._sputc            mc_w.l(printfa.o)
    0x08006920   0x08006920   0x0000001c   Code   RO          471    i.fputc             usart.o
    0x0800693c   0x0800693c   0x0000008c   Code   RO           15    i.main              main.o
    0x080069c8   0x080069c8   0x00000034   Code   RO         4454    i.u8g2Init          stm32_u8g2.o
    0x080069fc   0x080069fc   0x0000001a   Code   RO         5803    i.u8g2_ClearBuffer  u8g2_buffer.o
    0x08006a16   0x08006a16   0x0000004a   Code   RO         5773    i.u8g2_DrawBox      u8g2_box.o
    0x08006a60   0x08006a60   0x00000062   Code   RO         6048    i.u8g2_DrawGlyph    u8g2_font.o
    0x08006ac2   0x08006ac2   0x000000dc   Code   RO         6408    i.u8g2_DrawHVLine   u8g2_hvline.o
    0x08006b9e   0x08006b9e   0x00000002   PAD
    0x08006ba0   0x08006ba0   0x00000024   Code   RO         6051    i.u8g2_DrawStr      u8g2_font.o
    0x08006bc4   0x08006bc4   0x0000003a   Code   RO         6469    i.u8g2_IsIntersection  u8g2_intersection.o
    0x08006bfe   0x08006bfe   0x00000012   Code   RO         5806    i.u8g2_SendBuffer   u8g2_buffer.o
    0x08006c10   0x08006c10   0x00000020   Code   RO         6070    i.u8g2_SetFont      u8g2_font.o
    0x08006c30   0x08006c30   0x0000000c   Code   RO         6073    i.u8g2_SetFontPosBaseline  u8g2_font.o
    0x08006c3c   0x08006c3c   0x00000020   Code   RO         6684    i.u8g2_SetMaxClipWindow  u8g2_setup.o
    0x08006c5c   0x08006c5c   0x0000005a   Code   RO         6685    i.u8g2_SetupBuffer  u8g2_setup.o
    0x08006cb6   0x08006cb6   0x00000002   PAD
    0x08006cb8   0x08006cb8   0x00000044   Code   RO         6025    i.u8g2_Setup_ssd1306_i2c_128x64_noname_f  u8g2_d_setup.o
    0x08006cfc   0x08006cfc   0x00000088   Code   RO         6080    i.u8g2_UpdateRefHeight  u8g2_font.o
    0x08006d84   0x08006d84   0x0000002a   Code   RO         6081    i.u8g2_add_vector_x  u8g2_font.o
    0x08006dae   0x08006dae   0x0000002a   Code   RO         6082    i.u8g2_add_vector_y  u8g2_font.o
    0x08006dd8   0x08006dd8   0x0000007a   Code   RO         6687    i.u8g2_apply_clip_window  u8g2_setup.o
    0x08006e52   0x08006e52   0x0000004c   Code   RO         6412    i.u8g2_clip_intersection2  u8g2_hvline.o
    0x08006e9e   0x08006e9e   0x0000002c   Code   RO         6413    i.u8g2_draw_hv_line_2dir  u8g2_hvline.o
    0x08006eca   0x08006eca   0x0000003c   Code   RO         6688    i.u8g2_draw_l90_mirrorr_r0  u8g2_setup.o
    0x08006f06   0x08006f06   0x00000024   Code   RO         6689    i.u8g2_draw_l90_r0  u8g2_setup.o
    0x08006f2a   0x08006f2a   0x00000044   Code   RO         6690    i.u8g2_draw_l90_r1  u8g2_setup.o
    0x08006f6e   0x08006f6e   0x00000056   Code   RO         6691    i.u8g2_draw_l90_r2  u8g2_setup.o
    0x08006fc4   0x08006fc4   0x00000050   Code   RO         6692    i.u8g2_draw_l90_r3  u8g2_setup.o
    0x08007014   0x08007014   0x0000003c   Code   RO         6693    i.u8g2_draw_mirror_vertical_r0  u8g2_setup.o
    0x08007050   0x08007050   0x00000090   Code   RO         6083    i.u8g2_draw_string  u8g2_font.o
    0x080070e0   0x080070e0   0x00000006   Code   RO         6090    i.u8g2_font_calc_vref_font  u8g2_font.o
    0x080070e6   0x080070e6   0x00000024   Code   RO         6092    i.u8g2_font_decode_get_signed_bits  u8g2_font.o
    0x0800710a   0x0800710a   0x00000042   Code   RO         6093    i.u8g2_font_decode_get_unsigned_bits  u8g2_font.o
    0x0800714c   0x0800714c   0x00000182   Code   RO         6094    i.u8g2_font_decode_glyph  u8g2_font.o
    0x080072ce   0x080072ce   0x000000b0   Code   RO         6095    i.u8g2_font_decode_len  u8g2_font.o
    0x0800737e   0x0800737e   0x0000003a   Code   RO         6096    i.u8g2_font_draw_glyph  u8g2_font.o
    0x080073b8   0x080073b8   0x00000008   Code   RO         6097    i.u8g2_font_get_byte  u8g2_font.o
    0x080073c0   0x080073c0   0x00000092   Code   RO         6098    i.u8g2_font_get_glyph_data  u8g2_font.o
    0x08007452   0x08007452   0x00000018   Code   RO         6099    i.u8g2_font_get_word  u8g2_font.o
    0x0800746a   0x0800746a   0x00000040   Code   RO         6100    i.u8g2_font_setup_decode  u8g2_font.o
    0x080074aa   0x080074aa   0x00000030   Code   RO         6470    i.u8g2_is_intersection_decision_tree  u8g2_intersection.o
    0x080074da   0x080074da   0x000000ee   Code   RO         6518    i.u8g2_ll_hvline_vertical_top_lsb  u8g2_ll_hvline.o
    0x080075c8   0x080075c8   0x00000010   Code   RO         5988    i.u8g2_m_16_8_f     u8g2_d_memory.o
    0x080075d8   0x080075d8   0x000000e0   Code   RO         6102    i.u8g2_read_font_info  u8g2_font.o
    0x080076b8   0x080076b8   0x00000036   Code   RO         5814    i.u8g2_send_buffer  u8g2_buffer.o
    0x080076ee   0x080076ee   0x00000036   Code   RO         5815    i.u8g2_send_tile_row  u8g2_buffer.o
    0x08007724   0x08007724   0x00000060   Code   RO         6694    i.u8g2_update_dimension_common  u8g2_setup.o
    0x08007784   0x08007784   0x0000000c   Code   RO         6695    i.u8g2_update_dimension_r0  u8g2_setup.o
    0x08007790   0x08007790   0x0000001c   Code   RO         6696    i.u8g2_update_dimension_r1  u8g2_setup.o
    0x080077ac   0x080077ac   0x0000000c   Code   RO         6697    i.u8g2_update_dimension_r2  u8g2_setup.o
    0x080077b8   0x080077b8   0x0000001c   Code   RO         6698    i.u8g2_update_dimension_r3  u8g2_setup.o
    0x080077d4   0x080077d4   0x00000020   Code   RO         6699    i.u8g2_update_page_win_r0  u8g2_setup.o
    0x080077f4   0x080077f4   0x00000020   Code   RO         6700    i.u8g2_update_page_win_r1  u8g2_setup.o
    0x08007814   0x08007814   0x0000003c   Code   RO         6701    i.u8g2_update_page_win_r2  u8g2_setup.o
    0x08007850   0x08007850   0x0000003c   Code   RO         6702    i.u8g2_update_page_win_r3  u8g2_setup.o
    0x0800788c   0x0800788c   0x00000032   Code   RO         7526    i.u8x8_DrawTile     u8x8_display.o
    0x080078be   0x080078be   0x00000012   Code   RO         7528    i.u8x8_InitDisplay  u8x8_display.o
    0x080078d0   0x080078d0   0x00000012   Code   RO         7530    i.u8x8_RefreshDisplay  u8x8_display.o
    0x080078e2   0x080078e2   0x00000014   Code   RO         7533    i.u8x8_SetPowerSave  u8x8_display.o
    0x080078f6   0x080078f6   0x0000002a   Code   RO         7704    i.u8x8_Setup        u8x8_setup.o
    0x08007920   0x08007920   0x0000002c   Code   RO         7705    i.u8x8_SetupDefaults  u8x8_setup.o
    0x0800794c   0x0800794c   0x00000012   Code   RO         7534    i.u8x8_SetupMemory  u8x8_display.o
    0x0800795e   0x0800795e   0x00000012   Code   RO         6986    i.u8x8_ascii_next   u8x8_8x8.o
    0x08007970   0x08007970   0x00000012   Code   RO         7122    i.u8x8_byte_EndTransfer  u8x8_byte.o
    0x08007982   0x08007982   0x00000010   Code   RO         7123    i.u8x8_byte_SendByte  u8x8_byte.o
    0x08007992   0x08007992   0x0000001a   Code   RO         7124    i.u8x8_byte_SendBytes  u8x8_byte.o
    0x080079ac   0x080079ac   0x00000012   Code   RO         7126    i.u8x8_byte_StartTransfer  u8x8_byte.o
    0x080079be   0x080079be   0x00000002   PAD
    0x080079c0   0x080079c0   0x0000008c   Code   RO         4455    i.u8x8_byte_hw_i2c  stm32_u8g2.o
    0x08007a4c   0x08007a4c   0x00000012   Code   RO         7259    i.u8x8_cad_EndTransfer  u8x8_cad.o
    0x08007a5e   0x08007a5e   0x00000014   Code   RO         7260    i.u8x8_cad_SendArg  u8x8_cad.o
    0x08007a72   0x08007a72   0x00000014   Code   RO         7261    i.u8x8_cad_SendCmd  u8x8_cad.o
    0x08007a86   0x08007a86   0x0000001a   Code   RO         7262    i.u8x8_cad_SendData  u8x8_cad.o
    0x08007aa0   0x08007aa0   0x0000007c   Code   RO         7264    i.u8x8_cad_SendSequence  u8x8_cad.o
    0x08007b1c   0x08007b1c   0x00000012   Code   RO         7265    i.u8x8_cad_StartTransfer  u8x8_cad.o
    0x08007b2e   0x08007b2e   0x00000002   PAD
    0x08007b30   0x08007b30   0x000000d4   Code   RO         7268    i.u8x8_cad_ssd13xx_fast_i2c  u8x8_cad.o
    0x08007c04   0x08007c04   0x00000060   Code   RO         7535    i.u8x8_d_helper_display_init  u8x8_display.o
    0x08007c64   0x08007c64   0x0000000c   Code   RO         7536    i.u8x8_d_helper_display_setup_memory  u8x8_display.o
    0x08007c70   0x08007c70   0x00000054   Code   RO         7450    i.u8x8_d_ssd1306_128x64_noname  u8x8_d_ssd1306_128x64_noname.o
    0x08007cc4   0x08007cc4   0x00000104   Code   RO         7452    i.u8x8_d_ssd1306_sh1106_generic  u8x8_d_ssd1306_128x64_noname.o
    0x08007dc8   0x08007dc8   0x00000008   Code   RO         7707    i.u8x8_dummy_cb     u8x8_setup.o
    0x08007dd0   0x08007dd0   0x00000098   Code   RO         4456    i.u8x8_gpio_and_delay  stm32_u8g2.o
    0x08007e68   0x08007e68   0x0000001a   Code   RO         7626    i.u8x8_gpio_call    u8x8_gpio.o
    0x08007e82   0x08007e82   0x0000002e   Code   RO         7276    i.u8x8_i2c_data_transfer  u8x8_cad.o
    0x08007eb0   0x08007eb0   0x00000008   Code   RO         6995    i.u8x8_utf8_init    u8x8_8x8.o
    0x08007eb8   0x08007eb8   0x00000012   Data   RO         1242    .constdata          stm32f1xx_hal_rcc.o
    0x08007eca   0x08007eca   0x00000012   Data   RO         1338    .constdata          stm32f1xx_hal_rcc_ex.o
    0x08007edc   0x08007edc   0x00000018   Data   RO         4219    .constdata          system_stm32f1xx.o
    0x08007ef4   0x08007ef4   0x000059fc   Data   RO         6390    .constdata          u8g2_fonts.o
    0x0800d8f0   0x0800d8f0   0x00000048   Data   RO         6703    .constdata          u8g2_setup.o
    0x0800d938   0x0800d938   0x00000158   Data   RO         7454    .constdata          u8x8_d_ssd1306_128x64_noname.o
    0x0800da90   0x0800da90   0x00000040   Data   RO         8208    .constdata          mc_w.l(ctype_c.o)
    0x0800dad0   0x0800dad0   0x00000020   Data   RO         8210    Region$$Table       anon$$obj.o


    Execution Region RW_IRAM1 (Exec base: 0x20000000, Load base: 0x0800daf0, Size: 0x00000dd0, Max: 0x00005000, ABSOLUTE)

    Exec Addr    Load Addr    Size         Type   Attr      Idx    E Section Name        Object

    0x20000000   0x0800daf0   0x00000002   Data   RW          473    .data               usart.o
    0x20000002   0x0800daf2   0x00000002   PAD
    0x20000004   0x0800daf4   0x00000009   Data   RW         1078    .data               stm32f1xx_hal.o
    0x2000000d   0x0800dafd   0x00000003   PAD
    0x20000010   0x0800db00   0x00000004   Data   RW         4220    .data               system_stm32f1xx.o
    0x20000014   0x0800db04   0x0000000a   Data   RW         4269    .data               nrf24l01.o
    0x2000001e   0x0800db0e   0x00000012   Data   RW         4459    .data               stm32_u8g2.o
    0x20000030   0x0800db20   0x00000006   Data   RW         4570    .data               send_receive_data.o
    0x20000036   0x0800db26   0x00000010   Data   RW         4625    .data               rocker.o
    0x20000046   0x0800db36   0x00000005   Data   RW         4703    .data               run.o
    0x2000004b   0x0800db3b   0x00000006   Data   RW         7278    .data               u8x8_cad.o
    0x20000051   0x0800db41   0x00000003   PAD
    0x20000054   0x0800db44   0x0000000c   Data   RW         7834    .data               all_data.o
    0x20000060   0x0800db50   0x00000004   Data   RW         8173    .data               mc_w.l(stdout.o)
    0x20000064        -       0x00000074   Zero   RW          265    .bss                adc.o
    0x200000d8        -       0x00000054   Zero   RW          331    .bss                i2c.o
    0x2000012c        -       0x00000058   Zero   RW          373    .bss                spi.o
    0x20000184        -       0x00000090   Zero   RW          417    .bss                tim.o
    0x20000214        -       0x000000c4   Zero   RW          472    .bss                usart.o
    0x200002d8        -       0x0000000c   Zero   RW         4369    .bss                key.o
    0x200002e4        -       0x00000080   Zero   RW         4457    .bss                stm32_u8g2.o
    0x20000364        -       0x00000030   Zero   RW         4624    .bss                rocker.o
    0x20000394        -       0x00000058   Zero   RW         4785    .bss                tack_dispatch.o
    0x200003ec        -       0x00000090   Zero   RW         4881    .bss                task.o
    0x2000047c        -       0x00000400   Zero   RW         5989    .bss                u8g2_d_memory.o
    0x2000087c        -       0x00000154   Zero   RW         7833    .bss                all_data.o
    0x200009d0        -       0x00000400   Zero   RW            1    STACK               startup_stm32f103xb.o


==============================================================================

Image component sizes


      Code (inc. data)   RO Data    RW Data    ZI Data      Debug   Object Name

       336         30          0          0        116       1887   adc.o
         0          0          0         12        340       2239   all_data.o
        68          4          0          0          0        790   dma.o
       248         12          0          0          0       1007   gpio.o
       204         28          0          0         84       1757   i2c.o
       328         22          0          0         12       2361   key.o
       278         46          0          0          0     627934   main.o
         0          0          0          0          0     166659   mui_u8g2.o
       960        130          0         10          0       7775   nrf24l01.o
       536         28          0         16         48       3595   rocker.o
      1808        336          0          5          0       4461   run.o
       428         76          0          6          0       3172   send_receive_data.o
       200         20          0          0         88       1713   spi.o
        36          8        236          0       1024        808   startup_stm32f103xb.o
       344         26          0         18        128       4675   stm32_u8g2.o
       192         36          0          9          0       6053   stm32f1xx_hal.o
      1428         56          0          0          0       8590   stm32f1xx_hal_adc.o
       284          6          0          0          0       1506   stm32f1xx_hal_adc_ex.o
       304         22          0          0          0      29567   stm32f1xx_hal_cortex.o
       978         12          0          0          0       5006   stm32f1xx_hal_dma.o
       848         34          0          0          0       4036   stm32f1xx_hal_gpio.o
         0          0          0          0          0     457164   stm32f1xx_hal_gpio_ex.o
      1730         32          0          0          0       8257   stm32f1xx_hal_i2c.o
        84          8          0          0          0        934   stm32f1xx_hal_msp.o
      1748         98         18          0          0       6136   stm32f1xx_hal_rcc.o
       556         34         18          0          0       2437   stm32f1xx_hal_rcc_ex.o
      1058          6          0          0          0       4541   stm32f1xx_hal_spi.o
      1220         40          0          0          0      10356   stm32f1xx_hal_tim.o
       136         14          0          0          0       2509   stm32f1xx_hal_tim_ex.o
      2344         22          0          0          0      15209   stm32f1xx_hal_uart.o
       102         22          0          0          0       6057   stm32f1xx_it.o
         2          0         24          4          0       1179   system_stm32f1xx.o
       744         42          0          0         88       5883   tack_dispatch.o
       298         22          0          0        144       3971   task.o
       412         28          0          0        144       2915   tim.o
        74          0          0          0          0        711   u8g2_box.o
       152          0          0          0          0       2801   u8g2_buffer.o
        16          6          0          0       1024     167571   u8g2_d_memory.o
        68         14          0          0          0       1121   u8g2_d_setup.o
      1736         10          0          0          0      13632   u8g2_font.o
         0          0      23036          0          0       1067   u8g2_fonts.o
       340          0          0          0          0       2639   u8g2_hvline.o
       106          0          0          0          0       1535   u8g2_intersection.o
       238          0          0          0          0       1434   u8g2_ll_hvline.o
       994          0         72          0          0     161366   u8g2_setup.o
        26          0          0          0          0       1063   u8x8_8x8.o
        78          0          0          0          0       2629   u8x8_byte.o
       484         10          0          6          0       8268   u8x8_cad.o
       344         26        344          0          0       3179   u8x8_d_ssd1306_128x64_noname.o
       232          0          0          0          0       4374   u8x8_display.o
        26          0          0          0          0        609   u8x8_gpio.o
        94          6          0          0          0       1890   u8x8_setup.o
       420         56          0          2        196       3120   usart.o

    ----------------------------------------------------------------------
     25700       1428      23780         96       3436    1792148   Object Totals
         0          0         32          0          0          0   (incl. Generated)
        30          0          0          8          0          0   (incl. Padding)

    ----------------------------------------------------------------------

      Code (inc. data)   RO Data    RW Data    ZI Data      Debug   Library Member Name

        56          8          0          0          0         84   __0sscanf.o
        28          0          0          0          0         68   _chval.o
       812          4          0          0          0        112   _scanf.o
       332          0          0          0          0         96   _scanf_int.o
        64          0          0          0          0         84   _sgetc.o
        40          6         64          0          0         68   ctype_c.o
         0          0          0          0          0          0   entry.o
         0          0          0          0          0          0   entry10a.o
         0          0          0          0          0          0   entry11a.o
         8          4          0          0          0          0   entry2.o
         4          0          0          0          0          0   entry5.o
         0          0          0          0          0          0   entry7b.o
         0          0          0          0          0          0   entry8b.o
         8          4          0          0          0          0   entry9a.o
        30          0          0          0          0          0   handlers.o
        36          8          0          0          0         68   init.o
        10          0          0          0          0         68   isspace_c.o
         0          0          0          0          0          0   iusefp.o
        30          0          0          0          0         68   llshl.o
        36          0          0          0          0         68   llsshr.o
        32          0          0          0          0         68   llushr.o
        36          0          0          0          0         68   memcpya.o
        36          0          0          0          0        108   memseta.o
      2308         96          0          0          0        604   printfa.o
        40          8          0          0          0         84   scanf_char.o
       878         12          0          0          0        216   scanf_fp.o
         0          0          0          4          0          0   stdout.o
        44          0          0          0          0         80   uidiv.o
        98          0          0          0          0         92   uldiv.o
        48          0          0          0          0         68   cdrcmple.o
        56          0          0          0          0         88   d2f.o
       334          0          0          0          0        148   dadd.o
       222          0          0          0          0        100   ddiv.o
       186          0          0          0          0        176   depilogue.o
        50          0          0          0          0         76   dfixui.o
        48          0          0          0          0         68   dfixul.o
        34          0          0          0          0         76   dflti.o
        24          0          0          0          0         76   dfltul.o
       228          0          0          0          0         96   dmul.o
        38          0          0          0          0         68   f2d.o
       124          0          0          0          0         88   fdiv.o
       110          0          0          0          0        168   fepilogue.o
        18          0          0          0          0         68   fflti.o
        10          0          0          0          0         68   ffltui.o

    ----------------------------------------------------------------------
      6504        150         64          4          0       3536   Library Totals
         8          0          0          0          0          0   (incl. Padding)

    ----------------------------------------------------------------------

      Code (inc. data)   RO Data    RW Data    ZI Data      Debug   Library Name

      4966        150         64          4          0       2104   mc_w.l
      1530          0          0          0          0       1432   mf_w.l

    ----------------------------------------------------------------------
      6504        150         64          4          0       3536   Library Totals

    ----------------------------------------------------------------------

==============================================================================


      Code (inc. data)   RO Data    RW Data    ZI Data      Debug   

     32204       1578      23844        100       3436    1781380   Grand Totals
     32204       1578      23844        100       3436    1781380   ELF Image Totals
     32204       1578      23844        100          0          0   ROM Totals

==============================================================================

    Total RO  Size (Code + RO Data)                56048 (  54.73kB)
    Total RW  Size (RW Data + ZI Data)              3536 (   3.45kB)
    Total ROM Size (Code + RO Data + RW Data)      56148 (  54.83kB)

==============================================================================

