Component: ARM Compiler 5.06 update 5 (build 528) Tool: armlink [4d35e2]

==============================================================================

Section Cross References

    startup_stm32f103xb.o(RESET) refers to startup_stm32f103xb.o(STACK) for __initial_sp
    startup_stm32f103xb.o(RESET) refers to startup_stm32f103xb.o(.text) for Reset_Handler
    startup_stm32f103xb.o(RESET) refers to stm32f1xx_it.o(i.NMI_Handler) for NMI_Handler
    startup_stm32f103xb.o(RESET) refers to stm32f1xx_it.o(i.HardFault_Handler) for HardFault_Handler
    startup_stm32f103xb.o(RESET) refers to stm32f1xx_it.o(i.MemManage_Handler) for MemManage_Handler
    startup_stm32f103xb.o(RESET) refers to stm32f1xx_it.o(i.BusFault_Handler) for BusFault_Handler
    startup_stm32f103xb.o(RESET) refers to stm32f1xx_it.o(i.UsageFault_Handler) for UsageFault_Handler
    startup_stm32f103xb.o(RESET) refers to stm32f1xx_it.o(i.SVC_Handler) for SVC_Handler
    startup_stm32f103xb.o(RESET) refers to stm32f1xx_it.o(i.DebugMon_Handler) for DebugMon_Handler
    startup_stm32f103xb.o(RESET) refers to stm32f1xx_it.o(i.PendSV_Handler) for PendSV_Handler
    startup_stm32f103xb.o(RESET) refers to stm32f1xx_it.o(i.SysTick_Handler) for SysTick_Handler
    startup_stm32f103xb.o(RESET) refers to stm32f1xx_it.o(i.TIM1_UP_IRQHandler) for TIM1_UP_IRQHandler
    startup_stm32f103xb.o(RESET) refers to stm32f1xx_it.o(i.TIM2_IRQHandler) for TIM2_IRQHandler
    startup_stm32f103xb.o(.text) refers to system_stm32f1xx.o(i.SystemInit) for SystemInit
    startup_stm32f103xb.o(.text) refers to entry.o(.ARM.Collect$$$$00000000) for __main
    main.o(i.SystemClock_Config) refers to memseta.o(.text) for __aeabi_memclr4
    main.o(i.SystemClock_Config) refers to stm32f1xx_hal_rcc.o(i.HAL_RCC_OscConfig) for HAL_RCC_OscConfig
    main.o(i.SystemClock_Config) refers to stm32f1xx_hal_rcc.o(i.HAL_RCC_ClockConfig) for HAL_RCC_ClockConfig
    main.o(i.SystemClock_Config) refers to stm32f1xx_hal_rcc_ex.o(i.HAL_RCCEx_PeriphCLKConfig) for HAL_RCCEx_PeriphCLKConfig
    main.o(i.main) refers to stm32f1xx_hal.o(i.HAL_Init) for HAL_Init
    main.o(i.main) refers to main.o(i.SystemClock_Config) for SystemClock_Config
    main.o(i.main) refers to gpio.o(i.MX_GPIO_Init) for MX_GPIO_Init
    main.o(i.main) refers to tim.o(i.MX_TIM2_Init) for MX_TIM2_Init
    main.o(i.main) refers to tim.o(i.MX_TIM3_Init) for MX_TIM3_Init
    main.o(i.main) refers to usart.o(i.MX_USART2_UART_Init) for MX_USART2_UART_Init
    main.o(i.main) refers to tim.o(i.MX_TIM4_Init) for MX_TIM4_Init
    main.o(i.main) refers to tim.o(i.MX_TIM1_Init) for MX_TIM1_Init
    main.o(i.main) refers to spi.o(i.MX_SPI2_Init) for MX_SPI2_Init
    main.o(i.main) refers to adc.o(i.MX_ADC1_Init) for MX_ADC1_Init
    main.o(i.main) refers to stm32f1xx_hal_tim.o(i.HAL_TIM_Base_Start) for HAL_TIM_Base_Start
    main.o(i.main) refers to stm32f1xx_hal_tim.o(i.HAL_TIM_Base_Start_IT) for HAL_TIM_Base_Start_IT
    main.o(i.main) refers to stm32f1xx_hal_tim.o(i.HAL_TIM_PWM_Start) for HAL_TIM_PWM_Start
    main.o(i.main) refers to tim.o(i.Motor_Set_Duty) for Motor_Set_Duty
    main.o(i.main) refers to printfa.o(i.__0printf) for __2printf
    main.o(i.main) refers to stm32f1xx_hal.o(i.HAL_Delay) for HAL_Delay
    main.o(i.main) refers to run.o(i.ALL_Init) for ALL_Init
    main.o(i.main) refers to task.o(i.MY_Task_Begin) for MY_Task_Begin
    main.o(i.main) refers to task.o(i.While_Loop) for While_Loop
    main.o(i.main) refers to tim.o(.bss) for htim4
    gpio.o(i.MX_GPIO_Init) refers to stm32f1xx_hal_gpio.o(i.HAL_GPIO_WritePin) for HAL_GPIO_WritePin
    gpio.o(i.MX_GPIO_Init) refers to stm32f1xx_hal_gpio.o(i.HAL_GPIO_Init) for HAL_GPIO_Init
    adc.o(i.HAL_ADC_MspDeInit) refers to stm32f1xx_hal_gpio.o(i.HAL_GPIO_DeInit) for HAL_GPIO_DeInit
    adc.o(i.HAL_ADC_MspInit) refers to stm32f1xx_hal_gpio.o(i.HAL_GPIO_Init) for HAL_GPIO_Init
    adc.o(i.MX_ADC1_Init) refers to stm32f1xx_hal_adc.o(i.HAL_ADC_Init) for HAL_ADC_Init
    adc.o(i.MX_ADC1_Init) refers to main.o(i.Error_Handler) for Error_Handler
    adc.o(i.MX_ADC1_Init) refers to stm32f1xx_hal_adc.o(i.HAL_ADC_ConfigChannel) for HAL_ADC_ConfigChannel
    adc.o(i.MX_ADC1_Init) refers to adc.o(.bss) for .bss
    spi.o(i.HAL_SPI_MspDeInit) refers to stm32f1xx_hal_gpio.o(i.HAL_GPIO_DeInit) for HAL_GPIO_DeInit
    spi.o(i.HAL_SPI_MspInit) refers to stm32f1xx_hal_gpio.o(i.HAL_GPIO_Init) for HAL_GPIO_Init
    spi.o(i.MX_SPI2_Init) refers to stm32f1xx_hal_spi.o(i.HAL_SPI_Init) for HAL_SPI_Init
    spi.o(i.MX_SPI2_Init) refers to main.o(i.Error_Handler) for Error_Handler
    spi.o(i.MX_SPI2_Init) refers to spi.o(.bss) for .bss
    tim.o(i.HAL_TIM_Base_MspDeInit) refers to stm32f1xx_hal_cortex.o(i.HAL_NVIC_DisableIRQ) for HAL_NVIC_DisableIRQ
    tim.o(i.HAL_TIM_Base_MspInit) refers to stm32f1xx_hal_cortex.o(i.HAL_NVIC_SetPriority) for HAL_NVIC_SetPriority
[...]
    TIM_ITRx_SetConfig                       0x080041ff   Thumb Code    16  stm32f1xx_hal_tim.o(i.TIM_ITRx_SetConfig)
    i.TIM_OC1_SetConfig                      0x08004210   Section        0  stm32f1xx_hal_tim.o(i.TIM_OC1_SetConfig)
    TIM_OC1_SetConfig                        0x08004211   Thumb Code    74  stm32f1xx_hal_tim.o(i.TIM_OC1_SetConfig)
    i.TIM_OC2_SetConfig                      0x08004260   Section        0  stm32f1xx_hal_tim.o(i.TIM_OC2_SetConfig)
    i.TIM_OC3_SetConfig                      0x080042b8   Section        0  stm32f1xx_hal_tim.o(i.TIM_OC3_SetConfig)
    TIM_OC3_SetConfig                        0x080042b9   Thumb Code    82  stm32f1xx_hal_tim.o(i.TIM_OC3_SetConfig)
    i.TIM_OC4_SetConfig                      0x08004310   Section        0  stm32f1xx_hal_tim.o(i.TIM_OC4_SetConfig)
    TIM_OC4_SetConfig                        0x08004311   Thumb Code    64  stm32f1xx_hal_tim.o(i.TIM_OC4_SetConfig)
    i.TIM_TI1_ConfigInputStage               0x08004354   Section        0  stm32f1xx_hal_tim.o(i.TIM_TI1_ConfigInputStage)
    TIM_TI1_ConfigInputStage                 0x08004355   Thumb Code    34  stm32f1xx_hal_tim.o(i.TIM_TI1_ConfigInputStage)
    i.TIM_TI2_ConfigInputStage               0x08004376   Section        0  stm32f1xx_hal_tim.o(i.TIM_TI2_ConfigInputStage)
    TIM_TI2_ConfigInputStage                 0x08004377   Thumb Code    36  stm32f1xx_hal_tim.o(i.TIM_TI2_ConfigInputStage)
    i.Task_Cnt_Check                         0x0800439c   Section        0  tack_dispatch.o(i.Task_Cnt_Check)
    i.Task_Cnt_Inc                           0x08004418   Section        0  tack_dispatch.o(i.Task_Cnt_Inc)
    i.Tsak_Init                              0x08004444   Section        0  tack_dispatch.o(i.Tsak_Init)
    i.UART_SetConfig                         0x0800447c   Section        0  stm32f1xx_hal_uart.o(i.UART_SetConfig)
    UART_SetConfig                           0x0800447d   Thumb Code   178  stm32f1xx_hal_uart.o(i.UART_SetConfig)
    i.UsageFault_Handler                     0x08004534   Section        0  stm32f1xx_it.o(i.UsageFault_Handler)
    i.While_Loop                             0x08004536   Section        0  task.o(i.While_Loop)
    i.__0printf                              0x0800453c   Section        0  printfa.o(i.__0printf)
    i.__ARM_fpclassifyf                      0x0800455c   Section        0  fpclassifyf.o(i.__ARM_fpclassifyf)
    i.__NVIC_SetPriority                     0x08004582   Section        0  stm32f1xx_hal_cortex.o(i.__NVIC_SetPriority)
    __NVIC_SetPriority                       0x08004583   Thumb Code    32  stm32f1xx_hal_cortex.o(i.__NVIC_SetPriority)
    i.__mathlib_flt_divzero                  0x080045a2   Section        0  funder.o(i.__mathlib_flt_divzero)
    i.__mathlib_flt_infnan                   0x080045ac   Section        0  funder.o(i.__mathlib_flt_infnan)
    i.__mathlib_flt_infnan2                  0x080045b2   Section        0  funder.o(i.__mathlib_flt_infnan2)
    i.__mathlib_flt_invalid                  0x080045b6   Section        0  funder.o(i.__mathlib_flt_invalid)
    i.__mathlib_flt_overflow                 0x080045be   Section        0  funder.o(i.__mathlib_flt_overflow)
    i.__mathlib_flt_underflow                0x080045c8   Section        0  funder.o(i.__mathlib_flt_underflow)
    i.__scatterload_copy                     0x080045d2   Section       14  handlers.o(i.__scatterload_copy)
    i.__scatterload_null                     0x080045e0   Section        2  handlers.o(i.__scatterload_null)
    i.__scatterload_zeroinit                 0x080045e2   Section       14  handlers.o(i.__scatterload_zeroinit)
    i.__set_errno                            0x080045f0   Section        0  errno.o(i.__set_errno)
    i._fp_digits                             0x080045fc   Section        0  printfa.o(i._fp_digits)
    _fp_digits                               0x080045fd   Thumb Code   366  printfa.o(i._fp_digits)
    i._printf_core                           0x08004780   Section        0  printfa.o(i._printf_core)
    _printf_core                             0x08004781   Thumb Code  1744  printfa.o(i._printf_core)
    i._printf_post_padding                   0x08004e5c   Section        0  printfa.o(i._printf_post_padding)
    _printf_post_padding                     0x08004e5d   Thumb Code    36  printfa.o(i._printf_post_padding)
    i._printf_pre_padding                    0x08004e80   Section        0  printfa.o(i._printf_pre_padding)
    _printf_pre_padding                      0x08004e81   Thumb Code    46  printfa.o(i._printf_pre_padding)
    i.asinf                                  0x08004eb0   Section        0  asinf.o(i.asinf)
    i.atan2f                                 0x08004fd4   Section        0  atan2f.o(i.atan2f)
    i.bmp280_GetAltitude                     0x08005230   Section        0  bmp280.o(i.bmp280_GetAltitude)
    i.bmp280_GetPressure                     0x08005280   Section        0  bmp280.o(i.bmp280_GetPressure)
    i.bmp280_GetRelativeAltitude             0x08005404   Section        0  bmp280.o(i.bmp280_GetRelativeAltitude)
    i.bmp280_GetTemperature                  0x0800541c   Section        0  bmp280.o(i.bmp280_GetTemperature)
    i.bmp280_Init                            0x0800545c   Section        0  bmp280.o(i.bmp280_Init)
    i.bmp280_MultipleReadThree               0x08005504   Section        0  bmp280.o(i.bmp280_MultipleReadThree)
    i.bmp280_MultipleReadTwo                 0x08005556   Section        0  bmp280.o(i.bmp280_MultipleReadTwo)
    i.bmp280_Read_RelativeAltitude           0x0800559c   Section        0  bmp280.o(i.bmp280_Read_RelativeAltitude)
    i.bmp280_SetRelativeZero                 0x080055a8   Section        0  bmp280.o(i.bmp280_SetRelativeZero)
    i.bmp280_WriteByte                       0x080055dc   Section        0  bmp280.o(i.bmp280_WriteByte)
    i.fputc                                  0x08005614   Section        0  usart.o(i.fputc)
    i.main                                   0x08005628   Section        0  main.o(i.main)
    i.powf                                   0x080056cc   Section        0  powf.o(i.powf)
    i.quat_derivative                        0x08005cec   Section        0  imu.o(i.quat_derivative)
    quat_derivative                          0x08005ced   Thumb Code   226  imu.o(i.quat_derivative)
    i.quat_normalize                         0x08005dce   Section        0  imu.o(i.quat_normalize)
    quat_normalize                           0x08005dcf   Thumb Code   142  imu.o(i.quat_normalize)
    i.quat_to_euler_deg                      0x08005e5c   Section        0  imu.o(i.quat_to_euler_deg)
    quat_to_euler_deg                        0x08005e5d   Thumb Code   298  imu.o(i.quat_to_euler_deg)
    i.sqrtf                                  0x08005f9c   Section        0  sqrtf.o(i.sqrtf)
    .constdata                               0x08005fc8   Section       18  stm32f1xx_hal_rcc.o(.constdata)
    aPredivFactorTable                       0x08005fc8   Data           2  stm32f1xx_hal_rcc.o(.constdata)
    aPLLMULFactorTable                       0x08005fca   Data          16  stm32f1xx_hal_rcc.o(.constdata)
    .constdata                               0x08005fda   Section       16  system_stm32f1xx.o(.constdata)
    .constdata                               0x08005fea   Section        8  system_stm32f1xx.o(.constdata)
    .constdata                               0x08005ff4   Section      320  powf.o(.constdata)
    table                                    0x08005ff4   Data         128  powf.o(.constdata)
    powersof2to1over16top                    0x08006074   Data          64  powf.o(.constdata)
    powersof2to1over16bot                    0x080060b4   Data          64  powf.o(.constdata)
    powersof2to1over16all                    0x080060f4   Data          64  powf.o(.constdata)
    .data                                    0x20000000   Section       12  stm32f1xx_hal.o(.data)
    .data                                    0x2000000c   Section        4  system_stm32f1xx.o(.data)
    .data                                    0x20000010   Section        8  mpu6050.o(.data)
    .data                                    0x20000018   Section       10  nrf24l01.o(.data)
    .data                                    0x20000024   Section       52  bmp280.o(.data)
    .data                                    0x20000058   Section        6  send_receive_data.o(.data)
    RX_Time_Cnt                              0x2000005c   Data           2  send_receive_data.o(.data)
    .data                                    0x20000060   Section       44  body_control.o(.data)
    base_speed                               0x20000060   Data           2  body_control.o(.data)
    tick                                     0x20000064   Data           4  body_control.o(.data)
    roll_rate_exp                            0x20000068   Data           4  body_control.o(.data)
    pitch_rate_exp                           0x2000006c   Data           4  body_control.o(.data)
    yaw_rate_exp                             0x20000070   Data           4  body_control.o(.data)
    tick                                     0x20000074   Data           4  body_control.o(.data)
    roll_exp                                 0x20000078   Data           4  body_control.o(.data)
    pitch_exp                                0x2000007c   Data           4  body_control.o(.data)
    roll_rate_exp                            0x20000080   Data           4  body_control.o(.data)
    pitch_rate_exp                           0x20000084   Data           4  body_control.o(.data)
    yaw_rate_exp                             0x20000088   Data           4  body_control.o(.data)
    .data                                    0x2000008c   Section        4  pid.o(.data)
    time                                     0x2000008c   Data           4  pid.o(.data)
    .data                                    0x20000090   Section       40  imu.o(.data)
    Mahony_Kp                                0x20000094   Data           4  imu.o(.data)
    Mahony_Ki                                0x20000098   Data           4  imu.o(.data)
    exInt                                    0x2000009c   Data           4  imu.o(.data)
    eyInt                                    0x200000a0   Data           4  imu.o(.data)
    ezInt                                    0x200000a4   Data           4  imu.o(.data)
    K_Quat                                   0x200000a8   Data          16  imu.o(.data)
    .data                                    0x200000b8   Section        1  all_data.o(.data)
    .data                                    0x200000ba   Section        8  all_data.o(.data)
    .data                                    0x200000c4   Section        4  all_data.o(.data)
    .data                                    0x200000c8   Section       24  run.o(.data)
    roll_rate_exp                            0x200000c8   Data           4  run.o(.data)
    .data                                    0x200000e0   Section        4  stdout.o(.data)
    .data                                    0x200000e4   Section        4  errno.o(.data)
    _errno                                   0x200000e4   Data           4  errno.o(.data)
    .bss                                     0x200000e8   Section       48  adc.o(.bss)
    .bss                                     0x20000118   Section       88  spi.o(.bss)
    .bss                                     0x20000170   Section      288  tim.o(.bss)
    .bss                                     0x20000290   Section       72  usart.o(.bss)
    .bss                                     0x200002d8   Section       28  mpu6050.o(.bss)
    .bss                                     0x200002f4   Section      468  body_control.o(.bss)
    .bss                                     0x200004c8   Section       40  imu.o(.bss)
    K_Euler_angle                            0x200004c8   Data          12  imu.o(.bss)
    mpu_data                                 0x200004d4   Data          28  imu.o(.bss)
    .bss                                     0x200004f0   Section       32  all_data.o(.bss)
    .bss                                     0x20000510   Section       32  all_data.o(.bss)
    .bss                                     0x20000530   Section       20  all_data.o(.bss)
    .bss                                     0x20000544   Section       28  all_data.o(.bss)
    .bss                                     0x20000560   Section       12  all_data.o(.bss)
    .bss                                     0x2000056c   Section       12  all_data.o(.bss)
    .bss                                     0x20000578   Section       16  all_data.o(.bss)
    .bss                                     0x20000588   Section       88  tack_dispatch.o(.bss)
    .bss                                     0x200005e0   Section       80  task.o(.bss)
    STACK                                    0x20000630   Section     1024  startup_stm32f103xb.o(STACK)

    Global Symbols

    Symbol Name                              Value     Ov Type        Size  Object(Section)

    BuildAttributes$$THM_ISAv4$P$D$K$B$S$PE$A:L22UL41UL21$X:L11$S22US41US21$IEEE1$IW$USESV6$~STKCKD$USESV7$~SHL$OTIME$ROPI$IEEEX$EBA8$MICROLIB$REQ8$PRES8$EABIv2 0x00000000   Number         0  anon$$obj.o ABSOLUTE
    __ARM_use_no_argv                        0x00000000   Number         0  main.o ABSOLUTE
    _printf_a                                0x00000000   Number         0  stubs.o ABSOLUTE
    _printf_c                                0x00000000   Number         0  stubs.o ABSOLUTE
    _printf_charcount                        0x00000000   Number         0  stubs.o ABSOLUTE
    _printf_d                                0x00000000   Number         0  stubs.o ABSOLUTE
    _printf_e                                0x00000000   Number         0  stubs.o ABSOLUTE
    _printf_f                                0x00000000   Number         0  stubs.o ABSOLUTE
    _printf_flags                            0x00000000   Number         0  stubs.o ABSOLUTE
    _printf_fp_dec                           0x00000000   Number         0  stubs.o ABSOLUTE
    _printf_fp_hex                           0x00000000   Number         0  stubs.o ABSOLUTE
    _printf_g                                0x00000000   Number         0  stubs.o ABSOLUTE
    _printf_i                                0x00000000   Number         0  stubs.o ABSOLUTE
    _printf_int_dec                          0x00000000   Number         0  stubs.o ABSOLUTE
    _printf_l                                0x00000000   Number         0  stubs.o ABSOLUTE
    _printf_lc                               0x00000000   Number         0  stubs.o ABSOLUTE
    _printf_ll                               0x00000000   Number         0  stubs.o ABSOLUTE
    _printf_lld                              0x00000000   Number         0  stubs.o ABSOLUTE
    _printf_lli                              0x00000000   Number         0  stubs.o ABSOLUTE
    _printf_llo                              0x00000000   Number         0  stubs.o ABSOLUTE
    _printf_llu                              0x00000000   Number         0  stubs.o ABSOLUTE
    _printf_llx                              0x00000000   Number         0  stubs.o ABSOLUTE
    _printf_longlong_dec                     0x00000000   Number         0  stubs.o ABSOLUTE
    _printf_longlong_hex                     0x00000000   Number         0  stubs.o ABSOLUTE
    _printf_longlong_oct                     0x00000000   Number         0  stubs.o ABSOLUTE
    _printf_ls                               0x00000000   Number         0  stubs.o ABSOLUTE
    _printf_mbtowc                           0x00000000   Number         0  stubs.o ABSOLUTE
    _printf_n                                0x00000000   Number         0  stubs.o ABSOLUTE
    _printf_o                                0x00000000   Number         0  stubs.o ABSOLUTE
    _printf_p                                0x00000000   Number         0  stubs.o ABSOLUTE
    _printf_percent                          0x00000000   Number         0  stubs.o ABSOLUTE
    _printf_pre_padding                      0x00000000   Number         0  stubs.o ABSOLUTE
    _printf_return_value                     0x00000000   Number         0  stubs.o ABSOLUTE
    _printf_s                                0x00000000   Number         0  stubs.o ABSOLUTE
    _printf_sizespec                         0x00000000   Number         0  stubs.o ABSOLUTE
    _printf_str                              0x00000000   Number         0  stubs.o ABSOLUTE
    _printf_truncate_signed                  0x00000000   Number         0  stubs.o ABSOLUTE
    _printf_truncate_unsigned                0x00000000   Number         0  stubs.o ABSOLUTE
    _printf_u                                0x00000000   Number         0  stubs.o ABSOLUTE
    _printf_wc                               0x00000000   Number         0  stubs.o ABSOLUTE
    _printf_wctomb                           0x00000000   Number         0  stubs.o ABSOLUTE
    _printf_widthprec                        0x00000000   Number         0  stubs.o ABSOLUTE
    _printf_x                                0x00000000   Number         0  stubs.o ABSOLUTE
    __cpp_initialize__aeabi_                  - Undefined Weak Reference
    __cxa_finalize                            - Undefined Weak Reference
    __decompress                              - Undefined Weak Reference
    _clock_init                               - Undefined Weak Reference
    _microlib_exit                            - Undefined Weak Reference
    _scanf_longlong                           - Undefined Weak Reference
    _scanf_string                             - Undefined Weak Reference
    __Vectors_Size                           0x000000ec   Number         0  startup_stm32f103xb.o ABSOLUTE
    __Vectors                                0x08000000   Data           4  startup_stm32f103xb.o(RESET)
    __Vectors_End                            0x080000ec   Data           0  startup_stm32f103xb.o(RESET)
    __main                                   0x080000ed   Thumb Code     0  entry.o(.ARM.Collect$$$$00000000)
    _main_stk                                0x080000ed   Thumb Code     0  entry2.o(.ARM.Collect$$$$00000001)
    _main_scatterload                        0x080000f1   Thumb Code     0  entry5.o(.ARM.Collect$$$$00000004)
    __main_after_scatterload                 0x080000f5   Thumb Code     0  entry5.o(.ARM.Collect$$$$00000004)
    _main_clock                              0x080000f5   Thumb Code     0  entry7b.o(.ARM.Collect$$$$00000008)
    _main_cpp_init                           0x080000f5   Thumb Code     0  entry8b.o(.ARM.Collect$$$$0000000A)
    _main_init                               0x080000f5   Thumb Code     0  entry9a.o(.ARM.Collect$$$$0000000B)
    __rt_final_cpp                           0x080000fd   Thumb Code     0  entry10a.o(.ARM.Collect$$$$0000000D)
    __rt_final_exit                          0x080000fd   Thumb Code     0  entry11a.o(.ARM.Collect$$$$0000000F)
    Reset_Handler                            0x08000101   Thumb Code     8  startup_stm32f103xb.o(.text)
    ADC1_2_IRQHandler                        0x0800011b   Thumb Code     0  startup_stm32f103xb.o(.text)
    CAN1_RX1_IRQHandler                      0x0800011b   Thumb Code     0  startup_stm32f103xb.o(.text)
    CAN1_SCE_IRQHandler                      0x0800011b   Thumb Code     0  startup_stm32f103xb.o(.text)
    DMA1_Channel1_IRQHandler                 0x0800011b   Thumb Code     0  startup_stm32f103xb.o(.text)
    DMA1_Channel2_IRQHandler                 0x0800011b   Thumb Code     0  startup_stm32f103xb.o(.text)
    DMA1_Channel3_IRQHandler                 0x0800011b   Thumb Code     0  startup_stm32f103xb.o(.text)
    DMA1_Channel4_IRQHandler                 0x0800011b   Thumb Code     0  startup_stm32f103xb.o(.text)
    DMA1_Channel5_IRQHandler                 0x0800011b   Thumb Code     0  startup_stm32f103xb.o(.text)
    DMA1_Channel6_IRQHandler                 0x0800011b   Thumb Code     0  startup_stm32f103xb.o(.text)
    DMA1_Channel7_IRQHandler                 0x0800011b   Thumb Code     0  startup_stm32f103xb.o(.text)
    EXTI0_IRQHandler                         0x0800011b   Thumb Code     0  startup_stm32f103xb.o(.text)
    EXTI15_10_IRQHandler                     0x0800011b   Thumb Code     0  startup_stm32f103xb.o(.text)
    EXTI1_IRQHandler                         0x0800011b   Thumb Code     0  startup_stm32f103xb.o(.text)
    EXTI2_IRQHandler                         0x0800011b   Thumb Code     0  startup_stm32f103xb.o(.text)
    EXTI3_IRQHandler                         0x0800011b   Thumb Code     0  startup_stm32f103xb.o(.text)
    EXTI4_IRQHandler                         0x0800011b   Thumb Code     0  startup_stm32f103xb.o(.text)
    EXTI9_5_IRQHandler                       0x0800011b   Thumb Code     0  startup_stm32f103xb.o(.text)
    FLASH_IRQHandler                         0x0800011b   Thumb Code     0  startup_stm32f103xb.o(.text)
    I2C1_ER_IRQHandler                       0x0800011b   Thumb Code     0  startup_stm32f103xb.o(.text)
    I2C1_EV_IRQHandler                       0x0800011b   Thumb Code     0  startup_stm32f103xb.o(.text)
    I2C2_ER_IRQHandler                       0x0800011b   Thumb Code     0  startup_stm32f103xb.o(.text)
    I2C2_EV_IRQHandler                       0x0800011b   Thumb Code     0  startup_stm32f103xb.o(.text)
    PVD_IRQHandler                           0x0800011b   Thumb Code     0  startup_stm32f103xb.o(.text)
    RCC_IRQHandler                           0x0800011b   Thumb Code     0  startup_stm32f103xb.o(.text)
    RTC_Alarm_IRQHandler                     0x0800011b   Thumb Code     0  startup_stm32f103xb.o(.text)
    RTC_IRQHandler                           0x0800011b   Thumb Code     0  startup_stm32f103xb.o(.text)
    SPI1_IRQHandler                          0x0800011b   Thumb Code     0  startup_stm32f103xb.o(.text)
    SPI2_IRQHandler                          0x0800011b   Thumb Code     0  startup_stm32f103xb.o(.text)
    TAMPER_IRQHandler                        0x0800011b   Thumb Code     0  startup_stm32f103xb.o(.text)
    TIM1_BRK_IRQHandler                      0x0800011b   Thumb Code     0  startup_stm32f103xb.o(.text)
    TIM1_CC_IRQHandler                       0x0800011b   Thumb Code     0  startup_stm32f103xb.o(.text)
    TIM1_TRG_COM_IRQHandler                  0x0800011b   Thumb Code     0  startup_stm32f103xb.o(.text)
    TIM3_IRQHandler                          0x0800011b   Thumb Code     0  startup_stm32f103xb.o(.text)
    TIM4_IRQHandler                          0x0800011b   Thumb Code     0  startup_stm32f103xb.o(.text)
    USART1_IRQHandler                        0x0800011b   Thumb Code     0  startup_stm32f103xb.o(.text)
    USART2_IRQHandler                        0x0800011b   Thumb Code     0  startup_stm32f103xb.o(.text)
    USART3_IRQHandler                        0x0800011b   Thumb Code     0  startup_stm32f103xb.o(.text)
    USBWakeUp_IRQHandler                     0x0800011b   Thumb Code     0  startup_stm32f103xb.o(.text)
    USB_HP_CAN1_TX_IRQHandler                0x0800011b   Thumb Code     0  startup_stm32f103xb.o(.text)
    USB_LP_CAN1_RX0_IRQHandler               0x0800011b   Thumb Code     0  startup_stm32f103xb.o(.text)
    WWDG_IRQHandler                          0x0800011b   Thumb Code     0  startup_stm32f103xb.o(.text)
    __aeabi_ldivmod                          0x08000125   Thumb Code    98  ldiv.o(.text)
    __aeabi_llsr                             0x08000187   Thumb Code    32  llushr.o(.text)
    _ll_ushift_r                             0x08000187   Thumb Code     0  llushr.o(.text)
    __aeabi_memcpy                           0x080001a7   Thumb Code    36  memcpya.o(.text)
    __aeabi_memcpy4                          0x080001a7   Thumb Code     0  memcpya.o(.text)
    __aeabi_memcpy8                          0x080001a7   Thumb Code     0  memcpya.o(.text)
    __aeabi_memset                           0x080001cb   Thumb Code    14  memseta.o(.text)
    __aeabi_memset4                          0x080001cb   Thumb Code     0  memseta.o(.text)
    __aeabi_memset8                          0x080001cb   Thumb Code     0  memseta.o(.text)
    __aeabi_memclr                           0x080001d9   Thumb Code     4  memseta.o(.text)
    __aeabi_memclr4                          0x080001d9   Thumb Code     0  memseta.o(.text)
    __aeabi_memclr8                          0x080001d9   Thumb Code     0  memseta.o(.text)
    _memset$wrapper                          0x080001dd   Thumb Code    18  memseta.o(.text)
    __aeabi_fadd                             0x080001ef   Thumb Code   164  fadd.o(.text)
    __aeabi_fsub                             0x08000293   Thumb Code     6  fadd.o(.text)
    __aeabi_frsub                            0x08000299   Thumb Code     6  fadd.o(.text)
    __aeabi_fmul                             0x0800029f   Thumb Code   100  fmul.o(.text)
    __aeabi_fdiv                             0x08000303   Thumb Code   124  fdiv.o(.text)
    __ARM_scalbnf                            0x0800037f   Thumb Code    24  fscalb.o(.text)
    scalbnf                                  0x0800037f   Thumb Code     0  fscalb.o(.text)
    __aeabi_i2f                              0x08000397   Thumb Code    18  fflti.o(.text)
    __aeabi_ui2f                             0x080003a9   Thumb Code    10  ffltui.o(.text)
    __aeabi_f2iz                             0x080003b3   Thumb Code    50  ffixi.o(.text)
    __aeabi_f2uiz                            0x080003e5   Thumb Code    40  ffixui.o(.text)
    __aeabi_f2d                              0x0800040d   Thumb Code    38  f2d.o(.text)
    __aeabi_cfcmpeq                          0x08000435   Thumb Code     0  cfcmple.o(.text)
    __aeabi_cfcmple                          0x08000435   Thumb Code    20  cfcmple.o(.text)
    __aeabi_cfrcmple                         0x08000449   Thumb Code    20  cfrcmple.o(.text)
    __aeabi_uidiv                            0x0800045d   Thumb Code     0  uidiv.o(.text)
    __aeabi_uidivmod                         0x0800045d   Thumb Code    44  uidiv.o(.text)
    __aeabi_uldivmod                         0x08000489   Thumb Code    98  uldiv.o(.text)
    __I$use$fp                               0x080004eb   Thumb Code     0  iusefp.o(.text)
    _float_round                             0x080004eb   Thumb Code    18  fepilogue.o(.text)
    _float_epilogue                          0x080004fd   Thumb Code    92  fepilogue.o(.text)
    _fsqrt                                   0x08000559   Thumb Code    94  fsqrt.o(.text)
    __aeabi_dadd                             0x080005b7   Thumb Code   322  dadd.o(.text)
    __aeabi_dsub                             0x080006f9   Thumb Code     6  dadd.o(.text)
    __aeabi_drsub                            0x080006ff   Thumb Code     6  dadd.o(.text)
    __aeabi_dmul                             0x08000705   Thumb Code   228  dmul.o(.text)
    __aeabi_ddiv                             0x080007e9   Thumb Code   222  ddiv.o(.text)
    __aeabi_d2ulz                            0x080008c7   Thumb Code    48  dfixul.o(.text)
    _ffix_r                                  0x080008f7   Thumb Code    76  ffixir.o(.text)
    __aeabi_cdrcmple                         0x08000945   Thumb Code    48  cdrcmple.o(.text)
    __fp_status                              0x08000975   Thumb Code     4  fpstat.o(.text)
    __ieee_status                            0x08000975   Thumb Code     0  fpstat.o(.text)
    __scatterload                            0x08000979   Thumb Code    28  init.o(.text)
    __scatterload_rt2                        0x08000979   Thumb Code     0  init.o(.text)
    __aeabi_llsl                             0x0800099d   Thumb Code    30  llshl.o(.text)
    _ll_shift_l                              0x0800099d   Thumb Code     0  llshl.o(.text)
    __aeabi_lasr                             0x080009bb   Thumb Code    36  llsshr.o(.text)
    _ll_sshift_r                             0x080009bb   Thumb Code     0  llsshr.o(.text)
    _double_round                            0x080009df   Thumb Code    30  depilogue.o(.text)
    _double_epilogue                         0x080009fd   Thumb Code   156  depilogue.o(.text)
    ADC_ConversionStop_Disable               0x08000a99   Thumb Code    86  stm32f1xx_hal_adc.o(i.ADC_ConversionStop_Disable)
    ADC_Enable                               0x08000af1   Thumb Code   114  stm32f1xx_hal_adc.o(i.ADC_Enable)
    ALL_Init                                 0x08000b6d   Thumb Code    40  run.o(i.ALL_Init)
    Add_Task                                 0x08000b99   Thumb Code   104  tack_dispatch.o(i.Add_Task)
    Body_Attitude_Control                    0x08000c05   Thumb Code    84  body_control.o(i.Body_Attitude_Control)
    Body_Balance_PID_Change                  0x08000c69   Thumb Code   118  body_control.o(i.Body_Balance_PID_Change)
    Body_Balance_PID_Change_NRF              0x08000ce5   Thumb Code    12  body_control.o(i.Body_Balance_PID_Change_NRF)
    Body_Balance_PID_Init                    0x08000cf5   Thumb Code   170  body_control.o(i.Body_Balance_PID_Init)
    Body_Balance_PID_Isum_Clear              0x08000de5   Thumb Code    28  body_control.o(i.Body_Balance_PID_Isum_Clear)
    Body_Control_Inf_Update                  0x08000e05   Thumb Code   106  send_receive_data.o(i.Body_Control_Inf_Update)
    Body_Rate_Control                        0x08000e81   Thumb Code   274  body_control.o(i.Body_Rate_Control)
    BusFault_Handler                         0x08000f9d   Thumb Code     2  stm32f1xx_it.o(i.BusFault_Handler)
    Data_T_AND_R                             0x08000fa1   Thumb Code    64  send_receive_data.o(i.Data_T_AND_R)
    DebugMon_Handler                         0x08000ff1   Thumb Code     2  stm32f1xx_it.o(i.DebugMon_Handler)
    Drone_Control_Task                       0x08000ff5   Thumb Code    62  run.o(i.Drone_Control_Task)
    Drone_PID_Parameter_Usart_show           0x08001041   Thumb Code    38  run.o(i.Drone_PID_Parameter_Usart_show)
    Error_Handler                            0x08001079   Thumb Code     4  main.o(i.Error_Handler)
    Eular_Angle_Update                       0x0800107d   Thumb Code    34  run.o(i.Eular_Angle_Update)
    Get_Body_Power                           0x080010a9   Thumb Code    42  run.o(i.Get_Body_Power)
    HAL_ADC_ConfigChannel                    0x080010e1   Thumb Code   240  stm32f1xx_hal_adc.o(i.HAL_ADC_ConfigChannel)
    HAL_ADC_GetValue                         0x080011dd   Thumb Code     6  stm32f1xx_hal_adc.o(i.HAL_ADC_GetValue)
    HAL_ADC_Init                             0x080011e5   Thumb Code   272  stm32f1xx_hal_adc.o(i.HAL_ADC_Init)
    HAL_ADC_MspInit                          0x08001301   Thumb Code    76  adc.o(i.HAL_ADC_MspInit)
    HAL_ADC_Start                            0x08001359   Thumb Code   184  stm32f1xx_hal_adc.o(i.HAL_ADC_Start)
    HAL_Delay                                0x08001419   Thumb Code    32  stm32f1xx_hal.o(i.HAL_Delay)
    HAL_GPIO_Init                            0x0800143d   Thumb Code   446  stm32f1xx_hal_gpio.o(i.HAL_GPIO_Init)
    HAL_GPIO_ReadPin                         0x0800161d   Thumb Code    10  stm32f1xx_hal_gpio.o(i.HAL_GPIO_ReadPin)
    HAL_GPIO_WritePin                        0x08001627   Thumb Code    10  stm32f1xx_hal_gpio.o(i.HAL_GPIO_WritePin)
    HAL_GetTick                              0x08001631   Thumb Code     6  stm32f1xx_hal.o(i.HAL_GetTick)
    HAL_IncTick                              0x0800163d   Thumb Code    12  stm32f1xx_hal.o(i.HAL_IncTick)
    HAL_Init                                 0x0800164d   Thumb Code    32  stm32f1xx_hal.o(i.HAL_Init)
    HAL_InitTick                             0x08001671   Thumb Code    54  stm32f1xx_hal.o(i.HAL_InitTick)
    HAL_MspInit                              0x080016b1   Thumb Code    52  stm32f1xx_hal_msp.o(i.HAL_MspInit)
    HAL_NVIC_EnableIRQ                       0x080016ed   Thumb Code    26  stm32f1xx_hal_cortex.o(i.HAL_NVIC_EnableIRQ)
    HAL_NVIC_SetPriority                     0x08001709   Thumb Code    60  stm32f1xx_hal_cortex.o(i.HAL_NVIC_SetPriority)
    HAL_NVIC_SetPriorityGrouping             0x08001749   Thumb Code    26  stm32f1xx_hal_cortex.o(i.HAL_NVIC_SetPriorityGrouping)
    HAL_RCCEx_PeriphCLKConfig                0x0800176d   Thumb Code   224  stm32f1xx_hal_rcc_ex.o(i.HAL_RCCEx_PeriphCLKConfig)
    HAL_RCC_ClockConfig                      0x08001859   Thumb Code   280  stm32f1xx_hal_rcc.o(i.HAL_RCC_ClockConfig)
    HAL_RCC_GetPCLK1Freq                     0x08001985   Thumb Code    20  stm32f1xx_hal_rcc.o(i.HAL_RCC_GetPCLK1Freq)
    HAL_RCC_GetPCLK2Freq                     0x080019a5   Thumb Code    20  stm32f1xx_hal_rcc.o(i.HAL_RCC_GetPCLK2Freq)
    HAL_RCC_GetSysClockFreq                  0x080019c5   Thumb Code    58  stm32f1xx_hal_rcc.o(i.HAL_RCC_GetSysClockFreq)
    HAL_RCC_OscConfig                        0x08001a11   Thumb Code   778  stm32f1xx_hal_rcc.o(i.HAL_RCC_OscConfig)
    HAL_SPI_Init                             0x08001d31   Thumb Code   178  stm32f1xx_hal_spi.o(i.HAL_SPI_Init)
    HAL_SPI_MspInit                          0x08001de5   Thumb Code   102  spi.o(i.HAL_SPI_MspInit)
    HAL_SPI_TransmitReceive                  0x08001e59   Thumb Code   496  stm32f1xx_hal_spi.o(i.HAL_SPI_TransmitReceive)
    HAL_SYSTICK_Config                       0x08002049   Thumb Code    40  stm32f1xx_hal_cortex.o(i.HAL_SYSTICK_Config)
    HAL_TIMEx_BreakCallback                  0x08002071   Thumb Code     2  stm32f1xx_hal_tim_ex.o(i.HAL_TIMEx_BreakCallback)
    HAL_TIMEx_CommutCallback                 0x08002073   Thumb Code     2  stm32f1xx_hal_tim_ex.o(i.HAL_TIMEx_CommutCallback)
    HAL_TIMEx_ConfigBreakDeadTime            0x08002075   Thumb Code    84  stm32f1xx_hal_tim_ex.o(i.HAL_TIMEx_ConfigBreakDeadTime)
    HAL_TIMEx_MasterConfigSynchronization    0x080020c9   Thumb Code    92  stm32f1xx_hal_tim_ex.o(i.HAL_TIMEx_MasterConfigSynchronization)
    HAL_TIM_Base_Init                        0x08002131   Thumb Code    90  stm32f1xx_hal_tim.o(i.HAL_TIM_Base_Init)
    HAL_TIM_Base_MspInit                     0x0800218d   Thumb Code   130  tim.o(i.HAL_TIM_Base_MspInit)
    HAL_TIM_Base_Start                       0x08002221   Thumb Code    66  stm32f1xx_hal_tim.o(i.HAL_TIM_Base_Start)
    HAL_TIM_Base_Start_IT                    0x08002271   Thumb Code    76  stm32f1xx_hal_tim.o(i.HAL_TIM_Base_Start_IT)
    HAL_TIM_ConfigClockSource                0x080022c9   Thumb Code   220  stm32f1xx_hal_tim.o(i.HAL_TIM_ConfigClockSource)
    HAL_TIM_IC_CaptureCallback               0x080023a5   Thumb Code     2  stm32f1xx_hal_tim.o(i.HAL_TIM_IC_CaptureCallback)
    HAL_TIM_IRQHandler                       0x080023a7   Thumb Code   304  stm32f1xx_hal_tim.o(i.HAL_TIM_IRQHandler)
    HAL_TIM_MspPostInit                      0x080024d9   Thumb Code   122  tim.o(i.HAL_TIM_MspPostInit)
    HAL_TIM_OC_DelayElapsedCallback          0x0800256d   Thumb Code     2  stm32f1xx_hal_tim.o(i.HAL_TIM_OC_DelayElapsedCallback)
    HAL_TIM_PWM_ConfigChannel                0x0800256f   Thumb Code   204  stm32f1xx_hal_tim.o(i.HAL_TIM_PWM_ConfigChannel)
    HAL_TIM_PWM_Init                         0x0800263b   Thumb Code    90  stm32f1xx_hal_tim.o(i.HAL_TIM_PWM_Init)
    HAL_TIM_PWM_MspInit                      0x08002695   Thumb Code     2  stm32f1xx_hal_tim.o(i.HAL_TIM_PWM_MspInit)
    HAL_TIM_PWM_PulseFinishedCallback        0x08002697   Thumb Code     2  stm32f1xx_hal_tim.o(i.HAL_TIM_PWM_PulseFinishedCallback)
    HAL_TIM_PWM_Start                        0x08002699   Thumb Code   144  stm32f1xx_hal_tim.o(i.HAL_TIM_PWM_Start)
    HAL_TIM_PeriodElapsedCallback            0x08002735   Thumb Code    24  tack_dispatch.o(i.HAL_TIM_PeriodElapsedCallback)
    HAL_TIM_TriggerCallback                  0x0800274d   Thumb Code     2  stm32f1xx_hal_tim.o(i.HAL_TIM_TriggerCallback)
    HAL_UART_Init                            0x0800274f   Thumb Code   100  stm32f1xx_hal_uart.o(i.HAL_UART_Init)
    HAL_UART_MspInit                         0x080027b5   Thumb Code    98  usart.o(i.HAL_UART_MspInit)
    HardFault_Handler                        0x08002825   Thumb Code     2  stm32f1xx_it.o(i.HardFault_Handler)
    IIC_Ack                                  0x08002829   Thumb Code    60  iic.o(i.IIC_Ack)
    IIC_GPIO_Init                            0x08002875   Thumb Code    50  iic.o(i.IIC_GPIO_Init)
    IIC_NAck                                 0x080028b1   Thumb Code    50  iic.o(i.IIC_NAck)
    IIC_Read_Byte                            0x080028e9   Thumb Code    84  iic.o(i.IIC_Read_Byte)
    IIC_Send_Byte                            0x08002941   Thumb Code    86  iic.o(i.IIC_Send_Byte)
    IIC_Start                                0x0800299d   Thumb Code    60  iic.o(i.IIC_Start)
    IIC_Stop                                 0x080029dd   Thumb Code    42  iic.o(i.IIC_Stop)
    IIC_Wait_Ack                             0x08002a0d   Thumb Code    66  iic.o(i.IIC_Wait_Ack)
    Imu_Euler_Angle_Update                   0x08002a55   Thumb Code   744  imu.o(i.Imu_Euler_Angle_Update)
    Imu_Get_Euler_Angle_Data                 0x08002d59   Thumb Code    18  imu.o(i.Imu_Get_Euler_Angle_Data)
    Imu_Get_Gyro_Data                        0x08002d71   Thumb Code    18  imu.o(i.Imu_Get_Gyro_Data)
    Insert_Task                              0x08002d89   Thumb Code   218  tack_dispatch.o(i.Insert_Task)
    MPU_Init                                 0x08002e69   Thumb Code   188  mpu6050.o(i.MPU_Init)
    MPU_Read_Byte                            0x08002f91   Thumb Code    58  mpu6050.o(i.MPU_Read_Byte)
    MPU_Read_Len                             0x08002fcd   Thumb Code   108  mpu6050.o(i.MPU_Read_Len)
    MPU_Set_Accel_Fsr                        0x08003039   Thumb Code    10  mpu6050.o(i.MPU_Set_Accel_Fsr)
    MPU_Set_Gyro_Fsr                         0x08003043   Thumb Code    10  mpu6050.o(i.MPU_Set_Gyro_Fsr)
    MPU_Write_Byte                           0x0800304d   Thumb Code    60  mpu6050.o(i.MPU_Write_Byte)
    MX_ADC1_Init                             0x08003089   Thumb Code    70  adc.o(i.MX_ADC1_Init)
    MX_GPIO_Init                             0x080030d9   Thumb Code   218  gpio.o(i.MX_GPIO_Init)
    MX_SPI2_Init                             0x080031c1   Thumb Code    62  spi.o(i.MX_SPI2_Init)
    MX_TIM1_Init                             0x08003209   Thumb Code   242  tim.o(i.MX_TIM1_Init)
    MX_TIM2_Init                             0x08003305   Thumb Code    98  tim.o(i.MX_TIM2_Init)
    MX_TIM3_Init                             0x0800336d   Thumb Code   164  tim.o(i.MX_TIM3_Init)
    MX_TIM4_Init                             0x08003419   Thumb Code    94  tim.o(i.MX_TIM4_Init)
    MX_USART2_UART_Init                      0x08003481   Thumb Code    48  usart.o(i.MX_USART2_UART_Init)
    MY_NRF240l_TxPacket_AP                   0x080034b9   Thumb Code    10  nrf24l01.o(i.MY_NRF240l_TxPacket_AP)
    MY_NRF_Check_RX                          0x080034c3   Thumb Code    78  nrf24l01.o(i.MY_NRF_Check_RX)
    MY_Task_Begin                            0x08003511   Thumb Code   216  task.o(i.MY_Task_Begin)
    MemManage_Handler                        0x080035ed   Thumb Code     2  stm32f1xx_it.o(i.MemManage_Handler)
    Mode_Attitude_600Hz                      0x080035f1   Thumb Code   138  body_control.o(i.Mode_Attitude_600Hz)
    Motor_Set_Duty                           0x08003685   Thumb Code    22  tim.o(i.Motor_Set_Duty)
    Mpu_Acc_Get_ERR                          0x080036a1   Thumb Code   118  mpu6050.o(i.Mpu_Acc_Get_ERR)
    Mpu_Data_Update                          0x08003721   Thumb Code    24  imu.o(i.Mpu_Data_Update)
    Mpu_Gyro_Get_ERR                         0x0800373d   Thumb Code   112  mpu6050.o(i.Mpu_Gyro_Get_ERR)
    My_Get_MPU_Data                          0x080037b1   Thumb Code   360  mpu6050.o(i.My_Get_MPU_Data)
    My_Mpu_Init                              0x08003931   Thumb Code    56  mpu6050.o(i.My_Mpu_Init)
    NMI_Handler                              0x080039ad   Thumb Code     2  stm32f1xx_it.o(i.NMI_Handler)
    NRF24L01_Check                           0x080039b1   Thumb Code    62  nrf24l01.o(i.NRF24L01_Check)
    NRF24L01_Init                            0x080039f9   Thumb Code    72  nrf24l01.o(i.NRF24L01_Init)
    NRF24L01_Read_Buf                        0x08003a69   Thumb Code    76  nrf24l01.o(i.NRF24L01_Read_Buf)
    NRF24L01_Read_Reg                        0x08003abd   Thumb Code    52  nrf24l01.o(i.NRF24L01_Read_Reg)
    NRF24L01_Write_Buf                       0x08003af9   Thumb Code    78  nrf24l01.o(i.NRF24L01_Write_Buf)
    NRF24L01_Write_Reg                       0x08003b51   Thumb Code    58  nrf24l01.o(i.NRF24L01_Write_Reg)
    NRF_Mode_Set                             0x08003b95   Thumb Code   244  nrf24l01.o(i.NRF_Mode_Set)
    NRF_Rx_Data_JX                           0x08003c95   Thumb Code    60  send_receive_data.o(i.NRF_Rx_Data_JX)
    NRF_Tx_Set_Buff                          0x08003cdd   Thumb Code   168  send_receive_data.o(i.NRF_Tx_Set_Buff)
    PID_Change                               0x08003dad   Thumb Code     4  run.o(i.PID_Change)
    PID_Init                                 0x08003db1   Thumb Code    38  pid.o(i.PID_Init)
    PID_Update_Pos                           0x08003dd9   Thumb Code   210  pid.o(i.PID_Update_Pos)
    PID_Update_Pos_Fly                       0x08003eb1   Thumb Code   178  pid.o(i.PID_Update_Pos_Fly)
    PendSV_Handler                           0x08003f63   Thumb Code     2  stm32f1xx_it.o(i.PendSV_Handler)
    Run_Task_1                               0x08003f65   Thumb Code     4  task.o(i.Run_Task_1)
    Run_Task_2                               0x08003f69   Thumb Code    14  task.o(i.Run_Task_2)
    Run_Task_3                               0x08003f77   Thumb Code     4  task.o(i.Run_Task_3)
    Run_Task_4                               0x08003f7d   Thumb Code    12  task.o(i.Run_Task_4)
    Run_Task_5                               0x08003f8d   Thumb Code     4  task.o(i.Run_Task_5)
    SPIx_ReadWriteByte                       0x0800407d   Thumb Code    32  nrf24l01.o(i.SPIx_ReadWriteByte)
    SVC_Handler                              0x0800409d   Thumb Code     2  stm32f1xx_it.o(i.SVC_Handler)
    Simple_Delay_us                          0x0800409f   Thumb Code    22  bmp280.o(i.Simple_Delay_us)
    SysTick_Handler                          0x080040b5   Thumb Code     4  stm32f1xx_it.o(i.SysTick_Handler)
    SystemClock_Config                       0x080040b9   Thumb Code   118  main.o(i.SystemClock_Config)
    SystemInit                               0x0800412f   Thumb Code     2  system_stm32f1xx.o(i.SystemInit)
    TASK_Run                                 0x08004131   Thumb Code    10  tack_dispatch.o(i.TASK_Run)
    TIM1_UP_IRQHandler                       0x08004141   Thumb Code     6  stm32f1xx_it.o(i.TIM1_UP_IRQHandler)
    TIM2_IRQHandler                          0x0800414d   Thumb Code     6  stm32f1xx_it.o(i.TIM2_IRQHandler)
    TIM_Base_SetConfig                       0x08004159   Thumb Code   108  stm32f1xx_hal_tim.o(i.TIM_Base_SetConfig)
    TIM_CCxChannelCmd                        0x080041d1   Thumb Code    26  stm32f1xx_hal_tim.o(i.TIM_CCxChannelCmd)
    TIM_ETR_SetConfig                        0x080041eb   Thumb Code    20  stm32f1xx_hal_tim.o(i.TIM_ETR_SetConfig)
    TIM_OC2_SetConfig                        0x08004261   Thumb Code    84  stm32f1xx_hal_tim.o(i.TIM_OC2_SetConfig)
    Task_Cnt_Check                           0x0800439d   Thumb Code   120  tack_dispatch.o(i.Task_Cnt_Check)
    Task_Cnt_Inc                             0x08004419   Thumb Code    38  tack_dispatch.o(i.Task_Cnt_Inc)
    Tsak_Init                                0x08004445   Thumb Code    50  tack_dispatch.o(i.Tsak_Init)
    UsageFault_Handler                       0x08004535   Thumb Code     2  stm32f1xx_it.o(i.UsageFault_Handler)
    While_Loop                               0x08004537   Thumb Code     4  task.o(i.While_Loop)
    __0printf                                0x0800453d   Thumb Code    22  printfa.o(i.__0printf)
    __1printf                                0x0800453d   Thumb Code     0  printfa.o(i.__0printf)
    __2printf                                0x0800453d   Thumb Code     0  printfa.o(i.__0printf)
    __c89printf                              0x0800453d   Thumb Code     0  printfa.o(i.__0printf)
    printf                                   0x0800453d   Thumb Code     0  printfa.o(i.__0printf)
    __ARM_fpclassifyf                        0x0800455d   Thumb Code    38  fpclassifyf.o(i.__ARM_fpclassifyf)
    __mathlib_flt_divzero                    0x080045a3   Thumb Code    10  funder.o(i.__mathlib_flt_divzero)
    __mathlib_flt_infnan                     0x080045ad   Thumb Code     6  funder.o(i.__mathlib_flt_infnan)
    __mathlib_flt_infnan2                    0x080045b3   Thumb Code     4  funder.o(i.__mathlib_flt_infnan2)
    __mathlib_flt_invalid                    0x080045b7   Thumb Code     8  funder.o(i.__mathlib_flt_invalid)
    __mathlib_flt_overflow                   0x080045bf   Thumb Code    10  funder.o(i.__mathlib_flt_overflow)
    __mathlib_flt_underflow                  0x080045c9   Thumb Code    10  funder.o(i.__mathlib_flt_underflow)
    __scatterload_copy                       0x080045d3   Thumb Code    14  handlers.o(i.__scatterload_copy)
    __scatterload_null                       0x080045e1   Thumb Code     2  handlers.o(i.__scatterload_null)
    __scatterload_zeroinit                   0x080045e3   Thumb Code    14  handlers.o(i.__scatterload_zeroinit)
    __set_errno                              0x080045f1   Thumb Code     6  errno.o(i.__set_errno)
    asinf                                    0x08004eb1   Thumb Code   254  asinf.o(i.asinf)
    atan2f                                   0x08004fd5   Thumb Code   528  atan2f.o(i.atan2f)
    bmp280_GetAltitude                       0x08005231   Thumb Code    62  bmp280.o(i.bmp280_GetAltitude)
    bmp280_GetPressure                       0x08005281   Thumb Code   380  bmp280.o(i.bmp280_GetPressure)
    bmp280_GetRelativeAltitude               0x08005405   Thumb Code    18  bmp280.o(i.bmp280_GetRelativeAltitude)
    bmp280_GetTemperature                    0x0800541d   Thumb Code    58  bmp280.o(i.bmp280_GetTemperature)
    bmp280_Init                              0x0800545d   Thumb Code   162  bmp280.o(i.bmp280_Init)
    bmp280_MultipleReadThree                 0x08005505   Thumb Code    82  bmp280.o(i.bmp280_MultipleReadThree)
    bmp280_MultipleReadTwo                   0x08005557   Thumb Code    68  bmp280.o(i.bmp280_MultipleReadTwo)
    bmp280_Read_RelativeAltitude             0x0800559d   Thumb Code     6  bmp280.o(i.bmp280_Read_RelativeAltitude)
    bmp280_SetRelativeZero                   0x080055a9   Thumb Code    34  bmp280.o(i.bmp280_SetRelativeZero)
    bmp280_WriteByte                         0x080055dd   Thumb Code    54  bmp280.o(i.bmp280_WriteByte)
    fputc                                    0x08005615   Thumb Code    16  usart.o(i.fputc)
    main                                     0x08005629   Thumb Code   144  main.o(i.main)
    __mathlib_powf                           0x080056cd   Thumb Code     0  powf.o(i.powf)
    powf                                     0x080056cd   Thumb Code  1548  powf.o(i.powf)
    sqrtf                                    0x08005f9d   Thumb Code    44  sqrtf.o(i.sqrtf)
    AHBPrescTable                            0x08005fda   Data          16  system_stm32f1xx.o(.constdata)
    APBPrescTable                            0x08005fea   Data           8  system_stm32f1xx.o(.constdata)
    Region$$Table$$Base                      0x08006134   Number         0  anon$$obj.o(Region$$Table)
    Region$$Table$$Limit                     0x08006154   Number         0  anon$$obj.o(Region$$Table)
    uwTickFreq                               0x20000000   Data           1  stm32f1xx_hal.o(.data)
    uwTickPrio                               0x20000004   Data           4  stm32f1xx_hal.o(.data)
    uwTick                                   0x20000008   Data           4  stm32f1xx_hal.o(.data)
    SystemCoreClock                          0x2000000c   Data           4  system_stm32f1xx.o(.data)
    Check_Flag                               0x20000010   Data           1  mpu6050.o(.data)
    Acc_ERR_Proportion                       0x20000014   Data           4  mpu6050.o(.data)
    TX_ADDRESS                               0x20000018   Data           5  nrf24l01.o(.data)
    RX_ADDRESS                               0x2000001d   Data           5  nrf24l01.o(.data)
    has_reference                            0x20000024   Data           1  bmp280.o(.data)
    dig_T1                                   0x20000026   Data           2  bmp280.o(.data)
    dig_T2                                   0x20000028   Data           2  bmp280.o(.data)
    dig_T3                                   0x2000002a   Data           2  bmp280.o(.data)
    dig_P1                                   0x2000002c   Data           2  bmp280.o(.data)
    dig_P2                                   0x2000002e   Data           2  bmp280.o(.data)
    dig_P3                                   0x20000030   Data           2  bmp280.o(.data)
    dig_P4                                   0x20000032   Data           2  bmp280.o(.data)
    dig_P5                                   0x20000034   Data           2  bmp280.o(.data)
    dig_P6                                   0x20000036   Data           2  bmp280.o(.data)
    dig_P7                                   0x20000038   Data           2  bmp280.o(.data)
    dig_P8                                   0x2000003a   Data           2  bmp280.o(.data)
    dig_P9                                   0x2000003c   Data           2  bmp280.o(.data)
    press_Val                                0x20000040   Data           4  bmp280.o(.data)
    temp_Val                                 0x20000044   Data           4  bmp280.o(.data)
    alt_Val                                  0x20000048   Data           4  bmp280.o(.data)
    relative_alt_Val                         0x2000004c   Data           4  bmp280.o(.data)
    alt_reference                            0x20000050   Data           4  bmp280.o(.data)
    t_fine                                   0x20000054   Data           4  bmp280.o(.data)
    Send_JiaoYan_Hand                        0x20000058   Data           1  send_receive_data.o(.data)
    Send_JiaoYan_Tail                        0x20000059   Data           1  send_receive_data.o(.data)
    Receive_JiaoYan_Hand                     0x2000005a   Data           1  send_receive_data.o(.data)
    Receive_JiaoYan_Tail                     0x2000005b   Data           1  send_receive_data.o(.data)
    dt_test                                  0x20000090   Data           2  imu.o(.data)
    NRF_Rx_State                             0x200000b8   Data           1  all_data.o(.data)
    Motor_Duty                               0x200000ba   Data           8  all_data.o(.data)
    Power_Voltage                            0x200000c4   Data           4  all_data.o(.data)
    pitch_rate_exp                           0x200000cc   Data           4  run.o(.data)
    yaw_rate_exp                             0x200000d0   Data           4  run.o(.data)
    roll_exp                                 0x200000d4   Data           4  run.o(.data)
    pitch_exp                                0x200000d8   Data           4  run.o(.data)
    yaw_exp                                  0x200000dc   Data           4  run.o(.data)
    __stdout                                 0x200000e0   Data           4  stdout.o(.data)
    hadc1                                    0x200000e8   Data          48  adc.o(.bss)
    hspi2                                    0x20000118   Data          88  spi.o(.bss)
    htim1                                    0x20000170   Data          72  tim.o(.bss)
    htim2                                    0x200001b8   Data          72  tim.o(.bss)
    htim3                                    0x20000200   Data          72  tim.o(.bss)
    htim4                                    0x20000248   Data          72  tim.o(.bss)
    huart2                                   0x20000290   Data          72  usart.o(.bss)
    Mpu_Err                                  0x200002d8   Data          28  mpu6050.o(.bss)
    Pos_X_Control_PID                        0x200002f4   Data          52  body_control.o(.bss)
    Pos_Y_Control_PID                        0x20000328   Data          52  body_control.o(.bss)
    Pos_Z_Control_PID                        0x2000035c   Data          52  body_control.o(.bss)
    Yaw_Control_PID                          0x20000390   Data          52  body_control.o(.bss)
    Roll_Control_PID                         0x200003c4   Data          52  body_control.o(.bss)
    Pitch_Control_PID                        0x200003f8   Data          52  body_control.o(.bss)
    Gyro_Yaw_Control_PID                     0x2000042c   Data          52  body_control.o(.bss)
    Gyro_Roll_Control_PID                    0x20000460   Data          52  body_control.o(.bss)
    Gyro_Pitch_Control_PID                   0x20000494   Data          52  body_control.o(.bss)
    NRF_Rx_Buff                              0x200004f0   Data          32  all_data.o(.bss)
    NRF_Tx_Buff                              0x20000510   Data          32  all_data.o(.bss)
    NRF_Send_Data                            0x20000530   Data          20  all_data.o(.bss)
    NRF_Receive_Data                         0x20000544   Data          28  all_data.o(.bss)
    Body_Euler_Angle                         0x20000560   Data          12  all_data.o(.bss)
    Body_Gyro                                0x2000056c   Data          12  all_data.o(.bss)
    Body_Control_Inf                         0x20000578   Data          16  all_data.o(.bss)
    All_Task                                 0x20000588   Data          88  tack_dispatch.o(.bss)
    Task_1                                   0x200005e0   Data          16  task.o(.bss)
    Task_2                                   0x200005f0   Data          16  task.o(.bss)
    Task_3                                   0x20000600   Data          16  task.o(.bss)
    Task_4                                   0x20000610   Data          16  task.o(.bss)
    Task_5                                   0x20000620   Data          16  task.o(.bss)
    __initial_sp                             0x20000a30   Data           0  startup_stm32f103xb.o(STACK)



==============================================================================

Memory Map of the image

  Image Entry point : 0x080000ed

  Load Region LR_IROM1 (Base: 0x08000000, Size: 0x0000623c, Max: 0x00010000, ABSOLUTE)

    Execution Region ER_IROM1 (Exec base: 0x08000000, Load base: 0x08000000, Size: 0x00006154, Max: 0x00010000, ABSOLUTE)

    Exec Addr    Load Addr    Size         Type   Attr      Idx    E Section Name        Object

    0x08000000   0x08000000   0x000000ec   Data   RO            3    RESET               startup_stm32f103xb.o
    0x080000ec   0x080000ec   0x00000000   Code   RO         4928  * .ARM.Collect$$$$00000000  mc_w.l(entry.o)
    0x080000ec   0x080000ec   0x00000004   Code   RO         5264    .ARM.Collect$$$$00000001  mc_w.l(entry2.o)
    0x080000f0   0x080000f0   0x00000004   Code   RO         5267    .ARM.Collect$$$$00000004  mc_w.l(entry5.o)
    0x080000f4   0x080000f4   0x00000000   Code   RO         5269    .ARM.Collect$$$$00000008  mc_w.l(entry7b.o)
    0x080000f4   0x080000f4   0x00000000   Code   RO         5271    .ARM.Collect$$$$0000000A  mc_w.l(entry8b.o)
    0x080000f4   0x080000f4   0x00000008   Code   RO         5272    .ARM.Collect$$$$0000000B  mc_w.l(entry9a.o)
    0x080000fc   0x080000fc   0x00000000   Code   RO         5274    .ARM.Collect$$$$0000000D  mc_w.l(entry10a.o)
    0x080000fc   0x080000fc   0x00000000   Code   RO         5276    .ARM.Collect$$$$0000000F  mc_w.l(entry11a.o)
    0x080000fc   0x080000fc   0x00000004   Code   RO         5265    .ARM.Collect$$$$00002712  mc_w.l(entry2.o)
    0x08000100   0x08000100   0x00000024   Code   RO            4    .text               startup_stm32f103xb.o
    0x08000124   0x08000124   0x00000062   Code   RO         4931    .text               mc_w.l(ldiv.o)
    0x08000186   0x08000186   0x00000020   Code   RO         4933    .text               mc_w.l(llushr.o)
    0x080001a6   0x080001a6   0x00000024   Code   RO         4935    .text               mc_w.l(memcpya.o)
    0x080001ca   0x080001ca   0x00000024   Code   RO         4937    .text               mc_w.l(memseta.o)
    0x080001ee   0x080001ee   0x000000b0   Code   RO         5210    .text               mf_w.l(fadd.o)
    0x0800029e   0x0800029e   0x00000064   Code   RO         5212    .text               mf_w.l(fmul.o)
    0x08000302   0x08000302   0x0000007c   Code   RO         5214    .text               mf_w.l(fdiv.o)
    0x0800037e   0x0800037e   0x00000018   Code   RO         5216    .text               mf_w.l(fscalb.o)
    0x08000396   0x08000396   0x00000012   Code   RO         5218    .text               mf_w.l(fflti.o)
    0x080003a8   0x080003a8   0x0000000a   Code   RO         5220    .text               mf_w.l(ffltui.o)
    0x080003b2   0x080003b2   0x00000032   Code   RO         5222    .text               mf_w.l(ffixi.o)
    0x080003e4   0x080003e4   0x00000028   Code   RO         5224    .text               mf_w.l(ffixui.o)
    0x0800040c   0x0800040c   0x00000026   Code   RO         5226    .text               mf_w.l(f2d.o)
    0x08000432   0x08000432   0x00000002   PAD
    0x08000434   0x08000434   0x00000014   Code   RO         5230    .text               mf_w.l(cfcmple.o)
    0x08000448   0x08000448   0x00000014   Code   RO         5232    .text               mf_w.l(cfrcmple.o)
    0x0800045c   0x0800045c   0x0000002c   Code   RO         5279    .text               mc_w.l(uidiv.o)
    0x08000488   0x08000488   0x00000062   Code   RO         5281    .text               mc_w.l(uldiv.o)
    0x080004ea   0x080004ea   0x00000000   Code   RO         5296    .text               mc_w.l(iusefp.o)
    0x080004ea   0x080004ea   0x0000006e   Code   RO         5297    .text               mf_w.l(fepilogue.o)
    0x08000558   0x08000558   0x0000005e   Code   RO         5299    .text               mf_w.l(fsqrt.o)
    0x080005b6   0x080005b6   0x0000014e   Code   RO         5301    .text               mf_w.l(dadd.o)
    0x08000704   0x08000704   0x000000e4   Code   RO         5303    .text               mf_w.l(dmul.o)
    0x080007e8   0x080007e8   0x000000de   Code   RO         5305    .text               mf_w.l(ddiv.o)
    0x080008c6   0x080008c6   0x00000030   Code   RO         5311    .text               mf_w.l(dfixul.o)
    0x080008f6   0x080008f6   0x0000004c   Code   RO         5313    .text               mf_w.l(ffixir.o)
    0x08000942   0x08000942   0x00000002   PAD
    0x08000944   0x08000944   0x00000030   Code   RO         5315    .text               mf_w.l(cdrcmple.o)
    0x08000974   0x08000974   0x00000004   Code   RO         5317    .text               mf_w.l(fpstat.o)
    0x08000978   0x08000978   0x00000024   Code   RO         5319    .text               mc_w.l(init.o)
    0x0800099c   0x0800099c   0x0000001e   Code   RO         5321    .text               mc_w.l(llshl.o)
    0x080009ba   0x080009ba   0x00000024   Code   RO         5323    .text               mc_w.l(llsshr.o)
    0x080009de   0x080009de   0x000000ba   Code   RO         5329    .text               mf_w.l(depilogue.o)
    0x08000a98   0x08000a98   0x00000056   Code   RO          694    i.ADC_ConversionStop_Disable  stm32f1xx_hal_adc.o
    0x08000aee   0x08000aee   0x00000002   PAD
    0x08000af0   0x08000af0   0x0000007c   Code   RO          698    i.ADC_Enable        stm32f1xx_hal_adc.o
    0x08000b6c   0x08000b6c   0x0000002c   Code   RO         4648    i.ALL_Init          run.o
    0x08000b98   0x08000b98   0x0000006c   Code   RO         4720    i.Add_Task          tack_dispatch.o
    0x08000c04   0x08000c04   0x00000064   Code   RO         4062    i.Body_Attitude_Control  body_control.o
    0x08000c68   0x08000c68   0x0000007c   Code   RO         4064    i.Body_Balance_PID_Change  body_control.o
    0x08000ce4   0x08000ce4   0x00000010   Code   RO         4065    i.Body_Balance_PID_Change_NRF  body_control.o
    0x08000cf4   0x08000cf4   0x000000f0   Code   RO         4067    i.Body_Balance_PID_Init  body_control.o
    0x08000de4   0x08000de4   0x00000020   Code   RO         4068    i.Body_Balance_PID_Isum_Clear  body_control.o
    0x08000e04   0x08000e04   0x0000007c   Code   RO         4017    i.Body_Control_Inf_Update  send_receive_data.o
    0x08000e80   0x08000e80   0x0000011c   Code   RO         4070    i.Body_Rate_Control  body_control.o
    0x08000f9c   0x08000f9c   0x00000002   Code   RO          460    i.BusFault_Handler  stm32f1xx_it.o
    0x08000f9e   0x08000f9e   0x00000002   PAD
    0x08000fa0   0x08000fa0   0x00000050   Code   RO         4018    i.Data_T_AND_R      send_receive_data.o
    0x08000ff0   0x08000ff0   0x00000002   Code   RO          461    i.DebugMon_Handler  stm32f1xx_it.o
    0x08000ff2   0x08000ff2   0x00000002   PAD
    0x08000ff4   0x08000ff4   0x0000004c   Code   RO         4649    i.Drone_Control_Task  run.o
    0x08001040   0x08001040   0x00000038   Code   RO         4651    i.Drone_PID_Parameter_Usart_show  run.o
    0x08001078   0x08001078   0x00000004   Code   RO           13    i.Error_Handler     main.o
    0x0800107c   0x0800107c   0x0000002c   Code   RO         4652    i.Eular_Angle_Update  run.o
    0x080010a8   0x080010a8   0x00000038   Code   RO         4653    i.Get_Body_Power    run.o
    0x080010e0   0x080010e0   0x000000fc   Code   RO          700    i.HAL_ADC_ConfigChannel  stm32f1xx_hal_adc.o
    0x080011dc   0x080011dc   0x00000006   Code   RO          707    i.HAL_ADC_GetValue  stm32f1xx_hal_adc.o
    0x080011e2   0x080011e2   0x00000002   PAD
    0x080011e4   0x080011e4   0x0000011c   Code   RO          709    i.HAL_ADC_Init      stm32f1xx_hal_adc.o
    0x08001300   0x08001300   0x00000058   Code   RO          251    i.HAL_ADC_MspInit   adc.o
    0x08001358   0x08001358   0x000000c0   Code   RO          715    i.HAL_ADC_Start     stm32f1xx_hal_adc.o
    0x08001418   0x08001418   0x00000024   Code   RO          977    i.HAL_Delay         stm32f1xx_hal.o
    0x0800143c   0x0800143c   0x000001e0   Code   RO         1287    i.HAL_GPIO_Init     stm32f1xx_hal_gpio.o
    0x0800161c   0x0800161c   0x0000000a   Code   RO         1289    i.HAL_GPIO_ReadPin  stm32f1xx_hal_gpio.o
    0x08001626   0x08001626   0x0000000a   Code   RO         1291    i.HAL_GPIO_WritePin  stm32f1xx_hal_gpio.o
    0x08001630   0x08001630   0x0000000c   Code   RO          981    i.HAL_GetTick       stm32f1xx_hal.o
    0x0800163c   0x0800163c   0x00000010   Code   RO          987    i.HAL_IncTick       stm32f1xx_hal.o
    0x0800164c   0x0800164c   0x00000024   Code   RO          988    i.HAL_Init          stm32f1xx_hal.o
    0x08001670   0x08001670   0x00000040   Code   RO          989    i.HAL_InitTick      stm32f1xx_hal.o
    0x080016b0   0x080016b0   0x0000003c   Code   RO          547    i.HAL_MspInit       stm32f1xx_hal_msp.o
    0x080016ec   0x080016ec   0x0000001a   Code   RO         1447    i.HAL_NVIC_EnableIRQ  stm32f1xx_hal_cortex.o
    0x08001706   0x08001706   0x00000002   PAD
    0x08001708   0x08001708   0x00000040   Code   RO         1453    i.HAL_NVIC_SetPriority  stm32f1xx_hal_cortex.o
    0x08001748   0x08001748   0x00000024   Code   RO         1454    i.HAL_NVIC_SetPriorityGrouping  stm32f1xx_hal_cortex.o
    0x0800176c   0x0800176c   0x000000ec   Code   RO         1249    i.HAL_RCCEx_PeriphCLKConfig  stm32f1xx_hal_rcc_ex.o
    0x08001858   0x08001858   0x0000012c   Code   RO         1145    i.HAL_RCC_ClockConfig  stm32f1xx_hal_rcc.o
    0x08001984   0x08001984   0x00000020   Code   RO         1152    i.HAL_RCC_GetPCLK1Freq  stm32f1xx_hal_rcc.o
    0x080019a4   0x080019a4   0x00000020   Code   RO         1153    i.HAL_RCC_GetPCLK2Freq  stm32f1xx_hal_rcc.o
    0x080019c4   0x080019c4   0x0000004c   Code   RO         1154    i.HAL_RCC_GetSysClockFreq  stm32f1xx_hal_rcc.o
    0x08001a10   0x08001a10   0x00000320   Code   RO         1157    i.HAL_RCC_OscConfig  stm32f1xx_hal_rcc.o
    0x08001d30   0x08001d30   0x000000b2   Code   RO         1958    i.HAL_SPI_Init      stm32f1xx_hal_spi.o
    0x08001de2   0x08001de2   0x00000002   PAD
    0x08001de4   0x08001de4   0x00000074   Code   RO          293    i.HAL_SPI_MspInit   spi.o
    0x08001e58   0x08001e58   0x000001f0   Code   RO         1967    i.HAL_SPI_TransmitReceive  stm32f1xx_hal_spi.o
    0x08002048   0x08002048   0x00000028   Code   RO         1458    i.HAL_SYSTICK_Config  stm32f1xx_hal_cortex.o
    0x08002070   0x08002070   0x00000002   Code   RO         2975    i.HAL_TIMEx_BreakCallback  stm32f1xx_hal_tim_ex.o
    0x08002072   0x08002072   0x00000002   Code   RO         2976    i.HAL_TIMEx_CommutCallback  stm32f1xx_hal_tim_ex.o
    0x08002074   0x08002074   0x00000054   Code   RO         2978    i.HAL_TIMEx_ConfigBreakDeadTime  stm32f1xx_hal_tim_ex.o
    0x080020c8   0x080020c8   0x00000068   Code   RO         2994    i.HAL_TIMEx_MasterConfigSynchronization  stm32f1xx_hal_tim_ex.o
    0x08002130   0x08002130   0x0000005a   Code   RO         2271    i.HAL_TIM_Base_Init  stm32f1xx_hal_tim.o
    0x0800218a   0x0800218a   0x00000002   PAD
    0x0800218c   0x0800218c   0x00000094   Code   RO          335    i.HAL_TIM_Base_MspInit  tim.o
    0x08002220   0x08002220   0x00000050   Code   RO         2274    i.HAL_TIM_Base_Start  stm32f1xx_hal_tim.o
    0x08002270   0x08002270   0x00000058   Code   RO         2276    i.HAL_TIM_Base_Start_IT  stm32f1xx_hal_tim.o
    0x080022c8   0x080022c8   0x000000dc   Code   RO         2280    i.HAL_TIM_ConfigClockSource  stm32f1xx_hal_tim.o
    0x080023a4   0x080023a4   0x00000002   Code   RO         2305    i.HAL_TIM_IC_CaptureCallback  stm32f1xx_hal_tim.o
    0x080023a6   0x080023a6   0x00000130   Code   RO         2319    i.HAL_TIM_IRQHandler  stm32f1xx_hal_tim.o
    0x080024d6   0x080024d6   0x00000002   PAD
    0x080024d8   0x080024d8   0x00000094   Code   RO          336    i.HAL_TIM_MspPostInit  tim.o
    0x0800256c   0x0800256c   0x00000002   Code   RO         2322    i.HAL_TIM_OC_DelayElapsedCallback  stm32f1xx_hal_tim.o
    0x0800256e   0x0800256e   0x000000cc   Code   RO         2343    i.HAL_TIM_PWM_ConfigChannel  stm32f1xx_hal_tim.o
    0x0800263a   0x0800263a   0x0000005a   Code   RO         2346    i.HAL_TIM_PWM_Init  stm32f1xx_hal_tim.o
    0x08002694   0x08002694   0x00000002   Code   RO         2348    i.HAL_TIM_PWM_MspInit  stm32f1xx_hal_tim.o
    0x08002696   0x08002696   0x00000002   Code   RO         2349    i.HAL_TIM_PWM_PulseFinishedCallback  stm32f1xx_hal_tim.o
    0x08002698   0x08002698   0x0000009c   Code   RO         2351    i.HAL_TIM_PWM_Start  stm32f1xx_hal_tim.o
    0x08002734   0x08002734   0x00000018   Code   RO         4723    i.HAL_TIM_PeriodElapsedCallback  tack_dispatch.o
    0x0800274c   0x0800274c   0x00000002   Code   RO         2362    i.HAL_TIM_TriggerCallback  stm32f1xx_hal_tim.o
    0x0800274e   0x0800274e   0x00000064   Code   RO         3272    i.HAL_UART_Init     stm32f1xx_hal_uart.o
    0x080027b2   0x080027b2   0x00000002   PAD
    0x080027b4   0x080027b4   0x00000070   Code   RO          407    i.HAL_UART_MspInit  usart.o
    0x08002824   0x08002824   0x00000002   Code   RO          462    i.HardFault_Handler  stm32f1xx_it.o
    0x08002826   0x08002826   0x00000002   PAD
    0x08002828   0x08002828   0x00000040   Code   RO         4530    i.IIC_Ack           iic.o
    0x08002868   0x08002868   0x0000000c   Code   RO         4532    i.IIC_Delay         iic.o
    0x08002874   0x08002874   0x0000003c   Code   RO         4533    i.IIC_GPIO_Init     iic.o
    0x080028b0   0x080028b0   0x00000038   Code   RO         4534    i.IIC_NAck          iic.o
    0x080028e8   0x080028e8   0x00000058   Code   RO         4535    i.IIC_Read_Byte     iic.o
    0x08002940   0x08002940   0x0000005c   Code   RO         4536    i.IIC_Send_Byte     iic.o
    0x0800299c   0x0800299c   0x00000040   Code   RO         4537    i.IIC_Start         iic.o
    0x080029dc   0x080029dc   0x00000030   Code   RO         4538    i.IIC_Stop          iic.o
    0x08002a0c   0x08002a0c   0x00000048   Code   RO         4539    i.IIC_Wait_Ack      iic.o
    0x08002a54   0x08002a54   0x00000304   Code   RO         4403    i.Imu_Euler_Angle_Update  imu.o
    0x08002d58   0x08002d58   0x00000018   Code   RO         4405    i.Imu_Get_Euler_Angle_Data  imu.o
    0x08002d70   0x08002d70   0x00000018   Code   RO         4406    i.Imu_Get_Gyro_Data  imu.o
    0x08002d88   0x08002d88   0x000000e0   Code   RO         4724    i.Insert_Task       tack_dispatch.o
    0x08002e68   0x08002e68   0x000000bc   Code   RO         3670    i.MPU_Init          mpu6050.o
    0x08002f24   0x08002f24   0x0000006c   Code   RO         3671    i.MPU_Read_All_Raw  mpu6050.o
    0x08002f90   0x08002f90   0x0000003a   Code   RO         3672    i.MPU_Read_Byte     mpu6050.o
    0x08002fca   0x08002fca   0x00000002   PAD
    0x08002fcc   0x08002fcc   0x0000006c   Code   RO         3673    i.MPU_Read_Len      mpu6050.o
    0x08003038   0x08003038   0x0000000a   Code   RO         3674    i.MPU_Set_Accel_Fsr  mpu6050.o
    0x08003042   0x08003042   0x0000000a   Code   RO         3675    i.MPU_Set_Gyro_Fsr  mpu6050.o
    0x0800304c   0x0800304c   0x0000003c   Code   RO         3678    i.MPU_Write_Byte    mpu6050.o
    0x08003088   0x08003088   0x00000050   Code   RO          252    i.MX_ADC1_Init      adc.o
    0x080030d8   0x080030d8   0x000000e8   Code   RO          226    i.MX_GPIO_Init      gpio.o
    0x080031c0   0x080031c0   0x00000048   Code   RO          294    i.MX_SPI2_Init      spi.o
    0x08003208   0x08003208   0x000000fc   Code   RO          337    i.MX_TIM1_Init      tim.o
    0x08003304   0x08003304   0x00000068   Code   RO          338    i.MX_TIM2_Init      tim.o
    0x0800336c   0x0800336c   0x000000ac   Code   RO          339    i.MX_TIM3_Init      tim.o
    0x08003418   0x08003418   0x00000068   Code   RO          340    i.MX_TIM4_Init      tim.o
    0x08003480   0x08003480   0x00000038   Code   RO          408    i.MX_USART2_UART_Init  usart.o
    0x080034b8   0x080034b8   0x0000000a   Code   RO         3792    i.MY_NRF240l_TxPacket_AP  nrf24l01.o
    0x080034c2   0x080034c2   0x0000004e   Code   RO         3793    i.MY_NRF_Check_RX   nrf24l01.o
    0x08003510   0x08003510   0x000000dc   Code   RO         4821    i.MY_Task_Begin     task.o
    0x080035ec   0x080035ec   0x00000002   Code   RO          463    i.MemManage_Handler  stm32f1xx_it.o
    0x080035ee   0x080035ee   0x00000002   PAD
    0x080035f0   0x080035f0   0x00000094   Code   RO         4071    i.Mode_Attitude_600Hz  body_control.o
    0x08003684   0x08003684   0x0000001c   Code   RO          341    i.Motor_Set_Duty    tim.o
    0x080036a0   0x080036a0   0x00000080   Code   RO         3680    i.Mpu_Acc_Get_ERR   mpu6050.o
    0x08003720   0x08003720   0x0000001c   Code   RO         4408    i.Mpu_Data_Update   imu.o
    0x0800373c   0x0800373c   0x00000074   Code   RO         3681    i.Mpu_Gyro_Get_ERR  mpu6050.o
    0x080037b0   0x080037b0   0x00000180   Code   RO         3682    i.My_Get_MPU_Data   mpu6050.o
    0x08003930   0x08003930   0x0000007c   Code   RO         3683    i.My_Mpu_Init       mpu6050.o
    0x080039ac   0x080039ac   0x00000002   Code   RO          464    i.NMI_Handler       stm32f1xx_it.o
    0x080039ae   0x080039ae   0x00000002   PAD
    0x080039b0   0x080039b0   0x00000048   Code   RO         3795    i.NRF24L01_Check    nrf24l01.o
    0x080039f8   0x080039f8   0x00000070   Code   RO         3796    i.NRF24L01_Init     nrf24l01.o
    0x08003a68   0x08003a68   0x00000054   Code   RO         3798    i.NRF24L01_Read_Buf  nrf24l01.o
    0x08003abc   0x08003abc   0x0000003c   Code   RO         3799    i.NRF24L01_Read_Reg  nrf24l01.o
    0x08003af8   0x08003af8   0x00000058   Code   RO         3803    i.NRF24L01_Write_Buf  nrf24l01.o
    0x08003b50   0x08003b50   0x00000044   Code   RO         3804    i.NRF24L01_Write_Reg  nrf24l01.o
    0x08003b94   0x08003b94   0x00000100   Code   RO         3805    i.NRF_Mode_Set      nrf24l01.o
    0x08003c94   0x08003c94   0x00000048   Code   RO         4019    i.NRF_Rx_Data_JX    send_receive_data.o
    0x08003cdc   0x08003cdc   0x000000d0   Code   RO         4020    i.NRF_Tx_Set_Buff   send_receive_data.o
    0x08003dac   0x08003dac   0x00000004   Code   RO         4654    i.PID_Change        run.o
    0x08003db0   0x08003db0   0x00000026   Code   RO         4312    i.PID_Init          pid.o
    0x08003dd6   0x08003dd6   0x00000002   PAD
    0x08003dd8   0x08003dd8   0x000000d8   Code   RO         4317    i.PID_Update_Pos    pid.o
    0x08003eb0   0x08003eb0   0x000000b2   Code   RO         4320    i.PID_Update_Pos_Fly  pid.o
    0x08003f62   0x08003f62   0x00000002   Code   RO          465    i.PendSV_Handler    stm32f1xx_it.o
    0x08003f64   0x08003f64   0x00000004   Code   RO         4822    i.Run_Task_1        task.o
    0x08003f68   0x08003f68   0x0000000e   Code   RO         4823    i.Run_Task_2        task.o
    0x08003f76   0x08003f76   0x00000004   Code   RO         4824    i.Run_Task_3        task.o
    0x08003f7a   0x08003f7a   0x00000002   PAD
    0x08003f7c   0x08003f7c   0x00000010   Code   RO         4825    i.Run_Task_4        task.o
    0x08003f8c   0x08003f8c   0x00000004   Code   RO         4826    i.Run_Task_5        task.o
    0x08003f90   0x08003f90   0x00000034   Code   RO         1996    i.SPI_EndRxTxTransaction  stm32f1xx_hal_spi.o
    0x08003fc4   0x08003fc4   0x000000b8   Code   RO         2001    i.SPI_WaitFlagStateUntilTimeout  stm32f1xx_hal_spi.o
    0x0800407c   0x0800407c   0x00000020   Code   RO         3806    i.SPIx_ReadWriteByte  nrf24l01.o
    0x0800409c   0x0800409c   0x00000002   Code   RO          466    i.SVC_Handler       stm32f1xx_it.o
    0x0800409e   0x0800409e   0x00000016   Code   RO         3903    i.Simple_Delay_us   bmp280.o
    0x080040b4   0x080040b4   0x00000004   Code   RO          467    i.SysTick_Handler   stm32f1xx_it.o
    0x080040b8   0x080040b8   0x00000076   Code   RO           14    i.SystemClock_Config  main.o
    0x0800412e   0x0800412e   0x00000002   Code   RO         3606    i.SystemInit        system_stm32f1xx.o
    0x08004130   0x08004130   0x00000010   Code   RO         4726    i.TASK_Run          tack_dispatch.o
    0x08004140   0x08004140   0x0000000c   Code   RO          468    i.TIM1_UP_IRQHandler  stm32f1xx_it.o
    0x0800414c   0x0800414c   0x0000000c   Code   RO          469    i.TIM2_IRQHandler   stm32f1xx_it.o
    0x08004158   0x08004158   0x00000078   Code   RO         2364    i.TIM_Base_SetConfig  stm32f1xx_hal_tim.o
    0x080041d0   0x080041d0   0x0000001a   Code   RO         2365    i.TIM_CCxChannelCmd  stm32f1xx_hal_tim.o
    0x080041ea   0x080041ea   0x00000014   Code   RO         2375    i.TIM_ETR_SetConfig  stm32f1xx_hal_tim.o
    0x080041fe   0x080041fe   0x00000010   Code   RO         2376    i.TIM_ITRx_SetConfig  stm32f1xx_hal_tim.o
    0x0800420e   0x0800420e   0x00000002   PAD
    0x08004210   0x08004210   0x00000050   Code   RO         2377    i.TIM_OC1_SetConfig  stm32f1xx_hal_tim.o
    0x08004260   0x08004260   0x00000058   Code   RO         2378    i.TIM_OC2_SetConfig  stm32f1xx_hal_tim.o
    0x080042b8   0x080042b8   0x00000058   Code   RO         2379    i.TIM_OC3_SetConfig  stm32f1xx_hal_tim.o
    0x08004310   0x08004310   0x00000044   Code   RO         2380    i.TIM_OC4_SetConfig  stm32f1xx_hal_tim.o
    0x08004354   0x08004354   0x00000022   Code   RO         2382    i.TIM_TI1_ConfigInputStage  stm32f1xx_hal_tim.o
    0x08004376   0x08004376   0x00000024   Code   RO         2384    i.TIM_TI2_ConfigInputStage  stm32f1xx_hal_tim.o
    0x0800439a   0x0800439a   0x00000002   PAD
    0x0800439c   0x0800439c   0x0000007c   Code   RO         4728    i.Task_Cnt_Check    tack_dispatch.o
    0x08004418   0x08004418   0x0000002c   Code   RO         4729    i.Task_Cnt_Inc      tack_dispatch.o
    0x08004444   0x08004444   0x00000038   Code   RO         4730    i.Tsak_Init         tack_dispatch.o
    0x0800447c   0x0800447c   0x000000b8   Code   RO         3298    i.UART_SetConfig    stm32f1xx_hal_uart.o
    0x08004534   0x08004534   0x00000002   Code   RO          470    i.UsageFault_Handler  stm32f1xx_it.o
    0x08004536   0x08004536   0x00000004   Code   RO         4827    i.While_Loop        task.o
    0x0800453a   0x0800453a   0x00000002   PAD
    0x0800453c   0x0800453c   0x00000020   Code   RO         5174    i.__0printf         mc_w.l(printfa.o)
    0x0800455c   0x0800455c   0x00000026   Code   RO         5248    i.__ARM_fpclassifyf  m_ws.l(fpclassifyf.o)
    0x08004582   0x08004582   0x00000020   Code   RO         1460    i.__NVIC_SetPriority  stm32f1xx_hal_cortex.o
    0x080045a2   0x080045a2   0x0000000a   Code   RO         5250    i.__mathlib_flt_divzero  m_ws.l(funder.o)
    0x080045ac   0x080045ac   0x00000006   Code   RO         5251    i.__mathlib_flt_infnan  m_ws.l(funder.o)
    0x080045b2   0x080045b2   0x00000004   Code   RO         5252    i.__mathlib_flt_infnan2  m_ws.l(funder.o)
    0x080045b6   0x080045b6   0x00000008   Code   RO         5253    i.__mathlib_flt_invalid  m_ws.l(funder.o)
    0x080045be   0x080045be   0x0000000a   Code   RO         5254    i.__mathlib_flt_overflow  m_ws.l(funder.o)
    0x080045c8   0x080045c8   0x0000000a   Code   RO         5256    i.__mathlib_flt_underflow  m_ws.l(funder.o)
    0x080045d2   0x080045d2   0x0000000e   Code   RO         5338    i.__scatterload_copy  mc_w.l(handlers.o)
    0x080045e0   0x080045e0   0x00000002   Code   RO         5339    i.__scatterload_null  mc_w.l(handlers.o)
    0x080045e2   0x080045e2   0x0000000e   Code   RO         5340    i.__scatterload_zeroinit  mc_w.l(handlers.o)
    0x080045f0   0x080045f0   0x0000000c   Code   RO         5285    i.__set_errno       mc_w.l(errno.o)
    0x080045fc   0x080045fc   0x00000184   Code   RO         5181    i._fp_digits        mc_w.l(printfa.o)
    0x08004780   0x08004780   0x000006dc   Code   RO         5182    i._printf_core      mc_w.l(printfa.o)
    0x08004e5c   0x08004e5c   0x00000024   Code   RO         5183    i._printf_post_padding  mc_w.l(printfa.o)
    0x08004e80   0x08004e80   0x0000002e   Code   RO         5184    i._printf_pre_padding  mc_w.l(printfa.o)
    0x08004eae   0x08004eae   0x00000002   PAD
    0x08004eb0   0x08004eb0   0x00000124   Code   RO         4887    i.asinf             m_ws.l(asinf.o)
    0x08004fd4   0x08004fd4   0x0000025c   Code   RO         4895    i.atan2f            m_ws.l(atan2f.o)
    0x08005230   0x08005230   0x00000050   Code   RO         3904    i.bmp280_GetAltitude  bmp280.o
    0x08005280   0x08005280   0x00000184   Code   RO         3905    i.bmp280_GetPressure  bmp280.o
    0x08005404   0x08005404   0x00000018   Code   RO         3906    i.bmp280_GetRelativeAltitude  bmp280.o
    0x0800541c   0x0800541c   0x00000040   Code   RO         3907    i.bmp280_GetTemperature  bmp280.o
    0x0800545c   0x0800545c   0x000000a8   Code   RO         3908    i.bmp280_Init       bmp280.o
    0x08005504   0x08005504   0x00000052   Code   RO         3909    i.bmp280_MultipleReadThree  bmp280.o
    0x08005556   0x08005556   0x00000044   Code   RO         3910    i.bmp280_MultipleReadTwo  bmp280.o
    0x0800559a   0x0800559a   0x00000002   PAD
    0x0800559c   0x0800559c   0x0000000c   Code   RO         3914    i.bmp280_Read_RelativeAltitude  bmp280.o
    0x080055a8   0x080055a8   0x00000034   Code   RO         3916    i.bmp280_SetRelativeZero  bmp280.o
    0x080055dc   0x080055dc   0x00000036   Code   RO         3917    i.bmp280_WriteByte  bmp280.o
    0x08005612   0x08005612   0x00000002   PAD
    0x08005614   0x08005614   0x00000014   Code   RO          410    i.fputc             usart.o
    0x08005628   0x08005628   0x000000a4   Code   RO           15    i.main              main.o
    0x080056cc   0x080056cc   0x00000620   Code   RO         4911    i.powf              m_ws.l(powf.o)
    0x08005cec   0x08005cec   0x000000e2   Code   RO         4409    i.quat_derivative   imu.o
    0x08005dce   0x08005dce   0x0000008e   Code   RO         4410    i.quat_normalize    imu.o
    0x08005e5c   0x08005e5c   0x00000140   Code   RO         4411    i.quat_to_euler_deg  imu.o
    0x08005f9c   0x08005f9c   0x0000002c   Code   RO         4921    i.sqrtf             m_ws.l(sqrtf.o)
    0x08005fc8   0x08005fc8   0x00000012   Data   RO         1158    .constdata          stm32f1xx_hal_rcc.o
    0x08005fda   0x08005fda   0x00000010   Data   RO         3607    .constdata          system_stm32f1xx.o
    0x08005fea   0x08005fea   0x00000008   Data   RO         3608    .constdata          system_stm32f1xx.o
    0x08005ff2   0x08005ff2   0x00000002   PAD
    0x08005ff4   0x08005ff4   0x00000140   Data   RO         4912    .constdata          m_ws.l(powf.o)
    0x08006134   0x08006134   0x00000020   Data   RO         5336    Region$$Table       anon$$obj.o


    Execution Region RW_IRAM1 (Exec base: 0x20000000, Load base: 0x08006154, Size: 0x00000a30, Max: 0x00005000, ABSOLUTE)

    Exec Addr    Load Addr    Size         Type   Attr      Idx    E Section Name        Object

    0x20000000   0x08006154   0x0000000c   Data   RW          995    .data               stm32f1xx_hal.o
    0x2000000c   0x08006160   0x00000004   Data   RW         3609    .data               system_stm32f1xx.o
    0x20000010   0x08006164   0x00000008   Data   RW         3688    .data               mpu6050.o
    0x20000018   0x0800616c   0x0000000a   Data   RW         3807    .data               nrf24l01.o
    0x20000022   0x08006176   0x00000002   PAD
    0x20000024   0x08006178   0x00000034   Data   RW         3918    .data               bmp280.o
    0x20000058   0x080061ac   0x00000006   Data   RW         4021    .data               send_receive_data.o
    0x2000005e   0x080061b2   0x00000002   PAD
    0x20000060   0x080061b4   0x0000002c   Data   RW         4081    .data               body_control.o
    0x2000008c   0x080061e0   0x00000004   Data   RW         4324    .data               pid.o
    0x20000090   0x080061e4   0x00000028   Data   RW         4414    .data               imu.o
    0x200000b8   0x0800620c   0x00000001   Data   RW         4621    .data               all_data.o
    0x200000b9   0x0800620d   0x00000001   PAD
    0x200000ba   0x0800620e   0x00000008   Data   RW         4622    .data               all_data.o
    0x200000c2   0x08006216   0x00000002   PAD
    0x200000c4   0x08006218   0x00000004   Data   RW         4623    .data               all_data.o
    0x200000c8   0x0800621c   0x00000018   Data   RW         4656    .data               run.o
    0x200000e0   0x08006234   0x00000004   Data   RW         5278    .data               mc_w.l(stdout.o)
    0x200000e4   0x08006238   0x00000004   Data   RW         5286    .data               mc_w.l(errno.o)
    0x200000e8        -       0x00000030   Zero   RW          253    .bss                adc.o
    0x20000118        -       0x00000058   Zero   RW          295    .bss                spi.o
    0x20000170        -       0x00000120   Zero   RW          342    .bss                tim.o
    0x20000290        -       0x00000048   Zero   RW          411    .bss                usart.o
    0x200002d8        -       0x0000001c   Zero   RW         3684    .bss                mpu6050.o
    0x200002f4        -       0x000001d4   Zero   RW         4074    .bss                body_control.o
    0x200004c8        -       0x00000028   Zero   RW         4412    .bss                imu.o
    0x200004f0        -       0x00000020   Zero   RW         4610    .bss                all_data.o
    0x20000510        -       0x00000020   Zero   RW         4611    .bss                all_data.o
    0x20000530        -       0x00000014   Zero   RW         4612    .bss                all_data.o
    0x20000544        -       0x0000001c   Zero   RW         4613    .bss                all_data.o
    0x20000560        -       0x0000000c   Zero   RW         4614    .bss                all_data.o
    0x2000056c        -       0x0000000c   Zero   RW         4615    .bss                all_data.o
    0x20000578        -       0x00000010   Zero   RW         4616    .bss                all_data.o
    0x20000588        -       0x00000058   Zero   RW         4733    .bss                tack_dispatch.o
    0x200005e0        -       0x00000050   Zero   RW         4828    .bss                task.o
    0x20000630        -       0x00000400   Zero   RW            1    STACK               startup_stm32f103xb.o


==============================================================================

Image component sizes


      Code (inc. data)   RO Data    RW Data    ZI Data      Debug   Object Name

       168         22          0          0         48       1761   adc.o
         0          0          0         13        152       2764   all_data.o
      1014         68          0         52          0       7875   bmp280.o
       944        128          0         44        468      10806   body_control.o
       232         14          0          0          0       1019   gpio.o
       556         46          0          0          0       5647   iic.o
      1536         66          0         40         40       6982   imu.o
       286         20          0          0          0     455140   main.o
      1294        106          0          8         28       9243   mpu6050.o
       860         98          0         10          0       7912   nrf24l01.o
       432          6          0          4          0       2221   pid.o
       280         60          0         24          0       3505   run.o
       484         86          0          6          0       3408   send_receive_data.o
       188         24          0          0         88       1765   spi.o
        36          8        236          0       1024        816   startup_stm32f103xb.o
       164         28          0         12          0       6049   stm32f1xx_hal.o
       944         42          0          0          0       5536   stm32f1xx_hal_adc.o
       198         14          0          0          0      29055   stm32f1xx_hal_cortex.o
       500         34          0          0          0       3583   stm32f1xx_hal_gpio.o
         0          0          0          0          0     442828   stm32f1xx_hal_gpio_ex.o
        60          8          0          0          0        930   stm32f1xx_hal_msp.o
      1240         84         18          0          0       5220   stm32f1xx_hal_rcc.o
       236         12          0          0          0       1420   stm32f1xx_hal_rcc_ex.o
       910          4          0          0          0       4757   stm32f1xx_hal_spi.o
      1818         70          0          0          0      17219   stm32f1xx_hal_tim.o
       192         12          0          0          0       3277   stm32f1xx_hal_tim_ex.o
       284          6          0          0          0       1984   stm32f1xx_hal_uart.o
        44         12          0          0          0       5041   stm32f1xx_it.o
         2          0         24          4          0       1167   system_stm32f1xx.o
       596         38          0          0         88       6132   tack_dispatch.o
       266          8          0          0         80       3625   task.o
       956         84          0          0        288       5508   tim.o
       188         26          0          0         72       2298   usart.o

    ----------------------------------------------------------------------
     16948       1234        312        224       2376    1066493   Object Totals
         0          0         32          0          0          0   (incl. Generated)
        40          0          2          7          0          0   (incl. Padding)

    ----------------------------------------------------------------------

      Code (inc. data)   RO Data    RW Data    ZI Data      Debug   Library Member Name

       292         38          0          0          0        120   asinf.o
       604         76          0          0          0        116   atan2f.o
        38          0          0          0          0         68   fpclassifyf.o
        48          0          0          0          0        408   funder.o
      1568         80        320          0          0        224   powf.o
        44          0          0          0          0         80   sqrtf.o
         0          0          0          0          0          0   entry.o
         0          0          0          0          0          0   entry10a.o
         0          0          0          0          0          0   entry11a.o
         8          4          0          0          0          0   entry2.o
         4          0          0          0          0          0   entry5.o
         0          0          0          0          0          0   entry7b.o
         0          0          0          0          0          0   entry8b.o
         8          4          0          0          0          0   entry9a.o
        12          6          0          4          0         68   errno.o
        30          0          0          0          0          0   handlers.o
        36          8          0          0          0         68   init.o
         0          0          0          0          0          0   iusefp.o
        98          0          0          0          0         84   ldiv.o
        30          0          0          0          0         68   llshl.o
        36          0          0          0          0         68   llsshr.o
        32          0          0          0          0         68   llushr.o
        36          0          0          0          0         68   memcpya.o
        36          0          0          0          0        108   memseta.o
      2258         90          0          0          0        452   printfa.o
         0          0          0          4          0          0   stdout.o
        44          0          0          0          0         80   uidiv.o
        98          0          0          0          0         92   uldiv.o
        48          0          0          0          0         68   cdrcmple.o
        20          0          0          0          0         68   cfcmple.o
        20          0          0          0          0         68   cfrcmple.o
       334          0          0          0          0        148   dadd.o
       222          0          0          0          0        100   ddiv.o
       186          0          0          0          0        176   depilogue.o
        48          0          0          0          0         68   dfixul.o
       228          0          0          0          0         96   dmul.o
        38          0          0          0          0         68   f2d.o
       176          0          0          0          0        140   fadd.o
       124          0          0          0          0         88   fdiv.o
       110          0          0          0          0        168   fepilogue.o
        50          0          0          0          0         68   ffixi.o
        76          0          0          0          0         76   ffixir.o
        40          0          0          0          0         68   ffixui.o
        18          0          0          0          0         68   fflti.o
        10          0          0          0          0         68   ffltui.o
       100          0          0          0          0         76   fmul.o
         4          0          0          0          0         68   fpstat.o
        24          0          0          0          0         68   fscalb.o
        94          0          0          0          0         96   fsqrt.o

    ----------------------------------------------------------------------
      7336        306        320          8          0       4152   Library Totals
         6          0          0          0          0          0   (incl. Padding)

    ----------------------------------------------------------------------

      Code (inc. data)   RO Data    RW Data    ZI Data      Debug   Library Name

      2594        194        320          0          0       1016   m_ws.l
      2766        112          0          8          0       1224   mc_w.l
      1970          0          0          0          0       1912   mf_w.l

    ----------------------------------------------------------------------
      7336        306        320          8          0       4152   Library Totals

    ----------------------------------------------------------------------

==============================================================================


      Code (inc. data)   RO Data    RW Data    ZI Data      Debug   

     24284       1540        632        232       2376    1059773   Grand Totals
     24284       1540        632        232       2376    1059773   ELF Image Totals
     24284       1540        632        232          0          0   ROM Totals

==============================================================================

    Total RO  Size (Code + RO Data)                24916 (  24.33kB)
    Total RW  Size (RW Data + ZI Data)              2608 (   2.55kB)
    Total ROM Size (Code + RO Data + RW Data)      25148 (  24.56kB)

==============================================================================

